Archive member included to satisfy reference by file (symbol)

c:/program files (x86)/gnu tools arm embedded/8 2019-q3-update/bin/../lib/gcc/arm-none-eabi/8.3.1/../../../../arm-none-eabi/lib/thumb/v7e-m+fp/hard\libc_nano.a(lib_a-exit.o)
                              c:/program files (x86)/gnu tools arm embedded/8 2019-q3-update/bin/../lib/gcc/arm-none-eabi/8.3.1/../../../../arm-none-eabi/lib/thumb/v7e-m+fp/hard/crt0.o (exit)
c:/program files (x86)/gnu tools arm embedded/8 2019-q3-update/bin/../lib/gcc/arm-none-eabi/8.3.1/../../../../arm-none-eabi/lib/thumb/v7e-m+fp/hard\libc_nano.a(lib_a-impure.o)
                              c:/program files (x86)/gnu tools arm embedded/8 2019-q3-update/bin/../lib/gcc/arm-none-eabi/8.3.1/../../../../arm-none-eabi/lib/thumb/v7e-m+fp/hard\libc_nano.a(lib_a-exit.o) (_global_impure_ptr)
c:/program files (x86)/gnu tools arm embedded/8 2019-q3-update/bin/../lib/gcc/arm-none-eabi/8.3.1/../../../../arm-none-eabi/lib/thumb/v7e-m+fp/hard\libc_nano.a(lib_a-init.o)
                              c:/program files (x86)/gnu tools arm embedded/8 2019-q3-update/bin/../lib/gcc/arm-none-eabi/8.3.1/../../../../arm-none-eabi/lib/thumb/v7e-m+fp/hard/crt0.o (__libc_init_array)
c:/program files (x86)/gnu tools arm embedded/8 2019-q3-update/bin/../lib/gcc/arm-none-eabi/8.3.1/../../../../arm-none-eabi/lib/thumb/v7e-m+fp/hard\libc_nano.a(lib_a-memset.o)
                              c:/program files (x86)/gnu tools arm embedded/8 2019-q3-update/bin/../lib/gcc/arm-none-eabi/8.3.1/../../../../arm-none-eabi/lib/thumb/v7e-m+fp/hard/crt0.o (memset)
c:/program files (x86)/gnu tools arm embedded/8 2019-q3-update/bin/../lib/gcc/arm-none-eabi/8.3.1/../../../../arm-none-eabi/lib/thumb/v7e-m+fp/hard\libc_nano.a(lib_a-printf.o)
                              build/main.o (printf)
c:/program files (x86)/gnu tools arm embedded/8 2019-q3-update/bin/../lib/gcc/arm-none-eabi/8.3.1/../../../../arm-none-eabi/lib/thumb/v7e-m+fp/hard\libc_nano.a(lib_a-puts.o)
                              build/main.o (puts)
c:/program files (x86)/gnu tools arm embedded/8 2019-q3-update/bin/../lib/gcc/arm-none-eabi/8.3.1/../../../../arm-none-eabi/lib/thumb/v7e-m+fp/hard\libc_nano.a(lib_a-wbuf.o)
                              c:/program files (x86)/gnu tools arm embedded/8 2019-q3-update/bin/../lib/gcc/arm-none-eabi/8.3.1/../../../../arm-none-eabi/lib/thumb/v7e-m+fp/hard\libc_nano.a(lib_a-puts.o) (__swbuf_r)
c:/program files (x86)/gnu tools arm embedded/8 2019-q3-update/bin/../lib/gcc/arm-none-eabi/8.3.1/../../../../arm-none-eabi/lib/thumb/v7e-m+fp/hard\libc_nano.a(lib_a-wsetup.o)
                              c:/program files (x86)/gnu tools arm embedded/8 2019-q3-update/bin/../lib/gcc/arm-none-eabi/8.3.1/../../../../arm-none-eabi/lib/thumb/v7e-m+fp/hard\libc_nano.a(lib_a-puts.o) (__swsetup_r)
c:/program files (x86)/gnu tools arm embedded/8 2019-q3-update/bin/../lib/gcc/arm-none-eabi/8.3.1/../../../../arm-none-eabi/lib/thumb/v7e-m+fp/hard\libc_nano.a(lib_a-fflush.o)
                              c:/program files (x86)/gnu tools arm embedded/8 2019-q3-update/bin/../lib/gcc/arm-none-eabi/8.3.1/../../../../arm-none-eabi/lib/thumb/v7e-m+fp/hard\libc_nano.a(lib_a-wbuf.o) (_fflush_r)
c:/program files (x86)/gnu tools arm embedded/8 2019-q3-update/bin/../lib/gcc/arm-none-eabi/8.3.1/../../../../arm-none-eabi/lib/thumb/v7e-m+fp/hard\libc_nano.a(lib_a-findfp.o)
                              c:/program files (x86)/gnu tools arm embedded/8 2019-q3-update/bin/../lib/gcc/arm-none-eabi/8.3.1/../../../../arm-none-eabi/lib/thumb/v7e-m+fp/hard\libc_nano.a(lib_a-printf.o) (__sinit)
c:/program files (x86)/gnu tools arm embedded/8 2019-q3-update/bin/../lib/gcc/arm-none-eabi/8.3.1/../../../../arm-none-eabi/lib/thumb/v7e-m+fp/hard\libc_nano.a(lib_a-fwalk.o)
                              c:/program files (x86)/gnu tools arm embedded/8 2019-q3-update/bin/../lib/gcc/arm-none-eabi/8.3.1/../../../../arm-none-eabi/lib/thumb/v7e-m+fp/hard\libc_nano.a(lib_a-findfp.o) (_fwalk)
c:/program files (x86)/gnu tools arm embedded/8 2019-q3-update/bin/../lib/gcc/arm-none-eabi/8.3.1/../../../../arm-none-eabi/lib/thumb/v7e-m+fp/hard\libc_nano.a(lib_a-lock.o)
                              c:/program files (x86)/gnu tools arm embedded/8 2019-q3-update/bin/../lib/gcc/arm-none-eabi/8.3.1/../../../../arm-none-eabi/lib/thumb/v7e-m+fp/hard\libc_nano.a(lib_a-findfp.o) (__retarget_lock_init_recursive)
c:/program files (x86)/gnu tools arm embedded/8 2019-q3-update/bin/../lib/gcc/arm-none-eabi/8.3.1/../../../../arm-none-eabi/lib/thumb/v7e-m+fp/hard\libc_nano.a(lib_a-makebuf.o)
                              c:/program files (x86)/gnu tools arm embedded/8 2019-q3-update/bin/../lib/gcc/arm-none-eabi/8.3.1/../../../../arm-none-eabi/lib/thumb/v7e-m+fp/hard\libc_nano.a(lib_a-wsetup.o) (__smakebuf_r)
c:/program files (x86)/gnu tools arm embedded/8 2019-q3-update/bin/../lib/gcc/arm-none-eabi/8.3.1/../../../../arm-none-eabi/lib/thumb/v7e-m+fp/hard\libc_nano.a(lib_a-nano-freer.o)
[...]
Memory Configuration

Name             Origin             Length             Attributes
RAM              0x20000000         0x00018000         xrw
CCMRAM           0x10000000         0x00010000         rw
FLASH            0x08000000         0x00080000         xr
*default*        0x00000000         0xffffffff

Linker script and memory map

LOAD c:/program files (x86)/gnu tools arm embedded/8 2019-q3-update/bin/../lib/gcc/arm-none-eabi/8.3.1/thumb/v7e-m+fp/hard/crti.o
LOAD c:/program files (x86)/gnu tools arm embedded/8 2019-q3-update/bin/../lib/gcc/arm-none-eabi/8.3.1/thumb/v7e-m+fp/hard/crtbegin.o
LOAD c:/program files (x86)/gnu tools arm embedded/8 2019-q3-update/bin/../lib/gcc/arm-none-eabi/8.3.1/../../../../arm-none-eabi/lib/thumb/v7e-m+fp/hard/crt0.o
LOAD build/main.o
LOAD build/stm32f4xx_it.o
LOAD build/stm32f4xx_hal_msp.o
LOAD build/stm32f4xx_hal_timebase_TIM.o
LOAD build/stm32f4xx_ll_fsmc.o
LOAD build/stm32f4xx_hal_sram.o
LOAD build/stm32f4xx_hal_rtc.o
LOAD build/stm32f4xx_hal_rtc_ex.o
LOAD build/stm32f4xx_hal_tim.o
LOAD build/stm32f4xx_hal_tim_ex.o
LOAD build/stm32f4xx_hal_rcc.o
LOAD build/stm32f4xx_hal_rcc_ex.o
LOAD build/stm32f4xx_hal_flash.o
LOAD build/stm32f4xx_hal_flash_ex.o
LOAD build/stm32f4xx_hal_flash_ramfunc.o
LOAD build/stm32f4xx_hal_gpio.o
LOAD build/stm32f4xx_hal_dma_ex.o
LOAD build/stm32f4xx_hal_dma.o
LOAD build/stm32f4xx_hal_sd.o
LOAD build/stm32f4xx_ll_sdmmc.o
LOAD build/stm32f4xx_hal_spi.o
LOAD build/stm32f4xx_hal_uart.o
LOAD build/stm32f4xx_hal_pwr.o
LOAD build/stm32f4xx_hal_pwr_ex.o
LOAD build/stm32f4xx_hal_cortex.o
LOAD build/stm32f4xx_hal.o
LOAD build/stm32_adafruit_lcd.o
LOAD build/ili9488.o
LOAD build/lcd_io_fsmc16.o
LOAD build/font8.o
LOAD build/usart.o
LOAD build/fatfs.o
LOAD build/bsp_driver_sd.o
LOAD build/sd_diskio.o
LOAD build/ff_gen_drv.o
LOAD build/ff.o
LOAD build/diskio.o
LOAD build/syscall.o
LOAD build/ccsbcs.o
LOAD build/flash_file.o
LOAD build/firmware.o
LOAD build/crc32.o
LOAD build/system_stm32f4xx.o
LOAD build/startup_stm32f407xx.o
LOAD c:/program files (x86)/gnu tools arm embedded/8 2019-q3-update/bin/../lib/gcc/arm-none-eabi/8.3.1/../../../../arm-none-eabi/lib/thumb/v7e-m+fp/hard\libc_nano.a
LOAD c:/program files (x86)/gnu tools arm embedded/8 2019-q3-update/bin/../lib/gcc/arm-none-eabi/8.3.1/../../../../arm-none-eabi/lib/thumb/v7e-m+fp/hard\libm.a
LOAD c:/program files (x86)/gnu tools arm embedded/8 2019-q3-update/bin/../lib/gcc/arm-none-eabi/8.3.1/../../../../arm-none-eabi/lib/thumb/v7e-m+fp/hard\libnosys.a
START GROUP
LOAD c:/program files (x86)/gnu tools arm embedded/8 2019-q3-update/bin/../lib/gcc/arm-none-eabi/8.3.1/thumb/v7e-m+fp/hard\libgcc.a
LOAD c:/program files (x86)/gnu tools arm embedded/8 2019-q3-update/bin/../lib/gcc/arm-none-eabi/8.3.1/../../../../arm-none-eabi/lib/thumb/v7e-m+fp/hard\libc_nano.a
END GROUP
START GROUP
LOAD c:/program files (x86)/gnu tools arm embedded/8 2019-q3-update/bin/../lib/gcc/arm-none-eabi/8.3.1/thumb/v7e-m+fp/hard\libgcc.a
LOAD c:/program files (x86)/gnu tools arm embedded/8 2019-q3-update/bin/../lib/gcc/arm-none-eabi/8.3.1/../../../../arm-none-eabi/lib/thumb/v7e-m+fp/hard\libc_nano.a
END GROUP
LOAD c:/program files (x86)/gnu tools arm embedded/8 2019-q3-update/bin/../lib/gcc/arm-none-eabi/8.3.1/thumb/v7e-m+fp/hard/crtend.o
LOAD c:/program files (x86)/gnu tools arm embedded/8 2019-q3-update/bin/../lib/gcc/arm-none-eabi/8.3.1/thumb/v7e-m+fp/hard/crtn.o
                0x20018000                _estack = 0x20018000
                0x00000200                _Min_Heap_Size = 0x200
                0x00000800                _Min_Stack_Size = 0x800

.isr_vector     0x08000000      0x188
                0x08000000                . = ALIGN (0x4)
 *(.isr_vector)
 .isr_vector    0x08000000      0x188 build/startup_stm32f407xx.o
                0x08000000                g_pfnVectors
                0x08000188                . = ALIGN (0x4)

.text           0x08000190     0x7580
                0x08000190                . = ALIGN (0x4)
 *(.text)
 .text          0x08000190       0x40 c:/program files (x86)/gnu tools arm embedded/8 2019-q3-update/bin/../lib/gcc/arm-none-eabi/8.3.1/thumb/v7e-m+fp/hard/crtbegin.o
 .text          0x080001d0       0xa0 c:/program files (x86)/gnu tools arm embedded/8 2019-q3-update/bin/../lib/gcc/arm-none-eabi/8.3.1/../../../../arm-none-eabi/lib/thumb/v7e-m+fp/hard\libc_nano.a(lib_a-memchr.o)
                0x080001d0                memchr
 .text          0x08000270       0x30 c:/program files (x86)/gnu tools arm embedded/8 2019-q3-update/bin/../lib/gcc/arm-none-eabi/8.3.1/thumb/v7e-m+fp/hard\libgcc.a(_aeabi_uldivmod.o)
                0x08000270                __aeabi_uldivmod
 .text          0x080002a0      0x2d0 c:/program files (x86)/gnu tools arm embedded/8 2019-q3-update/bin/../lib/gcc/arm-none-eabi/8.3.1/thumb/v7e-m+fp/hard\libgcc.a(_udivmoddi4.o)
                0x080002a0                __udivmoddi4
 .text          0x08000570        0x4 c:/program files (x86)/gnu tools arm embedded/8 2019-q3-update/bin/../lib/gcc/arm-none-eabi/8.3.1/thumb/v7e-m+fp/hard\libgcc.a(_dvmd_tls.o)
                0x08000570                __aeabi_idiv0
                0x08000570                __aeabi_ldiv0
 *(.text*)
 .text.JumpToApplication
                0x08000574       0x34 build/main.o
 .text.MX_SDIO_SD_Init
                0x080005a8       0x20 build/main.o
 .text.MX_GPIO_Init
                0x080005c8       0xd0 build/main.o
 .text.HAL_TIM_PeriodElapsedCallback
                0x08000698       0x18 build/main.o
                0x08000698                HAL_TIM_PeriodElapsedCallback
 .text._Error_Handler
                0x080006b0        0x2 build/main.o
                0x080006b0                _Error_Handler
 *fill*         0x080006b2        0x2 
 .text.MX_USART1_UART_Init
                0x080006b4       0x3c build/main.o
 .text.MX_FSMC_Init
                0x080006f0       0x70 build/main.o
 .text.SystemClock_Config
                0x08000760       0xe8 build/main.o
                0x08000760                SystemClock_Config
 .text.main     0x08000848      0x154 build/main.o
                0x08000848                main
 .text.NMI_Handler
                0x0800099c        0x2 build/stm32f4xx_it.o
                0x0800099c                NMI_Handler
 *fill*         0x0800099e        0x2 
 .text.hard_fault_handler_c
                0x080009a0       0xf4 build/stm32f4xx_it.o
                0x080009a0                hard_fault_handler_c
 .text.HardFault_Handler
                0x08000a94       0x2c build/stm32f4xx_it.o
                0x08000a94                HardFault_Handler
 .text.MemManage_Handler
                0x08000ac0        0x2 build/stm32f4xx_it.o
                0x08000ac0                MemManage_Handler
 .text.BusFault_Handler
                0x08000ac2        0x2 build/stm32f4xx_it.o
                0x08000ac2                BusFault_Handler
 .text.UsageFault_Handler
                0x08000ac4        0x2 build/stm32f4xx_it.o
                0x08000ac4                UsageFault_Handler
 .text.SVC_Handler
                0x08000ac6        0x2 build/stm32f4xx_it.o
                0x08000ac6                SVC_Handler
 .text.DebugMon_Handler
                0x08000ac8        0x2 build/stm32f4xx_it.o
                0x08000ac8                DebugMon_Handler
 .text.PendSV_Handler
                0x08000aca        0x2 build/stm32f4xx_it.o
                0x08000aca                PendSV_Handler
 .text.SysTick_Handler
                0x08000acc        0x8 build/stm32f4xx_it.o
                0x08000acc                SysTick_Handler
 .text.TIM6_DAC_IRQHandler
                0x08000ad4       0x10 build/stm32f4xx_it.o
                0x08000ad4                TIM6_DAC_IRQHandler
 .text.SDIO_IRQHandler
                0x08000ae4       0x10 build/stm32f4xx_it.o
                0x08000ae4                SDIO_IRQHandler
 .text.DMA2_Stream3_IRQHandler
                0x08000af4       0x10 build/stm32f4xx_it.o
                0x08000af4                DMA2_Stream3_IRQHandler
 .text.DMA2_Stream6_IRQHandler
                0x08000b04       0x10 build/stm32f4xx_it.o
                0x08000b04                DMA2_Stream6_IRQHandler
 .text.HAL_FSMC_MspInit
                0x08000b14       0x70 build/stm32f4xx_hal_msp.o
 .text.HAL_MspInit
                0x08000b84       0x38 build/stm32f4xx_hal_msp.o
                0x08000b84                HAL_MspInit
 .text.HAL_SD_MspInit
                0x08000bbc       0xc8 build/stm32f4xx_hal_msp.o
                0x08000bbc                HAL_SD_MspInit
 .text.HAL_SD_MspDeInit
                0x08000c84       0x3c build/stm32f4xx_hal_msp.o
                0x08000c84                HAL_SD_MspDeInit
 .text.HAL_UART_MspInit
                0x08000cc0      0x138 build/stm32f4xx_hal_msp.o
                0x08000cc0                HAL_UART_MspInit
 .text.HAL_SRAM_MspInit
                0x08000df8        0x8 build/stm32f4xx_hal_msp.o
                0x08000df8                HAL_SRAM_MspInit
 .text.HAL_InitTick
                0x08000e00       0x7c build/stm32f4xx_hal_timebase_TIM.o
                0x08000e00                HAL_InitTick
 .text.FSMC_NORSRAM_Init
                0x08000e7c       0x58 build/stm32f4xx_ll_fsmc.o
                0x08000e7c                FSMC_NORSRAM_Init
 .text.FSMC_NORSRAM_Timing_Init
                0x08000ed4       0x40 build/stm32f4xx_ll_fsmc.o
                0x08000ed4                FSMC_NORSRAM_Timing_Init
 .text.FSMC_NORSRAM_Extended_Timing_Init
                0x08000f14       0x44 build/stm32f4xx_ll_fsmc.o
                0x08000f14                FSMC_NORSRAM_Extended_Timing_Init
 .text.HAL_SRAM_Init
                0x08000f58       0x52 build/stm32f4xx_hal_sram.o
                0x08000f58                HAL_SRAM_Init
 .text.HAL_TIM_Base_MspInit
                0x08000faa        0x2 build/stm32f4xx_hal_tim.o
                0x08000faa                HAL_TIM_Base_MspInit
 .text.HAL_TIM_Base_Start_IT
                0x08000fac       0x18 build/stm32f4xx_hal_tim.o
                0x08000fac                HAL_TIM_Base_Start_IT
 .text.HAL_TIM_OC_DelayElapsedCallback
                0x08000fc4        0x2 build/stm32f4xx_hal_tim.o
                0x08000fc4                HAL_TIM_OC_DelayElapsedCallback
 .text.HAL_TIM_IC_CaptureCallback
                0x08000fc6        0x2 build/stm32f4xx_hal_tim.o
                0x08000fc6                HAL_TIM_IC_CaptureCallback
 .text.HAL_TIM_PWM_PulseFinishedCallback
                0x08000fc8        0x2 build/stm32f4xx_hal_tim.o
                0x08000fc8                HAL_TIM_PWM_PulseFinishedCallback
 .text.HAL_TIM_TriggerCallback
                0x08000fca        0x2 build/stm32f4xx_hal_tim.o
                0x08000fca                HAL_TIM_TriggerCallback
 .text.HAL_TIM_IRQHandler
                0x08000fcc      0x17a build/stm32f4xx_hal_tim.o
                0x08000fcc                HAL_TIM_IRQHandler
 *fill*         0x08001146        0x2 
 .text.TIM_Base_SetConfig
                0x08001148       0xc0 build/stm32f4xx_hal_tim.o
                0x08001148                TIM_Base_SetConfig
 .text.HAL_TIM_Base_Init
                0x08001208       0x34 build/stm32f4xx_hal_tim.o
                0x08001208                HAL_TIM_Base_Init
 .text.HAL_TIMEx_CommutationCallback
                0x0800123c        0x2 build/stm32f4xx_hal_tim_ex.o
                0x0800123c                HAL_TIMEx_CommutationCallback
 .text.HAL_TIMEx_BreakCallback
                0x0800123e        0x2 build/stm32f4xx_hal_tim_ex.o
                0x0800123e                HAL_TIMEx_BreakCallback
 .text.HAL_RCC_OscConfig
                0x08001240      0x398 build/stm32f4xx_hal_rcc.o
                0x08001240                HAL_RCC_OscConfig
 .text.HAL_RCC_GetSysClockFreq
                0x080015d8       0xd4 build/stm32f4xx_hal_rcc.o
                0x080015d8                HAL_RCC_GetSysClockFreq
 .text.HAL_RCC_ClockConfig
                0x080016ac      0x15c build/stm32f4xx_hal_rcc.o
                0x080016ac                HAL_RCC_ClockConfig
 .text.HAL_RCC_GetHCLKFreq
                0x08001808        0xc build/stm32f4xx_hal_rcc.o
                0x08001808                HAL_RCC_GetHCLKFreq
 .text.HAL_RCC_GetPCLK1Freq
                0x08001814       0x20 build/stm32f4xx_hal_rcc.o
                0x08001814                HAL_RCC_GetPCLK1Freq
 .text.HAL_RCC_GetPCLK2Freq
                0x08001834       0x20 build/stm32f4xx_hal_rcc.o
                0x08001834                HAL_RCC_GetPCLK2Freq
 .text.HAL_RCC_GetClockConfig
                0x08001854       0x3c build/stm32f4xx_hal_rcc.o
                0x08001854                HAL_RCC_GetClockConfig
 .text.HAL_RCCEx_PeriphCLKConfig
                0x08001890      0x154 build/stm32f4xx_hal_rcc_ex.o
                0x08001890                HAL_RCCEx_PeriphCLKConfig
 .text.HAL_RCC_DeInit
                0x080019e4      0x13c build/stm32f4xx_hal_rcc_ex.o
                0x080019e4                HAL_RCC_DeInit
 .text.FLASH_Program_DoubleWord
                0x08001b20       0x2c build/stm32f4xx_hal_flash.o
 .text.FLASH_Program_Word
                0x08001b4c       0x24 build/stm32f4xx_hal_flash.o
 .text.FLASH_Program_HalfWord
                0x08001b70       0x24 build/stm32f4xx_hal_flash.o
 .text.FLASH_Program_Byte
                0x08001b94       0x20 build/stm32f4xx_hal_flash.o
 .text.FLASH_SetErrorCode
                0x08001bb4       0x8c build/stm32f4xx_hal_flash.o
 .text.HAL_FLASH_Unlock
                0x08001c40       0x30 build/stm32f4xx_hal_flash.o
                0x08001c40                HAL_FLASH_Unlock
 .text.HAL_FLASH_Lock
                0x08001c70       0x14 build/stm32f4xx_hal_flash.o
                0x08001c70                HAL_FLASH_Lock
 .text.FLASH_WaitForLastOperation
                0x08001c84       0x60 build/stm32f4xx_hal_flash.o
                0x08001c84                FLASH_WaitForLastOperation
 .text.HAL_FLASH_Program
                0x08001ce4       0x80 build/stm32f4xx_hal_flash.o
                0x08001ce4                HAL_FLASH_Program
 .text.FLASH_MassErase
                0x08001d64       0x24 build/stm32f4xx_hal_flash_ex.o
 .text.FLASH_Erase_Sector
                0x08001d88       0x58 build/stm32f4xx_hal_flash_ex.o
                0x08001d88                FLASH_Erase_Sector
 .text.FLASH_FlushCaches
                0x08001de0       0x60 build/stm32f4xx_hal_flash_ex.o
                0x08001de0                FLASH_FlushCaches
 .text.HAL_FLASHEx_Erase
                0x08001e40       0x94 build/stm32f4xx_hal_flash_ex.o
                0x08001e40                HAL_FLASHEx_Erase
 .text.HAL_GPIO_Init
                0x08001ed4      0x1c8 build/stm32f4xx_hal_gpio.o
                0x08001ed4                HAL_GPIO_Init
 .text.HAL_GPIO_DeInit
                0x0800209c      0x120 build/stm32f4xx_hal_gpio.o
                0x0800209c                HAL_GPIO_DeInit
 .text.HAL_GPIO_ReadPin
                0x080021bc        0xe build/stm32f4xx_hal_gpio.o
                0x080021bc                HAL_GPIO_ReadPin
 .text.HAL_GPIO_WritePin
                0x080021ca        0xc build/stm32f4xx_hal_gpio.o
                0x080021ca                HAL_GPIO_WritePin
 .text.HAL_DMA_Abort_IT
                0x080021d6       0x26 build/stm32f4xx_hal_dma.o
                0x080021d6                HAL_DMA_Abort_IT
 .text.HAL_DMA_IRQHandler
                0x080021fc      0x1dc build/stm32f4xx_hal_dma.o
                0x080021fc                HAL_DMA_IRQHandler
 .text.SD_PowerON
                0x080023d8       0xbc build/stm32f4xx_hal_sd.o
 .text.SD_Read_IT
                0x08002494       0x38 build/stm32f4xx_hal_sd.o
 .text.SD_Write_IT
                0x080024cc       0x48 build/stm32f4xx_hal_sd.o
 .text.SD_SendStatus
                0x08002514       0x2c build/stm32f4xx_hal_sd.o
 .text.HAL_SD_ReadBlocks
                0x08002540      0x268 build/stm32f4xx_hal_sd.o
                0x08002540                HAL_SD_ReadBlocks
 .text.HAL_SD_WriteBlocks
                0x080027a8      0x218 build/stm32f4xx_hal_sd.o
                0x080027a8                HAL_SD_WriteBlocks
 .text.HAL_SD_ErrorCallback
                0x080029c0        0x2 build/stm32f4xx_hal_sd.o
                0x080029c0                HAL_SD_ErrorCallback
 *fill*         0x080029c2        0x2 
 .text.HAL_SD_GetCardCSD
                0x080029c4      0x1bc build/stm32f4xx_hal_sd.o
                0x080029c4                HAL_SD_GetCardCSD
 .text.SD_InitCard
                0x08002b80      0x100 build/stm32f4xx_hal_sd.o
 .text.HAL_SD_InitCard
                0x08002c80       0x7c build/stm32f4xx_hal_sd.o
                0x08002c80                HAL_SD_InitCard
 .text.HAL_SD_Init
                0x08002cfc       0x3e build/stm32f4xx_hal_sd.o
                0x08002cfc                HAL_SD_Init
 .text.HAL_SD_GetCardInfo
                0x08002d3a       0x24 build/stm32f4xx_hal_sd.o
                0x08002d3a                HAL_SD_GetCardInfo
 .text.HAL_SD_GetCardState
                0x08002d5e       0x24 build/stm32f4xx_hal_sd.o
                0x08002d5e                HAL_SD_GetCardState
 .text.SD_DMATxAbort
                0x08002d82       0x44 build/stm32f4xx_hal_sd.o
 .text.SD_DMARxAbort
                0x08002dc6       0x44 build/stm32f4xx_hal_sd.o
 *fill*         0x08002e0a        0x2 
 .text.HAL_SD_IRQHandler
                0x08002e0c      0x1e0 build/stm32f4xx_hal_sd.o
                0x08002e0c                HAL_SD_IRQHandler
 .text.SDMMC_GetCmdError
                0x08002fec       0x38 build/stm32f4xx_ll_sdmmc.o
 .text.SDMMC_GetCmdResp2
                0x08003024       0x60 build/stm32f4xx_ll_sdmmc.o
 .text.SDMMC_GetCmdResp3
                0x08003084       0x54 build/stm32f4xx_ll_sdmmc.o
 .text.SDMMC_GetCmdResp7
                0x080030d8       0x6c build/stm32f4xx_ll_sdmmc.o
 .text.SDIO_Init
                0x08003144       0x38 build/stm32f4xx_ll_sdmmc.o
                0x08003144                SDIO_Init
 .text.SDIO_ReadFIFO
                0x0800317c        0x6 build/stm32f4xx_ll_sdmmc.o
                0x0800317c                SDIO_ReadFIFO
 .text.SDIO_WriteFIFO
                0x08003182        0xa build/stm32f4xx_ll_sdmmc.o
                0x08003182                SDIO_WriteFIFO
 .text.SDIO_PowerState_ON
                0x0800318c       0x10 build/stm32f4xx_ll_sdmmc.o
                0x0800318c                SDIO_PowerState_ON
 .text.SDIO_GetPowerState
                0x0800319c        0x8 build/stm32f4xx_ll_sdmmc.o
                0x0800319c                SDIO_GetPowerState
 .text.SDIO_SendCommand
                0x080031a4       0x24 build/stm32f4xx_ll_sdmmc.o
                0x080031a4                SDIO_SendCommand
 .text.SDIO_GetCommandResponse
                0x080031c8        0x6 build/stm32f4xx_ll_sdmmc.o
                0x080031c8                SDIO_GetCommandResponse
 .text.SDIO_GetResponse
                0x080031ce        0x6 build/stm32f4xx_ll_sdmmc.o
                0x080031ce                SDIO_GetResponse
 .text.SDMMC_GetCmdResp1
                0x080031d4      0x154 build/stm32f4xx_ll_sdmmc.o
 .text.SDMMC_GetCmdResp6
                0x08003328       0xa0 build/stm32f4xx_ll_sdmmc.o
 .text.SDIO_ConfigData
                0x080033c8       0x24 build/stm32f4xx_ll_sdmmc.o
                0x080033c8                SDIO_ConfigData
 .text.SDMMC_CmdBlockLength
                0x080033ec       0x30 build/stm32f4xx_ll_sdmmc.o
                0x080033ec                SDMMC_CmdBlockLength
 .text.SDMMC_CmdReadSingleBlock
                0x0800341c       0x30 build/stm32f4xx_ll_sdmmc.o
                0x0800341c                SDMMC_CmdReadSingleBlock
 .text.SDMMC_CmdReadMultiBlock
                0x0800344c       0x30 build/stm32f4xx_ll_sdmmc.o
                0x0800344c                SDMMC_CmdReadMultiBlock
 .text.SDMMC_CmdWriteSingleBlock
                0x0800347c       0x30 build/stm32f4xx_ll_sdmmc.o
                0x0800347c                SDMMC_CmdWriteSingleBlock
 .text.SDMMC_CmdWriteMultiBlock
                0x080034ac       0x30 build/stm32f4xx_ll_sdmmc.o
                0x080034ac                SDMMC_CmdWriteMultiBlock
 .text.SDMMC_CmdStopTransfer
                0x080034dc       0x34 build/stm32f4xx_ll_sdmmc.o
                0x080034dc                SDMMC_CmdStopTransfer
 .text.SDMMC_CmdSelDesel
                0x08003510       0x30 build/stm32f4xx_ll_sdmmc.o
                0x08003510                SDMMC_CmdSelDesel
 .text.SDMMC_CmdGoIdleState
                0x08003540       0x26 build/stm32f4xx_ll_sdmmc.o
                0x08003540                SDMMC_CmdGoIdleState
 .text.SDMMC_CmdOperCond
                0x08003566       0x2e build/stm32f4xx_ll_sdmmc.o
                0x08003566                SDMMC_CmdOperCond
 .text.SDMMC_CmdAppCommand
                0x08003594       0x30 build/stm32f4xx_ll_sdmmc.o
                0x08003594                SDMMC_CmdAppCommand
 .text.SDMMC_CmdAppOperCommand
                0x080035c4       0x32 build/stm32f4xx_ll_sdmmc.o
                0x080035c4                SDMMC_CmdAppOperCommand
 .text.SDMMC_CmdSendCID
                0x080035f6       0x2a build/stm32f4xx_ll_sdmmc.o
                0x080035f6                SDMMC_CmdSendCID
 .text.SDMMC_CmdSendCSD
                0x08003620       0x2a build/stm32f4xx_ll_sdmmc.o
                0x08003620                SDMMC_CmdSendCSD
 .text.SDMMC_CmdSetRelAdd
                0x0800364a       0x30 build/stm32f4xx_ll_sdmmc.o
                0x0800364a                SDMMC_CmdSetRelAdd
 .text.SDMMC_CmdSendStatus
                0x0800367a       0x30 build/stm32f4xx_ll_sdmmc.o
                0x0800367a                SDMMC_CmdSendStatus
 *fill*         0x080036aa        0x2 
 .text.UART_SetConfig
                0x080036ac      0x1ec build/stm32f4xx_hal_uart.o
 .text.UART_WaitOnFlagUntilTimeout
                0x08003898       0x62 build/stm32f4xx_hal_uart.o
 .text.HAL_UART_Init
                0x080038fa       0x5e build/stm32f4xx_hal_uart.o
                0x080038fa                HAL_UART_Init
 .text.HAL_UART_Transmit
                0x08003958       0xe2 build/stm32f4xx_hal_uart.o
                0x08003958                HAL_UART_Transmit
 *fill*         0x08003a3a        0x2 
 .text.HAL_NVIC_SetPriorityGrouping
                0x08003a3c       0x24 build/stm32f4xx_hal_cortex.o
                0x08003a3c                HAL_NVIC_SetPriorityGrouping
 .text.HAL_NVIC_SetPriority
                0x08003a60       0x68 build/stm32f4xx_hal_cortex.o
                0x08003a60                HAL_NVIC_SetPriority
 .text.HAL_NVIC_EnableIRQ
                0x08003ac8       0x18 build/stm32f4xx_hal_cortex.o
                0x08003ac8                HAL_NVIC_EnableIRQ
 .text.HAL_SYSTICK_Config
                0x08003ae0       0x2c build/stm32f4xx_hal_cortex.o
                0x08003ae0                HAL_SYSTICK_Config
 .text.HAL_SYSTICK_CLKSourceConfig
                0x08003b0c       0x20 build/stm32f4xx_hal_cortex.o
                0x08003b0c                HAL_SYSTICK_CLKSourceConfig
 .text.HAL_SYSTICK_Callback
                0x08003b2c        0x2 build/stm32f4xx_hal_cortex.o
                0x08003b2c                HAL_SYSTICK_Callback
 .text.HAL_SYSTICK_IRQHandler
                0x08003b2e        0x8 build/stm32f4xx_hal_cortex.o
                0x08003b2e                HAL_SYSTICK_IRQHandler
 .text.HAL_MspDeInit
                0x08003b36        0x2 build/stm32f4xx_hal.o
                0x08003b36                HAL_MspDeInit
 .text.HAL_DeInit
                0x08003b38       0x2c build/stm32f4xx_hal.o
                0x08003b38                HAL_DeInit
 .text.HAL_Init
                0x08003b64       0x34 build/stm32f4xx_hal.o
                0x08003b64                HAL_Init
 .text.HAL_IncTick
                0x08003b98       0x18 build/stm32f4xx_hal.o
                0x08003b98                HAL_IncTick
 .text.HAL_GetTick
                0x08003bb0        0xc build/stm32f4xx_hal.o
                0x08003bb0                HAL_GetTick
 .text.HAL_Delay
                0x08003bbc       0x28 build/stm32f4xx_hal.o
                0x08003bbc                HAL_Delay
 .text.SetDisplayWindow
                0x08003be4       0x14 build/stm32_adafruit_lcd.o
 .text.BSP_LCD_Init
                0x08003bf8       0x28 build/stm32_adafruit_lcd.o
                0x08003bf8                BSP_LCD_Init
 .text.BSP_LCD_GetXSize
                0x08003c20       0x10 build/stm32_adafruit_lcd.o
                0x08003c20                BSP_LCD_GetXSize
 .text.BSP_LCD_GetYSize
                0x08003c30       0x10 build/stm32_adafruit_lcd.o
                0x08003c30                BSP_LCD_GetYSize
 .text.BSP_LCD_SetTextColor
                0x08003c40        0xc build/stm32_adafruit_lcd.o
                0x08003c40                BSP_LCD_SetTextColor
 .text.BSP_LCD_Clear
                0x08003c4c       0x2c build/stm32_adafruit_lcd.o
                0x08003c4c                BSP_LCD_Clear
 .text.BSP_LCD_DrawBitmap
                0x08003c78       0x4c build/stm32_adafruit_lcd.o
                0x08003c78                BSP_LCD_DrawBitmap
 .text.DrawChar
                0x08003cc4      0x114 build/stm32_adafruit_lcd.o
 .text.BSP_LCD_DisplayChar
                0x08003dd8       0x28 build/stm32_adafruit_lcd.o
                0x08003dd8                BSP_LCD_DisplayChar
 .text.BSP_LCD_DisplayStringAt
                0x08003e00       0xa4 build/stm32_adafruit_lcd.o
                0x08003e00                BSP_LCD_DisplayStringAt
 .text.ili9488_GetLcdPixelWidth
                0x08003ea4        0x6 build/ili9488.o
                0x08003ea4                ili9488_GetLcdPixelWidth
 .text.ili9488_GetLcdPixelHeight
                0x08003eaa        0x6 build/ili9488.o
                0x08003eaa                ili9488_GetLcdPixelHeight
 .text.ili9488_Init
                0x08003eb0      0x118 build/ili9488.o
                0x08003eb0                ili9488_Init
 .text.ili9488_SetCursor
                0x08003fc8       0x4c build/ili9488.o
                0x08003fc8                ili9488_SetCursor
 .text.ili9488_SetDisplayWindow
                0x08004014       0x6c build/ili9488.o
                0x08004014                ili9488_SetDisplayWindow
 .text.ili9488_DisplayOn
                0x08004080       0x10 build/ili9488.o
                0x08004080                ili9488_DisplayOn
 .text.ili9488_DisplayOff
                0x08004090       0x10 build/ili9488.o
                0x08004090                ili9488_DisplayOff
 .text.ili9488_ReadID
                0x080040a0       0x40 build/ili9488.o
                0x080040a0                ili9488_ReadID
 .text.ili9488_WritePixel
                0x080040e0       0x5a build/ili9488.o
                0x080040e0                ili9488_WritePixel
 .text.ili9488_ReadPixel
                0x0800413a       0x62 build/ili9488.o
                0x0800413a                ili9488_ReadPixel
 .text.ili9488_ReadRGBImage
                0x0800419c       0x18 build/ili9488.o
                0x0800419c                ili9488_ReadRGBImage
 .text.ili9488_DrawHLine
                0x080041b4       0x68 build/ili9488.o
                0x080041b4                ili9488_DrawHLine
 .text.ili9488_DrawVLine
                0x0800421c       0x6a build/ili9488.o
                0x0800421c                ili9488_DrawVLine
 .text.ili9488_FillRect
                0x08004286       0x1a build/ili9488.o
                0x08004286                ili9488_FillRect
 .text.ili9488_DrawBitmap
                0x080042a0       0x3c build/ili9488.o
                0x080042a0                ili9488_DrawBitmap
 .text.ili9488_DrawRGBImage
                0x080042dc       0x16 build/ili9488.o
                0x080042dc                ili9488_DrawRGBImage
 .text.LCD_Delay
                0x080042f2        0x8 build/lcd_io_fsmc16.o
                0x080042f2                LCD_Delay
 *fill*         0x080042fa        0x2 
 .text.LCD_IO_Bl_OnOff
                0x080042fc       0x18 build/lcd_io_fsmc16.o
                0x080042fc                LCD_IO_Bl_OnOff
 .text.LCD_IO_Init
                0x08004314       0x30 build/lcd_io_fsmc16.o
                0x08004314                LCD_IO_Init
 .text.LCD_IO_WriteCmd8
                0x08004344        0x8 build/lcd_io_fsmc16.o
                0x08004344                LCD_IO_WriteCmd8
 .text.LCD_IO_WriteData8
                0x0800434c        0xc build/lcd_io_fsmc16.o
                0x0800434c                LCD_IO_WriteData8
 .text.LCD_IO_WriteData16
                0x08004358        0xc build/lcd_io_fsmc16.o
                0x08004358                LCD_IO_WriteData16
 .text.LCD_IO_WriteCmd8DataFill16
                0x08004364       0x18 build/lcd_io_fsmc16.o
                0x08004364                LCD_IO_WriteCmd8DataFill16
 .text.LCD_IO_WriteCmd8MultipleData8
                0x0800437c       0x1c build/lcd_io_fsmc16.o
                0x0800437c                LCD_IO_WriteCmd8MultipleData8
 .text.LCD_IO_WriteCmd8MultipleData16
                0x08004398       0x1c build/lcd_io_fsmc16.o
                0x08004398                LCD_IO_WriteCmd8MultipleData16
 .text.LCD_IO_ReadCmd8MultipleData8
                0x080043b4       0x30 build/lcd_io_fsmc16.o
                0x080043b4                LCD_IO_ReadCmd8MultipleData8
 .text.LCD_IO_ReadCmd8MultipleData16
                0x080043e4       0x2c build/lcd_io_fsmc16.o
                0x080043e4                LCD_IO_ReadCmd8MultipleData16
 .text._write   0x08004410       0x18 build/usart.o
                0x08004410                _write
 .text.MX_FATFS_Init
                0x08004428       0x40 build/fatfs.o
                0x08004428                MX_FATFS_Init
 .text.get_fattime
                0x08004468        0x4 build/fatfs.o
                0x08004468                get_fattime
 .text.BSP_SD_ReadBlocks
                0x0800446c       0x34 build/bsp_driver_sd.o
                0x0800446c                BSP_SD_ReadBlocks
 .text.BSP_SD_WriteBlocks
                0x080044a0       0x24 build/bsp_driver_sd.o
                0x080044a0                BSP_SD_WriteBlocks
 .text.BSP_SD_GetCardState
                0x080044c4       0x14 build/bsp_driver_sd.o
                0x080044c4                BSP_SD_GetCardState
 .text.BSP_SD_GetCardInfo
                0x080044d8       0x10 build/bsp_driver_sd.o
                0x080044d8                BSP_SD_GetCardInfo
 .text.BSP_SD_AbortCallback
                0x080044e8        0x2 build/bsp_driver_sd.o
                0x080044e8                BSP_SD_AbortCallback
 .text.HAL_SD_AbortCallback
                0x080044ea        0x8 build/bsp_driver_sd.o
                0x080044ea                HAL_SD_AbortCallback
 .text.BSP_SD_WriteCpltCallback
                0x080044f2        0x2 build/bsp_driver_sd.o
                0x080044f2                BSP_SD_WriteCpltCallback
 .text.HAL_SD_TxCpltCallback
                0x080044f4        0x8 build/bsp_driver_sd.o
                0x080044f4                HAL_SD_TxCpltCallback
 .text.BSP_SD_ReadCpltCallback
                0x080044fc        0x2 build/bsp_driver_sd.o
                0x080044fc                BSP_SD_ReadCpltCallback
 .text.HAL_SD_RxCpltCallback
                0x080044fe        0x8 build/bsp_driver_sd.o
                0x080044fe                HAL_SD_RxCpltCallback
 .text.BSP_SD_IsDetected
                0x08004506       0x10 build/bsp_driver_sd.o
                0x08004506                BSP_SD_IsDetected
 *fill*         0x08004516        0x2 
 .text.BSP_SD_Init
                0x08004518       0x1c build/bsp_driver_sd.o
                0x08004518                BSP_SD_Init
 .text.SD_CheckStatus
                0x08004534       0x24 build/sd_diskio.o
 .text.SD_initialize
                0x08004558       0x30 build/sd_diskio.o
                0x08004558                SD_initialize
 .text.SD_status
                0x08004588        0x8 build/sd_diskio.o
                0x08004588                SD_status
 .text.SD_read  0x08004590       0x24 build/sd_diskio.o
                0x08004590                SD_read
 .text.SD_write
                0x080045b4       0x24 build/sd_diskio.o
                0x080045b4                SD_write
 .text.SD_ioctl
                0x080045d8       0x58 build/sd_diskio.o
                0x080045d8                SD_ioctl
 .text.FATFS_LinkDriverEx
                0x08004630       0x4c build/ff_gen_drv.o
                0x08004630                FATFS_LinkDriverEx
 .text.FATFS_LinkDriver
                0x0800467c        0xa build/ff_gen_drv.o
                0x0800467c                FATFS_LinkDriver
 .text.ld_word  0x08004686        0xa build/ff.o
 .text.ld_dword
                0x08004690       0x16 build/ff.o
 .text.st_word  0x080046a6        0x8 build/ff.o
 .text.st_dword
                0x080046ae       0x14 build/ff.o
 .text.mem_cpy  0x080046c2       0x12 build/ff.o
 .text.mem_set  0x080046d4        0xa build/ff.o
 .text.mem_cmp  0x080046de       0x1c build/ff.o
 .text.chk_chr  0x080046fa       0x10 build/ff.o
 *fill*         0x0800470a        0x2 
 .text.chk_lock
                0x0800470c       0x74 build/ff.o
 .text.enq_lock
                0x08004780       0x20 build/ff.o
 .text.inc_lock
                0x080047a0       0xa4 build/ff.o
 .text.dec_lock
                0x08004844       0x40 build/ff.o
 .text.clear_lock
                0x08004884       0x3c build/ff.o
 .text.clust2sect
                0x080048c0       0x18 build/ff.o
 .text.clmt_clust
                0x080048d8       0x2c build/ff.o
 .text.ld_clust
                0x08004904       0x26 build/ff.o
 .text.st_clust
                0x0800492a       0x26 build/ff.o
 .text.put_lfn  0x08004950       0x78 build/ff.o
 .text.gen_numname
                0x080049c8       0xa6 build/ff.o
 .text.sum_sfn  0x08004a6e       0x1c build/ff.o
 .text.get_ldnumber
                0x08004a8a       0x54 build/ff.o
 .text.validate
                0x08004ade       0x46 build/ff.o
 .text.sync_window
                0x08004b24       0x52 build/ff.o
 .text.move_window
                0x08004b76       0x36 build/ff.o
 .text.check_fs
                0x08004bac       0x78 build/ff.o
 .text.find_volume
                0x08004c24      0x354 build/ff.o
 .text.put_fat  0x08004f78      0x13e build/ff.o
 .text.get_fat  0x080050b6       0xfc build/ff.o
 .text.dir_sdi  0x080051b2       0xc0 build/ff.o
 .text.create_chain
                0x08005272       0xc4 build/ff.o
 .text.remove_chain
                0x08005336       0x88 build/ff.o
 .text.dir_next
                0x080053be      0x118 build/ff.o
 .text.dir_alloc
                0x080054d6       0x50 build/ff.o
 *fill*         0x08005526        0x2 
 .text.sync_fs  0x08005528       0x88 build/ff.o
 .text.create_name
                0x080055b0      0x224 build/ff.o
 .text.get_fileinfo
                0x080057d4       0xea build/ff.o
 *fill*         0x080058be        0x2 
 .text.cmp_lfn  0x080058c0       0x9c build/ff.o
 .text.dir_find
                0x0800595c       0xe6 build/ff.o
 .text.follow_path
                0x08005a42       0x94 build/ff.o
 *fill*         0x08005ad6        0x2 
 .text.dir_register
                0x08005ad8      0x144 build/ff.o
 .text.f_mount  0x08005c1c       0x5c build/ff.o
                0x08005c1c                f_mount
 .text.f_open   0x08005c78      0x236 build/ff.o
                0x08005c78                f_open
 .text.f_read   0x08005eae      0x1c4 build/ff.o
                0x08005eae                f_read
 .text.f_sync   0x08006072       0xa0 build/ff.o
                0x08006072                f_sync
 .text.f_close  0x08006112       0x34 build/ff.o
                0x08006112                f_close
 .text.f_stat   0x08006146       0x44 build/ff.o
                0x08006146                f_stat
 *fill*         0x0800618a        0x2 
 .text.disk_status
                0x0800618c       0x18 build/diskio.o
                0x0800618c                disk_status
 .text.disk_initialize
                0x080061a4       0x28 build/diskio.o
                0x080061a4                disk_initialize
 .text.disk_read
                0x080061cc       0x18 build/diskio.o
                0x080061cc                disk_read
 .text.disk_write
                0x080061e4       0x18 build/diskio.o
                0x080061e4                disk_write
 .text.disk_ioctl
                0x080061fc       0x18 build/diskio.o
                0x080061fc                disk_ioctl
 .text.ff_convert
                0x08006214       0x3c build/ccsbcs.o
                0x08006214                ff_convert
 .text.ff_wtoupper
                0x08006250       0x9c build/ccsbcs.o
                0x08006250                ff_wtoupper
 .text.GetSector
                0x080062ec       0xd4 build/flash_file.o
 .text.readNextPage
                0x080063c0       0x4c build/flash_file.o
                0x080063c0                readNextPage
 .text.flashWrite
                0x0800640c       0x44 build/flash_file.o
                0x0800640c                flashWrite
 .text.flash_erase
                0x08006450       0x64 build/flash_file.o
                0x08006450                flash_erase
 .text.flash    0x080064b4      0x108 build/flash_file.o
                0x080064b4                flash
 .text.firmware_deinit
                0x080065bc       0x16 build/firmware.o
                0x080065bc                firmware_deinit
 *fill*         0x080065d2        0x2 
 .text.firmware_run
                0x080065d4       0x50 build/firmware.o
                0x080065d4                firmware_run
 .text.SystemInit
                0x08006624       0x4c build/system_stm32f4xx.o
                0x08006624                SystemInit
 .text.Reset_Handler
                0x08006670       0x50 build/startup_stm32f407xx.o
                0x08006670                Reset_Handler
 .text.Default_Handler
                0x080066c0        0x2 build/startup_stm32f407xx.o
                0x080066c0                RTC_Alarm_IRQHandler
                0x080066c0                HASH_RNG_IRQHandler
                0x080066c0                EXTI2_IRQHandler
                0x080066c0                TIM8_CC_IRQHandler
                0x080066c0                TIM1_CC_IRQHandler
                0x080066c0                DMA2_Stream5_IRQHandler
                0x080066c0                DMA1_Stream5_IRQHandler
                0x080066c0                PVD_IRQHandler
                0x080066c0                TAMP_STAMP_IRQHandler
                0x080066c0                CAN2_RX1_IRQHandler
                0x080066c0                EXTI3_IRQHandler
                0x080066c0                TIM8_TRG_COM_TIM14_IRQHandler
                0x080066c0                TIM1_UP_TIM10_IRQHandler
                0x080066c0                TIM8_UP_TIM13_IRQHandler
                0x080066c0                I2C3_ER_IRQHandler
                0x080066c0                EXTI0_IRQHandler
                0x080066c0                I2C2_EV_IRQHandler
                0x080066c0                DMA1_Stream2_IRQHandler
                0x080066c0                CAN1_RX0_IRQHandler
                0x080066c0                FPU_IRQHandler
                0x080066c0                OTG_HS_WKUP_IRQHandler
                0x080066c0                CAN2_SCE_IRQHandler
                0x080066c0                DMA2_Stream2_IRQHandler
                0x080066c0                SPI1_IRQHandler
                0x080066c0                TIM1_BRK_TIM9_IRQHandler
                0x080066c0                DCMI_IRQHandler
                0x080066c0                CAN2_RX0_IRQHandler
                0x080066c0                USART6_IRQHandler
                0x080066c0                USART3_IRQHandler
                0x080066c0                CAN1_RX1_IRQHandler
                0x080066c0                UART5_IRQHandler
                0x080066c0                DMA2_Stream0_IRQHandler
                0x080066c0                TIM4_IRQHandler
                0x080066c0                I2C1_EV_IRQHandler
                0x080066c0                DMA1_Stream6_IRQHandler
                0x080066c0                DMA1_Stream1_IRQHandler
                0x080066c0                UART4_IRQHandler
                0x080066c0                TIM3_IRQHandler
                0x080066c0                RCC_IRQHandler
                0x080066c0                TIM8_BRK_TIM12_IRQHandler
                0x080066c0                Default_Handler
                0x080066c0                EXTI15_10_IRQHandler
                0x080066c0                ADC_IRQHandler
                0x080066c0                DMA1_Stream7_IRQHandler
                0x080066c0                TIM7_IRQHandler
                0x080066c0                CAN2_TX_IRQHandler
                0x080066c0                TIM5_IRQHandler
                0x080066c0                DMA2_Stream7_IRQHandler
                0x080066c0                I2C3_EV_IRQHandler
                0x080066c0                EXTI9_5_IRQHandler
                0x080066c0                RTC_WKUP_IRQHandler
                0x080066c0                ETH_WKUP_IRQHandler
                0x080066c0                SPI2_IRQHandler
                0x080066c0                OTG_HS_EP1_IN_IRQHandler
                0x080066c0                DMA1_Stream0_IRQHandler
                0x080066c0                CAN1_TX_IRQHandler
                0x080066c0                EXTI4_IRQHandler
                0x080066c0                FSMC_IRQHandler
                0x080066c0                ETH_IRQHandler
                0x080066c0                OTG_HS_EP1_OUT_IRQHandler
                0x080066c0                WWDG_IRQHandler
                0x080066c0                TIM2_IRQHandler
                0x080066c0                OTG_FS_WKUP_IRQHandler
                0x080066c0                TIM1_TRG_COM_TIM11_IRQHandler
                0x080066c0                OTG_HS_IRQHandler
                0x080066c0                EXTI1_IRQHandler
                0x080066c0                USART2_IRQHandler
                0x080066c0                I2C2_ER_IRQHandler
                0x080066c0                DMA2_Stream1_IRQHandler
                0x080066c0                CAN1_SCE_IRQHandler
                0x080066c0                FLASH_IRQHandler
                0x080066c0                DMA2_Stream4_IRQHandler
                0x080066c0                USART1_IRQHandler
                0x080066c0                OTG_FS_IRQHandler
                0x080066c0                SPI3_IRQHandler
                0x080066c0                DMA1_Stream4_IRQHandler
                0x080066c0                I2C1_ER_IRQHandler
                0x080066c0                DMA1_Stream3_IRQHandler
 *fill*         0x080066c2        0x2 
 .text.__libc_init_array
                0x080066c4       0x48 c:/program files (x86)/gnu tools arm embedded/8 2019-q3-update/bin/../lib/gcc/arm-none-eabi/8.3.1/../../../../arm-none-eabi/lib/thumb/v7e-m+fp/hard\libc_nano.a(lib_a-init.o)
                0x080066c4                __libc_init_array
 .text.memset   0x0800670c       0x10 c:/program files (x86)/gnu tools arm embedded/8 2019-q3-update/bin/../lib/gcc/arm-none-eabi/8.3.1/../../../../arm-none-eabi/lib/thumb/v7e-m+fp/hard\libc_nano.a(lib_a-memset.o)
                0x0800670c                memset
 .text.printf   0x0800671c       0x30 c:/program files (x86)/gnu tools arm embedded/8 2019-q3-update/bin/../lib/gcc/arm-none-eabi/8.3.1/../../../../arm-none-eabi/lib/thumb/v7e-m+fp/hard\libc_nano.a(lib_a-printf.o)
                0x0800671c                iprintf
                0x0800671c                printf
 .text._puts_r  0x0800674c       0xdc c:/program files (x86)/gnu tools arm embedded/8 2019-q3-update/bin/../lib/gcc/arm-none-eabi/8.3.1/../../../../arm-none-eabi/lib/thumb/v7e-m+fp/hard\libc_nano.a(lib_a-puts.o)
                0x0800674c                _puts_r
 .text.puts     0x08006828       0x10 c:/program files (x86)/gnu tools arm embedded/8 2019-q3-update/bin/../lib/gcc/arm-none-eabi/8.3.1/../../../../arm-none-eabi/lib/thumb/v7e-m+fp/hard\libc_nano.a(lib_a-puts.o)
                0x08006828                puts
 .text.__swbuf_r
                0x08006838       0xa4 c:/program files (x86)/gnu tools arm embedded/8 2019-q3-update/bin/../lib/gcc/arm-none-eabi/8.3.1/../../../../arm-none-eabi/lib/thumb/v7e-m+fp/hard\libc_nano.a(lib_a-wbuf.o)
                0x08006838                __swbuf_r
 .text.__swsetup_r
                0x080068dc       0xdc c:/program files (x86)/gnu tools arm embedded/8 2019-q3-update/bin/../lib/gcc/arm-none-eabi/8.3.1/../../../../arm-none-eabi/lib/thumb/v7e-m+fp/hard\libc_nano.a(lib_a-wsetup.o)
                0x080068dc                __swsetup_r
 .text.__sflush_r
                0x080069b8      0x10c c:/program files (x86)/gnu tools arm embedded/8 2019-q3-update/bin/../lib/gcc/arm-none-eabi/8.3.1/../../../../arm-none-eabi/lib/thumb/v7e-m+fp/hard\libc_nano.a(lib_a-fflush.o)
                0x080069b8                __sflush_r
 .text._fflush_r
                0x08006ac4       0x78 c:/program files (x86)/gnu tools arm embedded/8 2019-q3-update/bin/../lib/gcc/arm-none-eabi/8.3.1/../../../../arm-none-eabi/lib/thumb/v7e-m+fp/hard\libc_nano.a(lib_a-fflush.o)
                0x08006ac4                _fflush_r
 .text.std      0x08006b3c       0x48 c:/program files (x86)/gnu tools arm embedded/8 2019-q3-update/bin/../lib/gcc/arm-none-eabi/8.3.1/../../../../arm-none-eabi/lib/thumb/v7e-m+fp/hard\libc_nano.a(lib_a-findfp.o)
 .text._cleanup_r
                0x08006b84        0xc c:/program files (x86)/gnu tools arm embedded/8 2019-q3-update/bin/../lib/gcc/arm-none-eabi/8.3.1/../../../../arm-none-eabi/lib/thumb/v7e-m+fp/hard\libc_nano.a(lib_a-findfp.o)
                0x08006b84                _cleanup_r
 .text.__sfmoreglue
                0x08006b90       0x2c c:/program files (x86)/gnu tools arm embedded/8 2019-q3-update/bin/../lib/gcc/arm-none-eabi/8.3.1/../../../../arm-none-eabi/lib/thumb/v7e-m+fp/hard\libc_nano.a(lib_a-findfp.o)
                0x08006b90                __sfmoreglue
 .text.__sfp_lock_acquire
                0x08006bbc        0xc c:/program files (x86)/gnu tools arm embedded/8 2019-q3-update/bin/../lib/gcc/arm-none-eabi/8.3.1/../../../../arm-none-eabi/lib/thumb/v7e-m+fp/hard\libc_nano.a(lib_a-findfp.o)
                0x08006bbc                __sfp_lock_acquire
 .text.__sfp_lock_release
                0x08006bc8        0xc c:/program files (x86)/gnu tools arm embedded/8 2019-q3-update/bin/../lib/gcc/arm-none-eabi/8.3.1/../../../../arm-none-eabi/lib/thumb/v7e-m+fp/hard\libc_nano.a(lib_a-findfp.o)
                0x08006bc8                __sfp_lock_release
 .text.__sinit_lock_acquire
                0x08006bd4        0xc c:/program files (x86)/gnu tools arm embedded/8 2019-q3-update/bin/../lib/gcc/arm-none-eabi/8.3.1/../../../../arm-none-eabi/lib/thumb/v7e-m+fp/hard\libc_nano.a(lib_a-findfp.o)
                0x08006bd4                __sinit_lock_acquire
 .text.__sinit_lock_release
                0x08006be0        0xc c:/program files (x86)/gnu tools arm embedded/8 2019-q3-update/bin/../lib/gcc/arm-none-eabi/8.3.1/../../../../arm-none-eabi/lib/thumb/v7e-m+fp/hard\libc_nano.a(lib_a-findfp.o)
                0x08006be0                __sinit_lock_release
 .text.__sinit  0x08006bec       0x70 c:/program files (x86)/gnu tools arm embedded/8 2019-q3-update/bin/../lib/gcc/arm-none-eabi/8.3.1/../../../../arm-none-eabi/lib/thumb/v7e-m+fp/hard\libc_nano.a(lib_a-findfp.o)
                0x08006bec                __sinit
 .text.__sfp    0x08006c5c       0x8c c:/program files (x86)/gnu tools arm embedded/8 2019-q3-update/bin/../lib/gcc/arm-none-eabi/8.3.1/../../../../arm-none-eabi/lib/thumb/v7e-m+fp/hard\libc_nano.a(lib_a-findfp.o)
                0x08006c5c                __sfp
 .text._fwalk_reent
                0x08006ce8       0x3c c:/program files (x86)/gnu tools arm embedded/8 2019-q3-update/bin/../lib/gcc/arm-none-eabi/8.3.1/../../../../arm-none-eabi/lib/thumb/v7e-m+fp/hard\libc_nano.a(lib_a-fwalk.o)
                0x08006ce8                _fwalk_reent
 .text.__retarget_lock_init_recursive
                0x08006d24        0x2 c:/program files (x86)/gnu tools arm embedded/8 2019-q3-update/bin/../lib/gcc/arm-none-eabi/8.3.1/../../../../arm-none-eabi/lib/thumb/v7e-m+fp/hard\libc_nano.a(lib_a-lock.o)
                0x08006d24                __retarget_lock_init_recursive
 .text.__retarget_lock_acquire_recursive
                0x08006d26        0x2 c:/program files (x86)/gnu tools arm embedded/8 2019-q3-update/bin/../lib/gcc/arm-none-eabi/8.3.1/../../../../arm-none-eabi/lib/thumb/v7e-m+fp/hard\libc_nano.a(lib_a-lock.o)
                0x08006d26                __retarget_lock_acquire_recursive
 .text.__retarget_lock_release_recursive
                0x08006d28        0x2 c:/program files (x86)/gnu tools arm embedded/8 2019-q3-update/bin/../lib/gcc/arm-none-eabi/8.3.1/../../../../arm-none-eabi/lib/thumb/v7e-m+fp/hard\libc_nano.a(lib_a-lock.o)
                0x08006d28                __retarget_lock_release_recursive
 .text.__swhatbuf_r
                0x08006d2a       0x48 c:/program files (x86)/gnu tools arm embedded/8 2019-q3-update/bin/../lib/gcc/arm-none-eabi/8.3.1/../../../../arm-none-eabi/lib/thumb/v7e-m+fp/hard\libc_nano.a(lib_a-makebuf.o)
                0x08006d2a                __swhatbuf_r
 *fill*         0x08006d72        0x2 
 .text.__smakebuf_r
                0x08006d74       0x80 c:/program files (x86)/gnu tools arm embedded/8 2019-q3-update/bin/../lib/gcc/arm-none-eabi/8.3.1/../../../../arm-none-eabi/lib/thumb/v7e-m+fp/hard\libc_nano.a(lib_a-makebuf.o)
                0x08006d74                __smakebuf_r
 .text._free_r  0x08006df4       0x9c c:/program files (x86)/gnu tools arm embedded/8 2019-q3-update/bin/../lib/gcc/arm-none-eabi/8.3.1/../../../../arm-none-eabi/lib/thumb/v7e-m+fp/hard\libc_nano.a(lib_a-nano-freer.o)
                0x08006df4                _free_r
 .text._malloc_r
                0x08006e90       0xb4 c:/program files (x86)/gnu tools arm embedded/8 2019-q3-update/bin/../lib/gcc/arm-none-eabi/8.3.1/../../../../arm-none-eabi/lib/thumb/v7e-m+fp/hard\libc_nano.a(lib_a-nano-mallocr.o)
                0x08006e90                _malloc_r
 .text.__sfputc_r
                0x08006f44       0x2e c:/program files (x86)/gnu tools arm embedded/8 2019-q3-update/bin/../lib/gcc/arm-none-eabi/8.3.1/../../../../arm-none-eabi/lib/thumb/v7e-m+fp/hard\libc_nano.a(lib_a-nano-vfprintf.o)
 .text.__sfputs_r
                0x08006f72       0x24 c:/program files (x86)/gnu tools arm embedded/8 2019-q3-update/bin/../lib/gcc/arm-none-eabi/8.3.1/../../../../arm-none-eabi/lib/thumb/v7e-m+fp/hard\libc_nano.a(lib_a-nano-vfprintf.o)
                0x08006f72                __sfputs_r
 *fill*         0x08006f96        0x2 
 .text._vfprintf_r
                0x08006f98      0x250 c:/program files (x86)/gnu tools arm embedded/8 2019-q3-update/bin/../lib/gcc/arm-none-eabi/8.3.1/../../../../arm-none-eabi/lib/thumb/v7e-m+fp/hard\libc_nano.a(lib_a-nano-vfprintf.o)
                0x08006f98                _vfprintf_r
                0x08006f98                _vfiprintf_r
 .text._printf_common
                0x080071e8       0xea c:/program files (x86)/gnu tools arm embedded/8 2019-q3-update/bin/../lib/gcc/arm-none-eabi/8.3.1/../../../../arm-none-eabi/lib/thumb/v7e-m+fp/hard\libc_nano.a(lib_a-nano-vfprintf_i.o)
                0x080071e8                _printf_common
 *fill*         0x080072d2        0x2 
 .text._printf_i
                0x080072d4      0x228 c:/program files (x86)/gnu tools arm embedded/8 2019-q3-update/bin/../lib/gcc/arm-none-eabi/8.3.1/../../../../arm-none-eabi/lib/thumb/v7e-m+fp/hard\libc_nano.a(lib_a-nano-vfprintf_i.o)
                0x080072d4                _printf_i
 .text._sbrk_r  0x080074fc       0x20 c:/program files (x86)/gnu tools arm embedded/8 2019-q3-update/bin/../lib/gcc/arm-none-eabi/8.3.1/../../../../arm-none-eabi/lib/thumb/v7e-m+fp/hard\libc_nano.a(lib_a-sbrkr.o)
                0x080074fc                _sbrk_r
 .text.__sread  0x0800751c       0x22 c:/program files (x86)/gnu tools arm embedded/8 2019-q3-update/bin/../lib/gcc/arm-none-eabi/8.3.1/../../../../arm-none-eabi/lib/thumb/v7e-m+fp/hard\libc_nano.a(lib_a-stdio.o)
                0x0800751c                __sread
 .text.__swrite
                0x0800753e       0x38 c:/program files (x86)/gnu tools arm embedded/8 2019-q3-update/bin/../lib/gcc/arm-none-eabi/8.3.1/../../../../arm-none-eabi/lib/thumb/v7e-m+fp/hard\libc_nano.a(lib_a-stdio.o)
                0x0800753e                __swrite
 .text.__sseek  0x08007576       0x24 c:/program files (x86)/gnu tools arm embedded/8 2019-q3-update/bin/../lib/gcc/arm-none-eabi/8.3.1/../../../../arm-none-eabi/lib/thumb/v7e-m+fp/hard\libc_nano.a(lib_a-stdio.o)
                0x08007576                __sseek
 .text.__sclose
                0x0800759a        0x8 c:/program files (x86)/gnu tools arm embedded/8 2019-q3-update/bin/../lib/gcc/arm-none-eabi/8.3.1/../../../../arm-none-eabi/lib/thumb/v7e-m+fp/hard\libc_nano.a(lib_a-stdio.o)
                0x0800759a                __sclose
 *fill*         0x080075a2        0x2 
 .text._write_r
                0x080075a4       0x24 c:/program files (x86)/gnu tools arm embedded/8 2019-q3-update/bin/../lib/gcc/arm-none-eabi/8.3.1/../../../../arm-none-eabi/lib/thumb/v7e-m+fp/hard\libc_nano.a(lib_a-writer.o)
                0x080075a4                _write_r
 .text._close_r
                0x080075c8       0x20 c:/program files (x86)/gnu tools arm embedded/8 2019-q3-update/bin/../lib/gcc/arm-none-eabi/8.3.1/../../../../arm-none-eabi/lib/thumb/v7e-m+fp/hard\libc_nano.a(lib_a-closer.o)
                0x080075c8                _close_r
 .text._fstat_r
                0x080075e8       0x24 c:/program files (x86)/gnu tools arm embedded/8 2019-q3-update/bin/../lib/gcc/arm-none-eabi/8.3.1/../../../../arm-none-eabi/lib/thumb/v7e-m+fp/hard\libc_nano.a(lib_a-fstatr.o)
                0x080075e8                _fstat_r
 .text._isatty_r
                0x0800760c       0x20 c:/program files (x86)/gnu tools arm embedded/8 2019-q3-update/bin/../lib/gcc/arm-none-eabi/8.3.1/../../../../arm-none-eabi/lib/thumb/v7e-m+fp/hard\libc_nano.a(lib_a-isattyr.o)
                0x0800760c                _isatty_r
 .text._lseek_r
                0x0800762c       0x24 c:/program files (x86)/gnu tools arm embedded/8 2019-q3-update/bin/../lib/gcc/arm-none-eabi/8.3.1/../../../../arm-none-eabi/lib/thumb/v7e-m+fp/hard\libc_nano.a(lib_a-lseekr.o)
                0x0800762c                _lseek_r
 .text.__malloc_lock
                0x08007650        0xc c:/program files (x86)/gnu tools arm embedded/8 2019-q3-update/bin/../lib/gcc/arm-none-eabi/8.3.1/../../../../arm-none-eabi/lib/thumb/v7e-m+fp/hard\libc_nano.a(lib_a-mlock.o)
                0x08007650                __malloc_lock
 .text.__malloc_unlock
                0x0800765c        0xc c:/program files (x86)/gnu tools arm embedded/8 2019-q3-update/bin/../lib/gcc/arm-none-eabi/8.3.1/../../../../arm-none-eabi/lib/thumb/v7e-m+fp/hard\libc_nano.a(lib_a-mlock.o)
                0x0800765c                __malloc_unlock
 .text._read_r  0x08007668       0x24 c:/program files (x86)/gnu tools arm embedded/8 2019-q3-update/bin/../lib/gcc/arm-none-eabi/8.3.1/../../../../arm-none-eabi/lib/thumb/v7e-m+fp/hard\libc_nano.a(lib_a-readr.o)
                0x08007668                _read_r
 .text._close   0x0800768c       0x10 c:/program files (x86)/gnu tools arm embedded/8 2019-q3-update/bin/../lib/gcc/arm-none-eabi/8.3.1/../../../../arm-none-eabi/lib/thumb/v7e-m+fp/hard\libnosys.a(close.o)
                0x0800768c                _close
 .text._fstat   0x0800769c       0x10 c:/program files (x86)/gnu tools arm embedded/8 2019-q3-update/bin/../lib/gcc/arm-none-eabi/8.3.1/../../../../arm-none-eabi/lib/thumb/v7e-m+fp/hard\libnosys.a(fstat.o)
                0x0800769c                _fstat
 .text._isatty  0x080076ac       0x10 c:/program files (x86)/gnu tools arm embedded/8 2019-q3-update/bin/../lib/gcc/arm-none-eabi/8.3.1/../../../../arm-none-eabi/lib/thumb/v7e-m+fp/hard\libnosys.a(isatty.o)
                0x080076ac                _isatty
 .text._lseek   0x080076bc       0x10 c:/program files (x86)/gnu tools arm embedded/8 2019-q3-update/bin/../lib/gcc/arm-none-eabi/8.3.1/../../../../arm-none-eabi/lib/thumb/v7e-m+fp/hard\libnosys.a(lseek.o)
                0x080076bc                _lseek
 .text._read    0x080076cc       0x10 c:/program files (x86)/gnu tools arm embedded/8 2019-q3-update/bin/../lib/gcc/arm-none-eabi/8.3.1/../../../../arm-none-eabi/lib/thumb/v7e-m+fp/hard\libnosys.a(read.o)
                0x080076cc                _read
 .text._sbrk    0x080076dc       0x1c c:/program files (x86)/gnu tools arm embedded/8 2019-q3-update/bin/../lib/gcc/arm-none-eabi/8.3.1/../../../../arm-none-eabi/lib/thumb/v7e-m+fp/hard\libnosys.a(sbrk.o)
                0x080076dc                _sbrk
 *(.glue_7)
 .glue_7        0x080076f8        0x0 linker stubs
 *(.glue_7t)
 .glue_7t       0x080076f8        0x0 linker stubs
 *(.eh_frame)
 .eh_frame      0x080076f8        0x0 c:/program files (x86)/gnu tools arm embedded/8 2019-q3-update/bin/../lib/gcc/arm-none-eabi/8.3.1/thumb/v7e-m+fp/hard/crtbegin.o
 *(.init)
 .init          0x080076f8        0x4 c:/program files (x86)/gnu tools arm embedded/8 2019-q3-update/bin/../lib/gcc/arm-none-eabi/8.3.1/thumb/v7e-m+fp/hard/crti.o
                0x080076f8                _init
 .init          0x080076fc        0x8 c:/program files (x86)/gnu tools arm embedded/8 2019-q3-update/bin/../lib/gcc/arm-none-eabi/8.3.1/thumb/v7e-m+fp/hard/crtn.o
 *(.fini)
 .fini          0x08007704        0x4 c:/program files (x86)/gnu tools arm embedded/8 2019-q3-update/bin/../lib/gcc/arm-none-eabi/8.3.1/thumb/v7e-m+fp/hard/crti.o
                0x08007704                _fini
 .fini          0x08007708        0x8 c:/program files (x86)/gnu tools arm embedded/8 2019-q3-update/bin/../lib/gcc/arm-none-eabi/8.3.1/thumb/v7e-m+fp/hard/crtn.o
                0x08007710                . = ALIGN (0x4)
                0x08007710                _etext = .

.vfp11_veneer   0x08007710        0x0
 .vfp11_veneer  0x08007710        0x0 linker stubs

.v4_bx          0x08007710        0x0
 .v4_bx         0x08007710        0x0 linker stubs

.iplt           0x08007710        0x0
 .iplt          0x08007710        0x0 c:/program files (x86)/gnu tools arm embedded/8 2019-q3-update/bin/../lib/gcc/arm-none-eabi/8.3.1/thumb/v7e-m+fp/hard/crtbegin.o

.rodata         0x08007710      0xc64
                0x08007710                . = ALIGN (0x4)
 *(.rodata)
 .rodata        0x08007710       0x24 build/ili9488.o
 *(.rodata*)
 .rodata.MX_USART1_UART_Init.str1.4
                0x08007734        0xb build/main.o
 *fill*         0x0800773f        0x1 
 .rodata.main.str1.4
                0x08007740      0x172 build/main.o
 *fill*         0x080078b2        0x2 
 .rodata.hard_fault_handler_c.str1.4
                0x080078b4      0x119 build/stm32f4xx_it.o
 *fill*         0x080079cd        0x3 
 .rodata.ili9488_Init.str1.4
                0x080079d0        0xd build/ili9488.o
 *fill*         0x080079dd        0x3 
 .rodata.Font8_Table
                0x080079e0      0x2f8 build/font8.o
                0x080079e0                Font8_Table
 .rodata.MX_FATFS_Init.str1.4
                0x08007cd8       0x43 build/fatfs.o
 *fill*         0x08007d1b        0x1 
 .rodata.BSP_SD_ReadBlocks.str1.4
                0x08007d1c       0x1f build/bsp_driver_sd.o
 *fill*         0x08007d3b        0x1 
 .rodata.SD_Driver
                0x08007d3c       0x14 build/sd_diskio.o
                0x08007d3c                SD_Driver
 .rodata.SD_initialize.str1.4
                0x08007d50       0x10 build/sd_diskio.o
 .rodata.ExCvt  0x08007d60       0x80 build/ff.o
 .rodata.LfnOfs
                0x08007de0        0xd build/ff.o
 *fill*         0x08007ded        0x3 
 .rodata.create_name.str1.4
                0x08007df0       0x13 build/ff.o
 *fill*         0x08007e03        0x1 
 .rodata.Tbl    0x08007e04      0x100 build/ccsbcs.o
 .rodata.cvt1.10644
                0x08007f04      0x1f2 build/ccsbcs.o
 *fill*         0x080080f6        0x2 
 .rodata.cvt2.10645
                0x080080f8       0xbc build/ccsbcs.o
 .rodata.flash.str1.4
                0x080081b4       0xae build/flash_file.o
 *fill*         0x08008262        0x2 
 .rodata.flashWrite.str1.4
                0x08008264       0x2f build/flash_file.o
 *fill*         0x08008293        0x1 
 .rodata.firmware_run.str1.4
                0x08008294       0x30 build/firmware.o
                                 0x2f (size before relaxing)
 .rodata.AHBPrescTable
                0x080082c4       0x10 build/system_stm32f4xx.o
                0x080082c4                AHBPrescTable
 .rodata.APBPrescTable
                0x080082d4        0x8 build/system_stm32f4xx.o
                0x080082d4                APBPrescTable
 .rodata._global_impure_ptr
                0x080082dc        0x4 c:/program files (x86)/gnu tools arm embedded/8 2019-q3-update/bin/../lib/gcc/arm-none-eabi/8.3.1/../../../../arm-none-eabi/lib/thumb/v7e-m+fp/hard\libc_nano.a(lib_a-impure.o)
                0x080082dc                _global_impure_ptr
 .rodata.__sf_fake_stderr
                0x080082e0       0x20 c:/program files (x86)/gnu tools arm embedded/8 2019-q3-update/bin/../lib/gcc/arm-none-eabi/8.3.1/../../../../arm-none-eabi/lib/thumb/v7e-m+fp/hard\libc_nano.a(lib_a-findfp.o)
                0x080082e0                __sf_fake_stderr
 .rodata.__sf_fake_stdin
                0x08008300       0x20 c:/program files (x86)/gnu tools arm embedded/8 2019-q3-update/bin/../lib/gcc/arm-none-eabi/8.3.1/../../../../arm-none-eabi/lib/thumb/v7e-m+fp/hard\libc_nano.a(lib_a-findfp.o)
                0x08008300                __sf_fake_stdin
 .rodata.__sf_fake_stdout
                0x08008320       0x20 c:/program files (x86)/gnu tools arm embedded/8 2019-q3-update/bin/../lib/gcc/arm-none-eabi/8.3.1/../../../../arm-none-eabi/lib/thumb/v7e-m+fp/hard\libc_nano.a(lib_a-findfp.o)
                0x08008320                __sf_fake_stdout
 .rodata._vfprintf_r.str1.1
                0x08008340       0x11 c:/program files (x86)/gnu tools arm embedded/8 2019-q3-update/bin/../lib/gcc/arm-none-eabi/8.3.1/../../../../arm-none-eabi/lib/thumb/v7e-m+fp/hard\libc_nano.a(lib_a-nano-vfprintf.o)
 .rodata._printf_i.str1.1
                0x08008351       0x22 c:/program files (x86)/gnu tools arm embedded/8 2019-q3-update/bin/../lib/gcc/arm-none-eabi/8.3.1/../../../../arm-none-eabi/lib/thumb/v7e-m+fp/hard\libc_nano.a(lib_a-nano-vfprintf_i.o)
                0x08008374                . = ALIGN (0x4)
 *fill*         0x08008373        0x1 

.ARM.extab
 *(.ARM.extab* .gnu.linkonce.armextab.*)

.ARM            0x08008374        0x8
                0x08008374                __exidx_start = .
 *(.ARM.exidx*)
 .ARM.exidx     0x08008374        0x8 c:/program files (x86)/gnu tools arm embedded/8 2019-q3-update/bin/../lib/gcc/arm-none-eabi/8.3.1/thumb/v7e-m+fp/hard\libgcc.a(_udivmoddi4.o)
                0x0800837c                __exidx_end = .

.rel.dyn        0x0800837c        0x0
 .rel.iplt      0x0800837c        0x0 c:/program files (x86)/gnu tools arm embedded/8 2019-q3-update/bin/../lib/gcc/arm-none-eabi/8.3.1/thumb/v7e-m+fp/hard/crtbegin.o

.preinit_array  0x0800837c        0x0
                0x0800837c                PROVIDE (__preinit_array_start = .)
 *(.preinit_array*)
                0x0800837c                PROVIDE (__preinit_array_end = .)

.init_array     0x0800837c        0x4
                0x0800837c                PROVIDE (__init_array_start = .)
 *(SORT_BY_NAME(.init_array.*))
 *(.init_array*)
 .init_array    0x0800837c        0x4 c:/program files (x86)/gnu tools arm embedded/8 2019-q3-update/bin/../lib/gcc/arm-none-eabi/8.3.1/thumb/v7e-m+fp/hard/crtbegin.o
                0x08008380                PROVIDE (__init_array_end = .)

.fini_array     0x08008380        0x4
                [!provide]                PROVIDE (__fini_array_start = .)
 *(SORT_BY_NAME(.fini_array.*))
 *(.fini_array*)
 .fini_array    0x08008380        0x4 c:/program files (x86)/gnu tools arm embedded/8 2019-q3-update/bin/../lib/gcc/arm-none-eabi/8.3.1/thumb/v7e-m+fp/hard/crtbegin.o
                [!provide]                PROVIDE (__fini_array_end = .)
                0x08008384                _sidata = LOADADDR (.data)

.data           0x20000000      0x148 load address 0x08008384
                0x20000000                . = ALIGN (0x4)
                0x20000000                _sdata = .
 *(.data)
 *(.data*)
 .data.fName    0x20000000        0xe build/main.o
                0x20000000                fName
 .data.uwTickFreq
                0x2000000e        0x1 build/stm32f4xx_hal.o
                0x2000000e                uwTickFreq
 *fill*         0x2000000f        0x1 
 .data.ili9488_drv
                0x20000010       0x40 build/ili9488.o
                0x20000010                ili9488_drv
 .data.lcd_drv  0x20000050        0x4 build/ili9488.o
                0x20000050                lcd_drv
 .data.Font8    0x20000054        0x8 build/font8.o
                0x20000054                Font8
 .data.Stat     0x2000005c        0x1 build/sd_diskio.o
 *fill*         0x2000005d        0x3 
 .data.key      0x20000060       0x80 build/flash_file.o
                0x20000060                key
 .data.SystemCoreClock
                0x200000e0        0x4 build/system_stm32f4xx.o
                0x200000e0                SystemCoreClock
 .data._impure_ptr
                0x200000e4        0x4 c:/program files (x86)/gnu tools arm embedded/8 2019-q3-update/bin/../lib/gcc/arm-none-eabi/8.3.1/../../../../arm-none-eabi/lib/thumb/v7e-m+fp/hard\libc_nano.a(lib_a-impure.o)
                0x200000e4                _impure_ptr
 .data.impure_data
                0x200000e8       0x60 c:/program files (x86)/gnu tools arm embedded/8 2019-q3-update/bin/../lib/gcc/arm-none-eabi/8.3.1/../../../../arm-none-eabi/lib/thumb/v7e-m+fp/hard\libc_nano.a(lib_a-impure.o)
                0x20000148                . = ALIGN (0x4)
                0x20000148                _edata = .
                0x080084cc                _siccmram = LOADADDR (.ccmram)

.igot.plt       0x20000148        0x0 load address 0x080084cc
 .igot.plt      0x20000148        0x0 c:/program files (x86)/gnu tools arm embedded/8 2019-q3-update/bin/../lib/gcc/arm-none-eabi/8.3.1/thumb/v7e-m+fp/hard/crtbegin.o

.ccmram         0x10000000        0x0 load address 0x080084cc
                0x10000000                . = ALIGN (0x4)
                0x10000000                _sccmram = .
 *(.ccmram)
 *(.ccmram*)
                0x10000000                . = ALIGN (0x4)
                0x10000000                _eccmram = .
                0x10000000                . = ALIGN (0x4)

.bss            0x20000148     0xbbb0
                0x20000148                _sbss = .
                0x20000148                __bss_start__ = _sbss
 *(.bss)
 .bss           0x20000148       0x1c c:/program files (x86)/gnu tools arm embedded/8 2019-q3-update/bin/../lib/gcc/arm-none-eabi/8.3.1/thumb/v7e-m+fp/hard/crtbegin.o
 *(.bss*)
 .bss.FSMC_Initialized
                0x20000164        0x4 build/stm32f4xx_hal_msp.o
 .bss.bitmap    0x20000168      0x366 build/stm32_adafruit_lcd.o
 .bss.Is_ili9488_Initialized
                0x200004ce        0x1 build/ili9488.o
 *fill*         0x200004cf        0x1 
 .bss.disk      0x200004d0        0xc build/ff_gen_drv.o
                0x200004d0                disk
 .bss.FatFs     0x200004dc        0x4 build/ff.o
 .bss.Files     0x200004e0       0x50 build/ff.o
 .bss.Fsid      0x20000530        0x2 build/ff.o
 *fill*         0x20000532        0x2 
 .bss.LfnBuf    0x20000534      0x200 build/ff.o
 .bss.EraseInitStruct
                0x20000734       0x14 build/flash_file.o
 .bss.FirstSector
                0x20000748        0x4 build/flash_file.o
                0x20000748                FirstSector
 .bss.NbOfSectors
                0x2000074c        0x4 build/flash_file.o
                0x2000074c                NbOfSectors
 .bss.SectorError
                0x20000750        0x4 build/flash_file.o
                0x20000750                SectorError
 .bss.bufferLen
                0x20000754        0x4 build/flash_file.o
                0x20000754                bufferLen
 .bss.info      0x20000758      0x118 build/flash_file.o
 .bss.__malloc_free_list
                0x20000870        0x4 c:/program files (x86)/gnu tools arm embedded/8 2019-q3-update/bin/../lib/gcc/arm-none-eabi/8.3.1/../../../../arm-none-eabi/lib/thumb/v7e-m+fp/hard\libc_nano.a(lib_a-nano-mallocr.o)
                0x20000870                __malloc_free_list
 .bss.__malloc_sbrk_start
                0x20000874        0x4 c:/program files (x86)/gnu tools arm embedded/8 2019-q3-update/bin/../lib/gcc/arm-none-eabi/8.3.1/../../../../arm-none-eabi/lib/thumb/v7e-m+fp/hard\libc_nano.a(lib_a-nano-mallocr.o)
                0x20000874                __malloc_sbrk_start
 .bss.heap_end.5501
                0x20000878        0x4 c:/program files (x86)/gnu tools arm embedded/8 2019-q3-update/bin/../lib/gcc/arm-none-eabi/8.3.1/../../../../arm-none-eabi/lib/thumb/v7e-m+fp/hard\libnosys.a(sbrk.o)
 *(COMMON)
 COMMON         0x2000087c     0x33f0 build/main.o
                0x2000087c                hdma_sdio_rx
                0x200008dc                txt
                0x200008fa                retSD
                0x200008fc                huart3
                0x2000093c                sdFileSystem
                0x20001974                hsram1
                0x200019c4                SDCardInfo
                0x200019e4                huart1
                0x20001a24                SDPath
                0x20001a28                hrtc
                0x20001a48                hdma_sdio_tx
                0x20001aa8                hsd
                0x20001b2c                huart6
                0x20001b6c                hspi1
                0x20001bc4                htim2
                0x20001c00                SDFile
                0x20002c30                res
                0x20002c34                SDFatFS
 COMMON         0x20003c6c       0x3c build/stm32f4xx_hal_timebase_TIM.o
                0x20003c6c                htim6
 COMMON         0x20003ca8       0x20 build/stm32f4xx_hal_flash.o
                0x20003ca8                pFlash
 COMMON         0x20003cc8        0x4 build/stm32f4xx_hal.o
                0x20003cc8                uwTick
 COMMON         0x20003ccc        0xc build/stm32_adafruit_lcd.o
                0x20003ccc                DrawProp
 COMMON         0x20003cd8     0x8013 build/flash_file.o
                0x20003cd8                erase_flash
                0x20003cec                buffer
                0x20007cec                buffer_crypt
 COMMON         0x2000bceb        0x9 c:/program files (x86)/gnu tools arm embedded/8 2019-q3-update/bin/../lib/gcc/arm-none-eabi/8.3.1/../../../../arm-none-eabi/lib/thumb/v7e-m+fp/hard\libc_nano.a(lib_a-lock.o)
                0x2000bceb                __lock___atexit_recursive_mutex
                0x2000bcec                __lock___arc4random_mutex
                0x2000bced                __lock___env_recursive_mutex
                0x2000bcee                __lock___sinit_recursive_mutex
                0x2000bcef                __lock___malloc_recursive_mutex
                0x2000bcf0                __lock___at_quick_exit_mutex
                0x2000bcf1                __lock___dd_hash_mutex
                0x2000bcf2                __lock___tz_mutex
                0x2000bcf3                __lock___sfp_recursive_mutex
 COMMON         0x2000bcf4        0x4 c:/program files (x86)/gnu tools arm embedded/8 2019-q3-update/bin/../lib/gcc/arm-none-eabi/8.3.1/../../../../arm-none-eabi/lib/thumb/v7e-m+fp/hard\libc_nano.a(lib_a-reent.o)
                0x2000bcf4                errno
                0x2000bcf8                . = ALIGN (0x4)
                0x2000bcf8                _ebss = .
                0x2000bcf8                __bss_end__ = _ebss

._user_heap_stack
                0x2000bcf8      0xa00
                0x2000bcf8                . = ALIGN (0x8)
                0x2000bcf8                PROVIDE (end = .)
                [!provide]                PROVIDE (_end = .)
                0x2000bef8                . = (. + _Min_Heap_Size)
 *fill*         0x2000bcf8      0x200 
                0x2000c6f8                . = (. + _Min_Stack_Size)
 *fill*         0x2000bef8      0x800 
                0x2000c6f8                . = ALIGN (0x8)

/DISCARD/
 libc.a(*)
 libm.a(*)
 libgcc.a(*)

.ARM.attributes
                0x00000000       0x30
 *(.ARM.attributes)
 .ARM.attributes
                0x00000000       0x1e c:/program files (x86)/gnu tools arm embedded/8 2019-q3-update/bin/../lib/gcc/arm-none-eabi/8.3.1/thumb/v7e-m+fp/hard/crti.o
 .ARM.attributes
                0x0000001e       0x34 c:/program files (x86)/gnu tools arm embedded/8 2019-q3-update/bin/../lib/gcc/arm-none-eabi/8.3.1/thumb/v7e-m+fp/hard/crtbegin.o
 .ARM.attributes
                0x00000052       0x34 build/main.o
 .ARM.attributes
                0x00000086       0x34 build/stm32f4xx_it.o
 .ARM.attributes
                0x000000ba       0x34 build/stm32f4xx_hal_msp.o
 .ARM.attributes
                0x000000ee       0x34 build/stm32f4xx_hal_timebase_TIM.o
 .ARM.attributes
                0x00000122       0x34 build/stm32f4xx_ll_fsmc.o
 .ARM.attributes
                0x00000156       0x34 build/stm32f4xx_hal_sram.o
 .ARM.attributes
                0x0000018a       0x34 build/stm32f4xx_hal_tim.o
 .ARM.attributes
                0x000001be       0x34 build/stm32f4xx_hal_tim_ex.o
 .ARM.attributes
                0x000001f2       0x34 build/stm32f4xx_hal_rcc.o
 .ARM.attributes
                0x00000226       0x34 build/stm32f4xx_hal_rcc_ex.o
 .ARM.attributes
                0x0000025a       0x34 build/stm32f4xx_hal_flash.o
 .ARM.attributes
                0x0000028e       0x34 build/stm32f4xx_hal_flash_ex.o
 .ARM.attributes
                0x000002c2       0x34 build/stm32f4xx_hal_gpio.o
 .ARM.attributes
                0x000002f6       0x34 build/stm32f4xx_hal_dma.o
 .ARM.attributes
                0x0000032a       0x34 build/stm32f4xx_hal_sd.o
 .ARM.attributes
                0x0000035e       0x34 build/stm32f4xx_ll_sdmmc.o
 .ARM.attributes
                0x00000392       0x34 build/stm32f4xx_hal_uart.o
 .ARM.attributes
                0x000003c6       0x34 build/stm32f4xx_hal_cortex.o
 .ARM.attributes
                0x000003fa       0x34 build/stm32f4xx_hal.o
 .ARM.attributes
                0x0000042e       0x34 build/stm32_adafruit_lcd.o
 .ARM.attributes
                0x00000462       0x34 build/ili9488.o
 .ARM.attributes
                0x00000496       0x34 build/lcd_io_fsmc16.o
 .ARM.attributes
                0x000004ca       0x39 build/font8.o
 .ARM.attributes
                0x00000503       0x34 build/usart.o
 .ARM.attributes
                0x00000537       0x34 build/fatfs.o
 .ARM.attributes
                0x0000056b       0x34 build/bsp_driver_sd.o
 .ARM.attributes
                0x0000059f       0x34 build/sd_diskio.o
 .ARM.attributes
                0x000005d3       0x34 build/ff_gen_drv.o
 .ARM.attributes
                0x00000607       0x34 build/ff.o
 .ARM.attributes
                0x0000063b       0x34 build/diskio.o
 .ARM.attributes
                0x0000066f       0x34 build/ccsbcs.o
 .ARM.attributes
                0x000006a3       0x34 build/flash_file.o
 .ARM.attributes
                0x000006d7       0x34 build/firmware.o
 .ARM.attributes
                0x0000070b       0x34 build/system_stm32f4xx.o
 .ARM.attributes
                0x0000073f       0x21 build/startup_stm32f407xx.o
 .ARM.attributes
                0x00000760       0x32 c:/program files (x86)/gnu tools arm embedded/8 2019-q3-update/bin/../lib/gcc/arm-none-eabi/8.3.1/../../../../arm-none-eabi/lib/thumb/v7e-m+fp/hard\libc_nano.a(lib_a-impure.o)
 .ARM.attributes
                0x00000792       0x34 c:/program files (x86)/gnu tools arm embedded/8 2019-q3-update/bin/../lib/gcc/arm-none-eabi/8.3.1/../../../../arm-none-eabi/lib/thumb/v7e-m+fp/hard\libc_nano.a(lib_a-init.o)
 .ARM.attributes
                0x000007c6       0x34 c:/program files (x86)/gnu tools arm embedded/8 2019-q3-update/bin/../lib/gcc/arm-none-eabi/8.3.1/../../../../arm-none-eabi/lib/thumb/v7e-m+fp/hard\libc_nano.a(lib_a-memset.o)
 .ARM.attributes
                0x000007fa       0x34 c:/program files (x86)/gnu tools arm embedded/8 2019-q3-update/bin/../lib/gcc/arm-none-eabi/8.3.1/../../../../arm-none-eabi/lib/thumb/v7e-m+fp/hard\libc_nano.a(lib_a-printf.o)
 .ARM.attributes
                0x0000082e       0x34 c:/program files (x86)/gnu tools arm embedded/8 2019-q3-update/bin/../lib/gcc/arm-none-eabi/8.3.1/../../../../arm-none-eabi/lib/thumb/v7e-m+fp/hard\libc_nano.a(lib_a-puts.o)
 .ARM.attributes
                0x00000862       0x34 c:/program files (x86)/gnu tools arm embedded/8 2019-q3-update/bin/../lib/gcc/arm-none-eabi/8.3.1/../../../../arm-none-eabi/lib/thumb/v7e-m+fp/hard\libc_nano.a(lib_a-wbuf.o)
 .ARM.attributes
                0x00000896       0x34 c:/program files (x86)/gnu tools arm embedded/8 2019-q3-update/bin/../lib/gcc/arm-none-eabi/8.3.1/../../../../arm-none-eabi/lib/thumb/v7e-m+fp/hard\libc_nano.a(lib_a-wsetup.o)
 .ARM.attributes
                0x000008ca       0x34 c:/program files (x86)/gnu tools arm embedded/8 2019-q3-update/bin/../lib/gcc/arm-none-eabi/8.3.1/../../../../arm-none-eabi/lib/thumb/v7e-m+fp/hard\libc_nano.a(lib_a-fflush.o)
 .ARM.attributes
                0x000008fe       0x34 c:/program files (x86)/gnu tools arm embedded/8 2019-q3-update/bin/../lib/gcc/arm-none-eabi/8.3.1/../../../../arm-none-eabi/lib/thumb/v7e-m+fp/hard\libc_nano.a(lib_a-findfp.o)
 .ARM.attributes
                0x00000932       0x34 c:/program files (x86)/gnu tools arm embedded/8 2019-q3-update/bin/../lib/gcc/arm-none-eabi/8.3.1/../../../../arm-none-eabi/lib/thumb/v7e-m+fp/hard\libc_nano.a(lib_a-fwalk.o)
 .ARM.attributes
                0x00000966       0x34 c:/program files (x86)/gnu tools arm embedded/8 2019-q3-update/bin/../lib/gcc/arm-none-eabi/8.3.1/../../../../arm-none-eabi/lib/thumb/v7e-m+fp/hard\libc_nano.a(lib_a-lock.o)
 .ARM.attributes
                0x0000099a       0x34 c:/program files (x86)/gnu tools arm embedded/8 2019-q3-update/bin/../lib/gcc/arm-none-eabi/8.3.1/../../../../arm-none-eabi/lib/thumb/v7e-m+fp/hard\libc_nano.a(lib_a-makebuf.o)
 .ARM.attributes
                0x000009ce       0x34 c:/program files (x86)/gnu tools arm embedded/8 2019-q3-update/bin/../lib/gcc/arm-none-eabi/8.3.1/../../../../arm-none-eabi/lib/thumb/v7e-m+fp/hard\libc_nano.a(lib_a-nano-freer.o)
 .ARM.attributes
                0x00000a02       0x34 c:/program files (x86)/gnu tools arm embedded/8 2019-q3-update/bin/../lib/gcc/arm-none-eabi/8.3.1/../../../../arm-none-eabi/lib/thumb/v7e-m+fp/hard\libc_nano.a(lib_a-nano-mallocr.o)
 .ARM.attributes
                0x00000a36       0x34 c:/program files (x86)/gnu tools arm embedded/8 2019-q3-update/bin/../lib/gcc/arm-none-eabi/8.3.1/../../../../arm-none-eabi/lib/thumb/v7e-m+fp/hard\libc_nano.a(lib_a-nano-vfprintf.o)
 .ARM.attributes
                0x00000a6a       0x34 c:/program files (x86)/gnu tools arm embedded/8 2019-q3-update/bin/../lib/gcc/arm-none-eabi/8.3.1/../../../../arm-none-eabi/lib/thumb/v7e-m+fp/hard\libc_nano.a(lib_a-nano-vfprintf_i.o)
 .ARM.attributes
                0x00000a9e       0x34 c:/program files (x86)/gnu tools arm embedded/8 2019-q3-update/bin/../lib/gcc/arm-none-eabi/8.3.1/../../../../arm-none-eabi/lib/thumb/v7e-m+fp/hard\libc_nano.a(lib_a-sbrkr.o)
 .ARM.attributes
                0x00000ad2       0x34 c:/program files (x86)/gnu tools arm embedded/8 2019-q3-update/bin/../lib/gcc/arm-none-eabi/8.3.1/../../../../arm-none-eabi/lib/thumb/v7e-m+fp/hard\libc_nano.a(lib_a-stdio.o)
 .ARM.attributes
                0x00000b06       0x34 c:/program files (x86)/gnu tools arm embedded/8 2019-q3-update/bin/../lib/gcc/arm-none-eabi/8.3.1/../../../../arm-none-eabi/lib/thumb/v7e-m+fp/hard\libc_nano.a(lib_a-writer.o)
 .ARM.attributes
                0x00000b3a       0x34 c:/program files (x86)/gnu tools arm embedded/8 2019-q3-update/bin/../lib/gcc/arm-none-eabi/8.3.1/../../../../arm-none-eabi/lib/thumb/v7e-m+fp/hard\libc_nano.a(lib_a-closer.o)
 .ARM.attributes
                0x00000b6e       0x34 c:/program files (x86)/gnu tools arm embedded/8 2019-q3-update/bin/../lib/gcc/arm-none-eabi/8.3.1/../../../../arm-none-eabi/lib/thumb/v7e-m+fp/hard\libc_nano.a(lib_a-fstatr.o)
 .ARM.attributes
                0x00000ba2       0x34 c:/program files (x86)/gnu tools arm embedded/8 2019-q3-update/bin/../lib/gcc/arm-none-eabi/8.3.1/../../../../arm-none-eabi/lib/thumb/v7e-m+fp/hard\libc_nano.a(lib_a-isattyr.o)
 .ARM.attributes
                0x00000bd6       0x34 c:/program files (x86)/gnu tools arm embedded/8 2019-q3-update/bin/../lib/gcc/arm-none-eabi/8.3.1/../../../../arm-none-eabi/lib/thumb/v7e-m+fp/hard\libc_nano.a(lib_a-lseekr.o)
 .ARM.attributes
                0x00000c0a       0x1c c:/program files (x86)/gnu tools arm embedded/8 2019-q3-update/bin/../lib/gcc/arm-none-eabi/8.3.1/../../../../arm-none-eabi/lib/thumb/v7e-m+fp/hard\libc_nano.a(lib_a-memchr.o)
 .ARM.attributes
                0x00000c26       0x34 c:/program files (x86)/gnu tools arm embedded/8 2019-q3-update/bin/../lib/gcc/arm-none-eabi/8.3.1/../../../../arm-none-eabi/lib/thumb/v7e-m+fp/hard\libc_nano.a(lib_a-mlock.o)
 .ARM.attributes
                0x00000c5a       0x34 c:/program files (x86)/gnu tools arm embedded/8 2019-q3-update/bin/../lib/gcc/arm-none-eabi/8.3.1/../../../../arm-none-eabi/lib/thumb/v7e-m+fp/hard\libc_nano.a(lib_a-readr.o)
 .ARM.attributes
                0x00000c8e       0x34 c:/program files (x86)/gnu tools arm embedded/8 2019-q3-update/bin/../lib/gcc/arm-none-eabi/8.3.1/../../../../arm-none-eabi/lib/thumb/v7e-m+fp/hard\libc_nano.a(lib_a-reent.o)
 .ARM.attributes
                0x00000cc2       0x34 c:/program files (x86)/gnu tools arm embedded/8 2019-q3-update/bin/../lib/gcc/arm-none-eabi/8.3.1/../../../../arm-none-eabi/lib/thumb/v7e-m+fp/hard\libnosys.a(close.o)
 .ARM.attributes
                0x00000cf6       0x34 c:/program files (x86)/gnu tools arm embedded/8 2019-q3-update/bin/../lib/gcc/arm-none-eabi/8.3.1/../../../../arm-none-eabi/lib/thumb/v7e-m+fp/hard\libnosys.a(fstat.o)
 .ARM.attributes
                0x00000d2a       0x34 c:/program files (x86)/gnu tools arm embedded/8 2019-q3-update/bin/../lib/gcc/arm-none-eabi/8.3.1/../../../../arm-none-eabi/lib/thumb/v7e-m+fp/hard\libnosys.a(isatty.o)
 .ARM.attributes
                0x00000d5e       0x34 c:/program files (x86)/gnu tools arm embedded/8 2019-q3-update/bin/../lib/gcc/arm-none-eabi/8.3.1/../../../../arm-none-eabi/lib/thumb/v7e-m+fp/hard\libnosys.a(lseek.o)
 .ARM.attributes
                0x00000d92       0x34 c:/program files (x86)/gnu tools arm embedded/8 2019-q3-update/bin/../lib/gcc/arm-none-eabi/8.3.1/../../../../arm-none-eabi/lib/thumb/v7e-m+fp/hard\libnosys.a(read.o)
 .ARM.attributes
                0x00000dc6       0x34 c:/program files (x86)/gnu tools arm embedded/8 2019-q3-update/bin/../lib/gcc/arm-none-eabi/8.3.1/../../../../arm-none-eabi/lib/thumb/v7e-m+fp/hard\libnosys.a(sbrk.o)
 .ARM.attributes
                0x00000dfa       0x1e c:/program files (x86)/gnu tools arm embedded/8 2019-q3-update/bin/../lib/gcc/arm-none-eabi/8.3.1/thumb/v7e-m+fp/hard\libgcc.a(_aeabi_uldivmod.o)
 .ARM.attributes
                0x00000e18       0x34 c:/program files (x86)/gnu tools arm embedded/8 2019-q3-update/bin/../lib/gcc/arm-none-eabi/8.3.1/thumb/v7e-m+fp/hard\libgcc.a(_udivmoddi4.o)
 .ARM.attributes
                0x00000e4c       0x1e c:/program files (x86)/gnu tools arm embedded/8 2019-q3-update/bin/../lib/gcc/arm-none-eabi/8.3.1/thumb/v7e-m+fp/hard\libgcc.a(_dvmd_tls.o)
 .ARM.attributes
                0x00000e6a       0x1e c:/program files (x86)/gnu tools arm embedded/8 2019-q3-update/bin/../lib/gcc/arm-none-eabi/8.3.1/thumb/v7e-m+fp/hard/crtn.o
OUTPUT(build/f407vet_app_fsmc.elf elf32-littlearm)

.debug_info     0x00000000    0x3ad46
 .debug_info    0x00000000     0x3dd2 build/main.o
 .debug_info    0x00003dd2     0x1a64 build/stm32f4xx_it.o
 .debug_info    0x00005836     0x2647 build/stm32f4xx_hal_msp.o
 .debug_info    0x00007e7d     0x16c5 build/stm32f4xx_hal_timebase_TIM.o
 .debug_info    0x00009542     0x162b build/stm32f4xx_ll_fsmc.o
 .debug_info    0x0000ab6d     0x1799 build/stm32f4xx_hal_sram.o
 .debug_info    0x0000c306     0x3fdc build/stm32f4xx_hal_tim.o
 .debug_info    0x000102e2     0x1fe7 build/stm32f4xx_hal_tim_ex.o
 .debug_info    0x000122c9     0x155b build/stm32f4xx_hal_rcc.o
 .debug_info    0x00013824     0x10e9 build/stm32f4xx_hal_rcc_ex.o
 .debug_info    0x0001490d     0x11af build/stm32f4xx_hal_flash.o
 .debug_info    0x00015abc     0x12cc build/stm32f4xx_hal_flash_ex.o
 .debug_info    0x00016d88     0x123b build/stm32f4xx_hal_gpio.o
 .debug_info    0x00017fc3     0x15ae build/stm32f4xx_hal_dma.o
 .debug_info    0x00019571     0x3291 build/stm32f4xx_hal_sd.o
 .debug_info    0x0001c802     0x23d7 build/stm32f4xx_ll_sdmmc.o
 .debug_info    0x0001ebd9     0x2454 build/stm32f4xx_hal_uart.o
 .debug_info    0x0002102d     0x1b69 build/stm32f4xx_hal_cortex.o
 .debug_info    0x00022b96     0x1492 build/stm32f4xx_hal.o
 .debug_info    0x00024028     0x1c35 build/stm32_adafruit_lcd.o
 .debug_info    0x00025c5d     0x1c63 build/ili9488.o
 .debug_info    0x000278c0     0x1476 build/lcd_io_fsmc16.o
 .debug_info    0x00028d36      0x164 build/font8.o
 .debug_info    0x00028e9a     0x1538 build/usart.o
 .debug_info    0x0002a3d2      0xfe8 build/fatfs.o
 .debug_info    0x0002b3ba     0x17dc build/bsp_driver_sd.o
 .debug_info    0x0002cb96     0x11b6 build/sd_diskio.o
 .debug_info    0x0002dd4c      0xe5e build/ff_gen_drv.o
 .debug_info    0x0002ebaa     0x584e build/ff.o
 .debug_info    0x000343f8      0xf11 build/diskio.o
 .debug_info    0x00035309      0xc2f build/ccsbcs.o
 .debug_info    0x00035f38     0x1b2c build/flash_file.o
 .debug_info    0x00037a64     0x235f build/firmware.o
 .debug_info    0x00039dc3      0xf61 build/system_stm32f4xx.o
 .debug_info    0x0003ad24       0x22 build/startup_stm32f407xx.o

.debug_abbrev   0x00000000     0x6923
 .debug_abbrev  0x00000000      0x4c4 build/main.o
 .debug_abbrev  0x000004c4      0x2d2 build/stm32f4xx_it.o
 .debug_abbrev  0x00000796      0x31a build/stm32f4xx_hal_msp.o
 .debug_abbrev  0x00000ab0      0x2b7 build/stm32f4xx_hal_timebase_TIM.o
 .debug_abbrev  0x00000d67      0x2bd build/stm32f4xx_ll_fsmc.o
 .debug_abbrev  0x00001024      0x2cf build/stm32f4xx_hal_sram.o
 .debug_abbrev  0x000012f3      0x360 build/stm32f4xx_hal_tim.o
 .debug_abbrev  0x00001653      0x346 build/stm32f4xx_hal_tim_ex.o
 .debug_abbrev  0x00001999      0x37f build/stm32f4xx_hal_rcc.o
 .debug_abbrev  0x00001d18      0x2b5 build/stm32f4xx_hal_rcc_ex.o
 .debug_abbrev  0x00001fcd      0x3a8 build/stm32f4xx_hal_flash.o
 .debug_abbrev  0x00002375      0x365 build/stm32f4xx_hal_flash_ex.o
 .debug_abbrev  0x000026da      0x30a build/stm32f4xx_hal_gpio.o
 .debug_abbrev  0x000029e4      0x39c build/stm32f4xx_hal_dma.o
 .debug_abbrev  0x00002d80      0x381 build/stm32f4xx_hal_sd.o
 .debug_abbrev  0x00003101      0x32a build/stm32f4xx_ll_sdmmc.o
 .debug_abbrev  0x0000342b      0x3b3 build/stm32f4xx_hal_uart.o
 .debug_abbrev  0x000037de      0x462 build/stm32f4xx_hal_cortex.o
 .debug_abbrev  0x00003c40      0x325 build/stm32f4xx_hal.o
 .debug_abbrev  0x00003f65      0x34e build/stm32_adafruit_lcd.o
 .debug_abbrev  0x000042b3      0x2c8 build/ili9488.o
 .debug_abbrev  0x0000457b      0x289 build/lcd_io_fsmc16.o
 .debug_abbrev  0x00004804       0xae build/font8.o
 .debug_abbrev  0x000048b2      0x2a2 build/usart.o
 .debug_abbrev  0x00004b54      0x25a build/fatfs.o
 .debug_abbrev  0x00004dae      0x344 build/bsp_driver_sd.o
 .debug_abbrev  0x000050f2      0x2be build/sd_diskio.o
 .debug_abbrev  0x000053b0      0x2b7 build/ff_gen_drv.o
 .debug_abbrev  0x00005667      0x39c build/ff.o
 .debug_abbrev  0x00005a03      0x294 build/diskio.o
 .debug_abbrev  0x00005c97      0x231 build/ccsbcs.o
 .debug_abbrev  0x00005ec8      0x452 build/flash_file.o
 .debug_abbrev  0x0000631a      0x3dd build/firmware.o
 .debug_abbrev  0x000066f7      0x21a build/system_stm32f4xx.o
 .debug_abbrev  0x00006911       0x12 build/startup_stm32f407xx.o

.debug_loc      0x00000000    0x1d440
 .debug_loc     0x00000000      0x46e build/main.o
 .debug_loc     0x0000046e      0x18d build/stm32f4xx_it.o
 .debug_loc     0x000005fb      0x3db build/stm32f4xx_hal_msp.o
 .debug_loc     0x000009d6       0xbc build/stm32f4xx_hal_timebase_TIM.o
 .debug_loc     0x00000a92      0x970 build/stm32f4xx_ll_fsmc.o
 .debug_loc     0x00001402      0xbfa build/stm32f4xx_hal_sram.o
 .debug_loc     0x00001ffc     0x480b build/stm32f4xx_hal_tim.o
 .debug_loc     0x00006807     0x13fb build/stm32f4xx_hal_tim_ex.o
 .debug_loc     0x00007c02      0x68d build/stm32f4xx_hal_rcc.o
 .debug_loc     0x0000828f      0x485 build/stm32f4xx_hal_rcc_ex.o
 .debug_loc     0x00008714      0x4aa build/stm32f4xx_hal_flash.o
 .debug_loc     0x00008bbe      0x6c5 build/stm32f4xx_hal_flash_ex.o
 .debug_loc     0x00009283      0x5ca build/stm32f4xx_hal_gpio.o
 .debug_loc     0x0000984d      0xdd7 build/stm32f4xx_hal_dma.o
 .debug_loc     0x0000a624     0x289d build/stm32f4xx_hal_sd.o
 .debug_loc     0x0000cec1     0x1781 build/stm32f4xx_ll_sdmmc.o
 .debug_loc     0x0000e642     0x1dbe build/stm32f4xx_hal_uart.o
 .debug_loc     0x00010400      0x790 build/stm32f4xx_hal_cortex.o
 .debug_loc     0x00010b90      0x1cc build/stm32f4xx_hal.o
 .debug_loc     0x00010d5c     0x24d3 build/stm32_adafruit_lcd.o
 .debug_loc     0x0001322f      0x7a8 build/ili9488.o
 .debug_loc     0x000139d7      0x827 build/lcd_io_fsmc16.o
 .debug_loc     0x000141fe      0x171 build/usart.o
 .debug_loc     0x0001436f       0x20 build/fatfs.o
 .debug_loc     0x0001438f      0x6e7 build/bsp_driver_sd.o
 .debug_loc     0x00014a76      0x4e9 build/sd_diskio.o
 .debug_loc     0x00014f5f      0x2f7 build/ff_gen_drv.o
 .debug_loc     0x00015256     0x6acb build/ff.o
 .debug_loc     0x0001bd21      0x330 build/diskio.o
 .debug_loc     0x0001c051      0x36e build/ccsbcs.o
 .debug_loc     0x0001c3bf      0xb09 build/flash_file.o
 .debug_loc     0x0001cec8      0x40c build/firmware.o
 .debug_loc     0x0001d2d4      0x16c build/system_stm32f4xx.o

.debug_aranges  0x00000000     0x1910
 .debug_aranges
                0x00000000       0x90 build/main.o
 .debug_aranges
                0x00000090       0x88 build/stm32f4xx_it.o
 .debug_aranges
                0x00000118       0x78 build/stm32f4xx_hal_msp.o
 .debug_aranges
                0x00000190       0x30 build/stm32f4xx_hal_timebase_TIM.o
 .debug_aranges
                0x000001c0       0xa8 build/stm32f4xx_ll_fsmc.o
 .debug_aranges
                0x00000268       0xa0 build/stm32f4xx_hal_sram.o
 .debug_aranges
                0x00000308      0x368 build/stm32f4xx_hal_tim.o
 .debug_aranges
                0x00000670      0x140 build/stm32f4xx_hal_tim_ex.o
 .debug_aranges
                0x000007b0       0x88 build/stm32f4xx_hal_rcc.o
 .debug_aranges
                0x00000838       0x48 build/stm32f4xx_hal_rcc_ex.o
 .debug_aranges
                0x00000880       0xa0 build/stm32f4xx_hal_flash.o
 .debug_aranges
                0x00000920       0x98 build/stm32f4xx_hal_flash_ex.o
 .debug_aranges
                0x000009b8       0x58 build/stm32f4xx_hal_gpio.o
 .debug_aranges
                0x00000a10       0x90 build/stm32f4xx_hal_dma.o
 .debug_aranges
                0x00000aa0      0x168 build/stm32f4xx_hal_sd.o
 .debug_aranges
                0x00000c08      0x178 build/stm32f4xx_ll_sdmmc.o
 .debug_aranges
                0x00000d80      0x1d0 build/stm32f4xx_hal_uart.o
 .debug_aranges
                0x00000f50       0xa8 build/stm32f4xx_hal_cortex.o
 .debug_aranges
                0x00000ff8       0xe0 build/stm32f4xx_hal.o
 .debug_aranges
                0x000010d8      0x138 build/stm32_adafruit_lcd.o
 .debug_aranges
                0x00001210       0x98 build/ili9488.o
 .debug_aranges
                0x000012a8       0xb0 build/lcd_io_fsmc16.o
 .debug_aranges
                0x00001358       0x18 build/font8.o
 .debug_aranges
                0x00001370       0x38 build/usart.o
 .debug_aranges
                0x000013a8       0x28 build/fatfs.o
 .debug_aranges
                0x000013d0       0xc0 build/bsp_driver_sd.o
 .debug_aranges
                0x00001490       0x58 build/sd_diskio.o
 .debug_aranges
                0x000014e8       0x40 build/ff_gen_drv.o
 .debug_aranges
                0x00001528      0x230 build/ff.o
 .debug_aranges
                0x00001758       0x48 build/diskio.o
 .debug_aranges
                0x000017a0       0x28 build/ccsbcs.o
 .debug_aranges
                0x000017c8       0x80 build/flash_file.o
 .debug_aranges
                0x00001848       0x78 build/firmware.o
 .debug_aranges
                0x000018c0       0x28 build/system_stm32f4xx.o
 .debug_aranges
                0x000018e8       0x28 build/startup_stm32f407xx.o

.debug_ranges   0x00000000     0x1788
 .debug_ranges  0x00000000       0x98 build/main.o
 .debug_ranges  0x00000098       0x78 build/stm32f4xx_it.o
 .debug_ranges  0x00000110       0x68 build/stm32f4xx_hal_msp.o
 .debug_ranges  0x00000178       0x20 build/stm32f4xx_hal_timebase_TIM.o
 .debug_ranges  0x00000198       0x98 build/stm32f4xx_ll_fsmc.o
 .debug_ranges  0x00000230       0x90 build/stm32f4xx_hal_sram.o
 .debug_ranges  0x000002c0      0x358 build/stm32f4xx_hal_tim.o
 .debug_ranges  0x00000618      0x130 build/stm32f4xx_hal_tim_ex.o
 .debug_ranges  0x00000748       0x90 build/stm32f4xx_hal_rcc.o
 .debug_ranges  0x000007d8       0x38 build/stm32f4xx_hal_rcc_ex.o
 .debug_ranges  0x00000810       0x90 build/stm32f4xx_hal_flash.o
 .debug_ranges  0x000008a0       0x88 build/stm32f4xx_hal_flash_ex.o
 .debug_ranges  0x00000928       0x48 build/stm32f4xx_hal_gpio.o
 .debug_ranges  0x00000970       0x80 build/stm32f4xx_hal_dma.o
 .debug_ranges  0x000009f0      0x158 build/stm32f4xx_hal_sd.o
 .debug_ranges  0x00000b48      0x168 build/stm32f4xx_ll_sdmmc.o
 .debug_ranges  0x00000cb0      0x1c0 build/stm32f4xx_hal_uart.o
 .debug_ranges  0x00000e70       0xe0 build/stm32f4xx_hal_cortex.o
 .debug_ranges  0x00000f50       0xd0 build/stm32f4xx_hal.o