Archive member included to satisfy reference by file (symbol)

c:/program files (x86)/gnu tools arm embedded/8 2019-q3-update/bin/../lib/gcc/arm-none-eabi/8.3.1/../../../../arm-none-eabi/lib/thumb/v7e-m+fp/hard\libc_nano.a(lib_a-exit.o)
                              c:/program files (x86)/gnu tools arm embedded/8 2019-q3-update/bin/../lib/gcc/arm-none-eabi/8.3.1/../../../../arm-none-eabi/lib/thumb/v7e-m+fp/hard/crt0.o (exit)
c:/program files (x86)/gnu tools arm embedded/8 2019-q3-update/bin/../lib/gcc/arm-none-eabi/8.3.1/../../../../arm-none-eabi/lib/thumb/v7e-m+fp/hard\libc_nano.a(lib_a-impure.o)
                              c:/program files (x86)/gnu tools arm embedded/8 2019-q3-update/bin/../lib/gcc/arm-none-eabi/8.3.1/../../../../arm-none-eabi/lib/thumb/v7e-m+fp/hard\libc_nano.a(lib_a-exit.o) (_global_impure_ptr)
c:/program files (x86)/gnu tools arm embedded/8 2019-q3-update/bin/../lib/gcc/arm-none-eabi/8.3.1/../../../../arm-none-eabi/lib/thumb/v7e-m+fp/hard\libc_nano.a(lib_a-init.o)
                              c:/program files (x86)/gnu tools arm embedded/8 2019-q3-update/bin/../lib/gcc/arm-none-eabi/8.3.1/../../../../arm-none-eabi/lib/thumb/v7e-m+fp/hard/crt0.o (__libc_init_array)
c:/program files (x86)/gnu tools arm embedded/8 2019-q3-update/bin/../lib/gcc/arm-none-eabi/8.3.1/../../../../arm-none-eabi/lib/thumb/v7e-m+fp/hard\libc_nano.a(lib_a-memset.o)
                              c:/program files (x86)/gnu tools arm embedded/8 2019-q3-update/bin/../lib/gcc/arm-none-eabi/8.3.1/../../../../arm-none-eabi/lib/thumb/v7e-m+fp/hard/crt0.o (memset)
c:/program files (x86)/gnu tools arm embedded/8 2019-q3-update/bin/../lib/gcc/arm-none-eabi/8.3.1/../../../../arm-none-eabi/lib/thumb/v7e-m+fp/hard\libc_nano.a(lib_a-printf.o)
                              build/main.o (printf)
c:/program files (x86)/gnu tools arm embedded/8 2019-q3-update/bin/../lib/gcc/arm-none-eabi/8.3.1/../../../../arm-none-eabi/lib/thumb/v7e-m+fp/hard\libc_nano.a(lib_a-puts.o)
                              build/main.o (puts)
c:/program files (x86)/gnu tools arm embedded/8 2019-q3-update/bin/../lib/gcc/arm-none-eabi/8.3.1/../../../../arm-none-eabi/lib/thumb/v7e-m+fp/hard\libc_nano.a(lib_a-wbuf.o)
                              c:/program files (x86)/gnu tools arm embedded/8 2019-q3-update/bin/../lib/gcc/arm-none-eabi/8.3.1/../../../../arm-none-eabi/lib/thumb/v7e-m+fp/hard\libc_nano.a(lib_a-puts.o) (__swbuf_r)
c:/program files (x86)/gnu tools arm embedded/8 2019-q3-update/bin/../lib/gcc/arm-none-eabi/8.3.1/../../../../arm-none-eabi/lib/thumb/v7e-m+fp/hard\libc_nano.a(lib_a-wsetup.o)
                              c:/program files (x86)/gnu tools arm embedded/8 2019-q3-update/bin/../lib/gcc/arm-none-eabi/8.3.1/../../../../arm-none-eabi/lib/thumb/v7e-m+fp/hard\libc_nano.a(lib_a-puts.o) (__swsetup_r)
c:/program files (x86)/gnu tools arm embedded/8 2019-q3-update/bin/../lib/gcc/arm-none-eabi/8.3.1/../../../../arm-none-eabi/lib/thumb/v7e-m+fp/hard\libc_nano.a(lib_a-fflush.o)
                              c:/program files (x86)/gnu tools arm embedded/8 2019-q3-update/bin/../lib/gcc/arm-none-eabi/8.3.1/../../../../arm-none-eabi/lib/thumb/v7e-m+fp/hard\libc_nano.a(lib_a-wbuf.o) (_fflush_r)
c:/program files (x86)/gnu tools arm embedded/8 2019-q3-update/bin/../lib/gcc/arm-none-eabi/8.3.1/../../../../arm-none-eabi/lib/thumb/v7e-m+fp/hard\libc_nano.a(lib_a-findfp.o)
                              c:/program files (x86)/gnu tools arm embedded/8 2019-q3-update/bin/../lib/gcc/arm-none-eabi/8.3.1/../../../../arm-none-eabi/lib/thumb/v7e-m+fp/hard\libc_nano.a(lib_a-printf.o) (__sinit)
c:/program files (x86)/gnu tools arm embedded/8 2019-q3-update/bin/../lib/gcc/arm-none-eabi/8.3.1/../../../../arm-none-eabi/lib/thumb/v7e-m+fp/hard\libc_nano.a(lib_a-fwalk.o)
                              c:/program files (x86)/gnu tools arm embedded/8 2019-q3-update/bin/../lib/gcc/arm-none-eabi/8.3.1/../../../../arm-none-eabi/lib/thumb/v7e-m+fp/hard\libc_nano.a(lib_a-findfp.o) (_fwalk)
c:/program files (x86)/gnu tools arm embedded/8 2019-q3-update/bin/../lib/gcc/arm-none-eabi/8.3.1/../../../../arm-none-eabi/lib/thumb/v7e-m+fp/hard\libc_nano.a(lib_a-lock.o)
                              c:/program files (x86)/gnu tools arm embedded/8 2019-q3-update/bin/../lib/gcc/arm-none-eabi/8.3.1/../../../../arm-none-eabi/lib/thumb/v7e-m+fp/hard\libc_nano.a(lib_a-findfp.o) (__retarget_lock_init_recursive)
c:/program files (x86)/gnu tools arm embedded/8 2019-q3-update/bin/../lib/gcc/arm-none-eabi/8.3.1/../../../../arm-none-eabi/lib/thumb/v7e-m+fp/hard\libc_nano.a(lib_a-makebuf.o)
                              c:/program files (x86)/gnu tools arm embedded/8 2019-q3-update/bin/../lib/gcc/arm-none-eabi/8.3.1/../../../../arm-none-eabi/lib/thumb/v7e-m+fp/hard\libc_nano.a(lib_a-wsetup.o) (__smakebuf_r)
c:/program files (x86)/gnu tools arm embedded/8 2019-q3-update/bin/../lib/gcc/arm-none-eabi/8.3.1/../../../../arm-none-eabi/lib/thumb/v7e-m+fp/hard\libc_nano.a(lib_a-nano-freer.o)
[...]
Memory Configuration

Name             Origin             Length             Attributes
RAM              0x20000000         0x00018000         xrw
CCMRAM           0x10000000         0x00010000         rw
FLASH            0x08000000         0x00080000         xr
*default*        0x00000000         0xffffffff

Linker script and memory map

LOAD c:/program files (x86)/gnu tools arm embedded/8 2019-q3-update/bin/../lib/gcc/arm-none-eabi/8.3.1/thumb/v7e-m+fp/hard/crti.o
LOAD c:/program files (x86)/gnu tools arm embedded/8 2019-q3-update/bin/../lib/gcc/arm-none-eabi/8.3.1/thumb/v7e-m+fp/hard/crtbegin.o
LOAD c:/program files (x86)/gnu tools arm embedded/8 2019-q3-update/bin/../lib/gcc/arm-none-eabi/8.3.1/../../../../arm-none-eabi/lib/thumb/v7e-m+fp/hard/crt0.o
LOAD build/main.o
LOAD build/stm32f4xx_it.o
LOAD build/stm32f4xx_hal_msp.o
LOAD build/stm32f4xx_hal_timebase_TIM.o
LOAD build/stm32f4xx_ll_fsmc.o
LOAD build/stm32f4xx_hal_sram.o
LOAD build/stm32f4xx_hal_rtc.o
LOAD build/stm32f4xx_hal_rtc_ex.o
LOAD build/stm32f4xx_hal_tim.o
LOAD build/stm32f4xx_hal_tim_ex.o
LOAD build/stm32f4xx_hal_rcc.o
LOAD build/stm32f4xx_hal_rcc_ex.o
LOAD build/stm32f4xx_hal_flash.o
LOAD build/stm32f4xx_hal_flash_ex.o
LOAD build/stm32f4xx_hal_flash_ramfunc.o
LOAD build/stm32f4xx_hal_gpio.o
LOAD build/stm32f4xx_hal_dma_ex.o
LOAD build/stm32f4xx_hal_dma.o
LOAD build/stm32f4xx_hal_sd.o
LOAD build/stm32f4xx_ll_sdmmc.o
LOAD build/stm32f4xx_hal_spi.o
LOAD build/stm32f4xx_hal_uart.o
LOAD build/stm32f4xx_hal_pwr.o
LOAD build/stm32f4xx_hal_pwr_ex.o
LOAD build/stm32f4xx_hal_cortex.o
LOAD build/stm32f4xx_hal.o
LOAD build/stm32_adafruit_lcd.o
LOAD build/ili9488.o
LOAD build/lcd_io_fsmc16.o
LOAD build/font8.o
LOAD build/usart.o
LOAD build/fatfs.o
LOAD build/bsp_driver_sd.o
LOAD build/sd_diskio.o
LOAD build/ff_gen_drv.o
LOAD build/ff.o
LOAD build/diskio.o
LOAD build/syscall.o
LOAD build/ccsbcs.o
LOAD build/flash_file.o
LOAD build/firmware.o
LOAD build/crc32.o
LOAD build/system_stm32f4xx.o
LOAD build/startup_stm32f407xx.o
LOAD c:/program files (x86)/gnu tools arm embedded/8 2019-q3-update/bin/../lib/gcc/arm-none-eabi/8.3.1/../../../../arm-none-eabi/lib/thumb/v7e-m+fp/hard\libc_nano.a
LOAD c:/program files (x86)/gnu tools arm embedded/8 2019-q3-update/bin/../lib/gcc/arm-none-eabi/8.3.1/../../../../arm-none-eabi/lib/thumb/v7e-m+fp/hard\libm.a
LOAD c:/program files (x86)/gnu tools arm embedded/8 2019-q3-update/bin/../lib/gcc/arm-none-eabi/8.3.1/../../../../arm-none-eabi/lib/thumb/v7e-m+fp/hard\libnosys.a
START GROUP
LOAD c:/program files (x86)/gnu tools arm embedded/8 2019-q3-update/bin/../lib/gcc/arm-none-eabi/8.3.1/thumb/v7e-m+fp/hard\libgcc.a
LOAD c:/program files (x86)/gnu tools arm embedded/8 2019-q3-update/bin/../lib/gcc/arm-none-eabi/8.3.1/../../../../arm-none-eabi/lib/thumb/v7e-m+fp/hard\libc_nano.a
END GROUP
START GROUP
LOAD c:/program files (x86)/gnu tools arm embedded/8 2019-q3-update/bin/../lib/gcc/arm-none-eabi/8.3.1/thumb/v7e-m+fp/hard\libgcc.a
LOAD c:/program files (x86)/gnu tools arm embedded/8 2019-q3-update/bin/../lib/gcc/arm-none-eabi/8.3.1/../../../../arm-none-eabi/lib/thumb/v7e-m+fp/hard\libc_nano.a
END GROUP
LOAD c:/program files (x86)/gnu tools arm embedded/8 2019-q3-update/bin/../lib/gcc/arm-none-eabi/8.3.1/thumb/v7e-m+fp/hard/crtend.o
LOAD c:/program files (x86)/gnu tools arm embedded/8 2019-q3-update/bin/../lib/gcc/arm-none-eabi/8.3.1/thumb/v7e-m+fp/hard/crtn.o
                0x20018000                _estack = 0x20018000
                0x00000200                _Min_Heap_Size = 0x200
                0x00000800                _Min_Stack_Size = 0x800

.isr_vector     0x08000000      0x188
                0x08000000                . = ALIGN (0x4)
 *(.isr_vector)
 .isr_vector    0x08000000      0x188 build/startup_stm32f407xx.o
                0x08000000                g_pfnVectors
                0x08000188                . = ALIGN (0x4)

.text           0x08000190     0x75c0
                0x08000190                . = ALIGN (0x4)
 *(.text)
 .text          0x08000190       0x40 c:/program files (x86)/gnu tools arm embedded/8 2019-q3-update/bin/../lib/gcc/arm-none-eabi/8.3.1/thumb/v7e-m+fp/hard/crtbegin.o
 .text          0x080001d0       0xa0 c:/program files (x86)/gnu tools arm embedded/8 2019-q3-update/bin/../lib/gcc/arm-none-eabi/8.3.1/../../../../arm-none-eabi/lib/thumb/v7e-m+fp/hard\libc_nano.a(lib_a-memchr.o)
                0x080001d0                memchr
 .text          0x08000270       0x30 c:/program files (x86)/gnu tools arm embedded/8 2019-q3-update/bin/../lib/gcc/arm-none-eabi/8.3.1/thumb/v7e-m+fp/hard\libgcc.a(_aeabi_uldivmod.o)
                0x08000270                __aeabi_uldivmod
 .text          0x080002a0      0x2d0 c:/program files (x86)/gnu tools arm embedded/8 2019-q3-update/bin/../lib/gcc/arm-none-eabi/8.3.1/thumb/v7e-m+fp/hard\libgcc.a(_udivmoddi4.o)
                0x080002a0                __udivmoddi4
 .text          0x08000570        0x4 c:/program files (x86)/gnu tools arm embedded/8 2019-q3-update/bin/../lib/gcc/arm-none-eabi/8.3.1/thumb/v7e-m+fp/hard\libgcc.a(_dvmd_tls.o)
                0x08000570                __aeabi_idiv0
                0x08000570                __aeabi_ldiv0
 *(.text*)
 .text.MX_SDIO_SD_Init
                0x08000574       0x20 build/main.o
 .text.MX_GPIO_Init
                0x08000594       0xd0 build/main.o
 .text.NVIC_SetVectorTable
                0x08000664       0x14 build/main.o
                0x08000664                NVIC_SetVectorTable
 .text.Bootloader_JumpToApplication
                0x08000678       0x4c build/main.o
                0x08000678                Bootloader_JumpToApplication
 .text.HAL_TIM_PeriodElapsedCallback
                0x080006c4       0x18 build/main.o
                0x080006c4                HAL_TIM_PeriodElapsedCallback
 .text._Error_Handler
                0x080006dc        0x2 build/main.o
                0x080006dc                _Error_Handler
 *fill*         0x080006de        0x2 
 .text.MX_USART1_UART_Init
                0x080006e0       0x3c build/main.o
 .text.MX_FSMC_Init
                0x0800071c       0x70 build/main.o
 .text.SystemClock_Config
                0x0800078c       0xe8 build/main.o
                0x0800078c                SystemClock_Config
 .text.main     0x08000874      0x150 build/main.o
                0x08000874                main
 .text.NMI_Handler
                0x080009c4        0x2 build/stm32f4xx_it.o
                0x080009c4                NMI_Handler
 *fill*         0x080009c6        0x2 
 .text.hard_fault_handler_c
                0x080009c8       0xf4 build/stm32f4xx_it.o
                0x080009c8                hard_fault_handler_c
 .text.HardFault_Handler
                0x08000abc       0x2c build/stm32f4xx_it.o
                0x08000abc                HardFault_Handler
 .text.MemManage_Handler
                0x08000ae8        0x2 build/stm32f4xx_it.o
                0x08000ae8                MemManage_Handler
 .text.BusFault_Handler
                0x08000aea        0x2 build/stm32f4xx_it.o
                0x08000aea                BusFault_Handler
 .text.UsageFault_Handler
                0x08000aec        0x2 build/stm32f4xx_it.o
                0x08000aec                UsageFault_Handler
 .text.SVC_Handler
                0x08000aee        0x2 build/stm32f4xx_it.o
                0x08000aee                SVC_Handler
 .text.DebugMon_Handler
                0x08000af0        0x2 build/stm32f4xx_it.o
                0x08000af0                DebugMon_Handler
 .text.PendSV_Handler
                0x08000af2        0x2 build/stm32f4xx_it.o
                0x08000af2                PendSV_Handler
 .text.SysTick_Handler
                0x08000af4        0x8 build/stm32f4xx_it.o
                0x08000af4                SysTick_Handler
 .text.TIM6_DAC_IRQHandler
                0x08000afc       0x10 build/stm32f4xx_it.o
                0x08000afc                TIM6_DAC_IRQHandler
 .text.SDIO_IRQHandler
                0x08000b0c       0x10 build/stm32f4xx_it.o
                0x08000b0c                SDIO_IRQHandler
 .text.DMA2_Stream3_IRQHandler
                0x08000b1c       0x10 build/stm32f4xx_it.o
                0x08000b1c                DMA2_Stream3_IRQHandler
 .text.DMA2_Stream6_IRQHandler
                0x08000b2c       0x10 build/stm32f4xx_it.o
                0x08000b2c                DMA2_Stream6_IRQHandler
 .text.HAL_FSMC_MspInit
                0x08000b3c       0x70 build/stm32f4xx_hal_msp.o
 .text.HAL_MspInit
                0x08000bac       0x38 build/stm32f4xx_hal_msp.o
                0x08000bac                HAL_MspInit
 .text.HAL_SD_MspInit
                0x08000be4       0xc8 build/stm32f4xx_hal_msp.o
                0x08000be4                HAL_SD_MspInit
 .text.HAL_SD_MspDeInit
                0x08000cac       0x3c build/stm32f4xx_hal_msp.o
                0x08000cac                HAL_SD_MspDeInit
 .text.HAL_UART_MspInit
                0x08000ce8      0x138 build/stm32f4xx_hal_msp.o
                0x08000ce8                HAL_UART_MspInit
 .text.HAL_SRAM_MspInit
                0x08000e20        0x8 build/stm32f4xx_hal_msp.o
                0x08000e20                HAL_SRAM_MspInit
 .text.HAL_InitTick
                0x08000e28       0x7c build/stm32f4xx_hal_timebase_TIM.o
                0x08000e28                HAL_InitTick
 .text.FSMC_NORSRAM_Init
                0x08000ea4       0x58 build/stm32f4xx_ll_fsmc.o
                0x08000ea4                FSMC_NORSRAM_Init
 .text.FSMC_NORSRAM_Timing_Init
                0x08000efc       0x40 build/stm32f4xx_ll_fsmc.o
                0x08000efc                FSMC_NORSRAM_Timing_Init
 .text.FSMC_NORSRAM_Extended_Timing_Init
                0x08000f3c       0x44 build/stm32f4xx_ll_fsmc.o
                0x08000f3c                FSMC_NORSRAM_Extended_Timing_Init
 .text.HAL_SRAM_Init
                0x08000f80       0x52 build/stm32f4xx_hal_sram.o
                0x08000f80                HAL_SRAM_Init
 .text.HAL_TIM_Base_MspInit
                0x08000fd2        0x2 build/stm32f4xx_hal_tim.o
                0x08000fd2                HAL_TIM_Base_MspInit
 .text.HAL_TIM_Base_Start_IT
                0x08000fd4       0x18 build/stm32f4xx_hal_tim.o
                0x08000fd4                HAL_TIM_Base_Start_IT
 .text.HAL_TIM_OC_DelayElapsedCallback
                0x08000fec        0x2 build/stm32f4xx_hal_tim.o
                0x08000fec                HAL_TIM_OC_DelayElapsedCallback
 .text.HAL_TIM_IC_CaptureCallback
                0x08000fee        0x2 build/stm32f4xx_hal_tim.o
                0x08000fee                HAL_TIM_IC_CaptureCallback
 .text.HAL_TIM_PWM_PulseFinishedCallback
                0x08000ff0        0x2 build/stm32f4xx_hal_tim.o
                0x08000ff0                HAL_TIM_PWM_PulseFinishedCallback
 .text.HAL_TIM_TriggerCallback
                0x08000ff2        0x2 build/stm32f4xx_hal_tim.o
                0x08000ff2                HAL_TIM_TriggerCallback
 .text.HAL_TIM_IRQHandler
                0x08000ff4      0x17a build/stm32f4xx_hal_tim.o
                0x08000ff4                HAL_TIM_IRQHandler
 *fill*         0x0800116e        0x2 
 .text.TIM_Base_SetConfig
                0x08001170       0xc0 build/stm32f4xx_hal_tim.o
                0x08001170                TIM_Base_SetConfig
 .text.HAL_TIM_Base_Init
                0x08001230       0x34 build/stm32f4xx_hal_tim.o
                0x08001230                HAL_TIM_Base_Init
 .text.HAL_TIMEx_CommutationCallback
                0x08001264        0x2 build/stm32f4xx_hal_tim_ex.o
                0x08001264                HAL_TIMEx_CommutationCallback
 .text.HAL_TIMEx_BreakCallback
                0x08001266        0x2 build/stm32f4xx_hal_tim_ex.o
                0x08001266                HAL_TIMEx_BreakCallback
 .text.HAL_RCC_OscConfig
                0x08001268      0x398 build/stm32f4xx_hal_rcc.o
                0x08001268                HAL_RCC_OscConfig
 .text.HAL_RCC_GetSysClockFreq
                0x08001600       0xd4 build/stm32f4xx_hal_rcc.o
                0x08001600                HAL_RCC_GetSysClockFreq
 .text.HAL_RCC_ClockConfig
                0x080016d4      0x15c build/stm32f4xx_hal_rcc.o
                0x080016d4                HAL_RCC_ClockConfig
 .text.HAL_RCC_GetHCLKFreq
                0x08001830        0xc build/stm32f4xx_hal_rcc.o
                0x08001830                HAL_RCC_GetHCLKFreq
 .text.HAL_RCC_GetPCLK1Freq
                0x0800183c       0x20 build/stm32f4xx_hal_rcc.o
                0x0800183c                HAL_RCC_GetPCLK1Freq
 .text.HAL_RCC_GetPCLK2Freq
                0x0800185c       0x20 build/stm32f4xx_hal_rcc.o
                0x0800185c                HAL_RCC_GetPCLK2Freq
 .text.HAL_RCC_GetClockConfig
                0x0800187c       0x3c build/stm32f4xx_hal_rcc.o
                0x0800187c                HAL_RCC_GetClockConfig
 .text.HAL_RCCEx_PeriphCLKConfig
                0x080018b8      0x154 build/stm32f4xx_hal_rcc_ex.o
                0x080018b8                HAL_RCCEx_PeriphCLKConfig
 .text.HAL_RCC_DeInit
                0x08001a0c      0x13c build/stm32f4xx_hal_rcc_ex.o
                0x08001a0c                HAL_RCC_DeInit
 .text.FLASH_Program_DoubleWord
                0x08001b48       0x2c build/stm32f4xx_hal_flash.o
 .text.FLASH_Program_Word
                0x08001b74       0x24 build/stm32f4xx_hal_flash.o
 .text.FLASH_Program_HalfWord
                0x08001b98       0x24 build/stm32f4xx_hal_flash.o
 .text.FLASH_Program_Byte
                0x08001bbc       0x20 build/stm32f4xx_hal_flash.o
 .text.FLASH_SetErrorCode
                0x08001bdc       0x8c build/stm32f4xx_hal_flash.o
 .text.HAL_FLASH_Unlock
                0x08001c68       0x30 build/stm32f4xx_hal_flash.o
                0x08001c68                HAL_FLASH_Unlock
 .text.HAL_FLASH_Lock
                0x08001c98       0x14 build/stm32f4xx_hal_flash.o
                0x08001c98                HAL_FLASH_Lock
 .text.FLASH_WaitForLastOperation
                0x08001cac       0x60 build/stm32f4xx_hal_flash.o
                0x08001cac                FLASH_WaitForLastOperation
 .text.HAL_FLASH_Program
                0x08001d0c       0x80 build/stm32f4xx_hal_flash.o
                0x08001d0c                HAL_FLASH_Program
 .text.FLASH_MassErase
                0x08001d8c       0x24 build/stm32f4xx_hal_flash_ex.o
 .text.FLASH_Erase_Sector
                0x08001db0       0x58 build/stm32f4xx_hal_flash_ex.o
                0x08001db0                FLASH_Erase_Sector
 .text.FLASH_FlushCaches
                0x08001e08       0x60 build/stm32f4xx_hal_flash_ex.o
                0x08001e08                FLASH_FlushCaches
 .text.HAL_FLASHEx_Erase
                0x08001e68       0x94 build/stm32f4xx_hal_flash_ex.o
                0x08001e68                HAL_FLASHEx_Erase
 .text.HAL_GPIO_Init
                0x08001efc      0x1c8 build/stm32f4xx_hal_gpio.o
                0x08001efc                HAL_GPIO_Init
 .text.HAL_GPIO_DeInit
                0x080020c4      0x120 build/stm32f4xx_hal_gpio.o
                0x080020c4                HAL_GPIO_DeInit
 .text.HAL_GPIO_ReadPin
                0x080021e4        0xe build/stm32f4xx_hal_gpio.o
                0x080021e4                HAL_GPIO_ReadPin
 .text.HAL_GPIO_WritePin
                0x080021f2        0xc build/stm32f4xx_hal_gpio.o
                0x080021f2                HAL_GPIO_WritePin
 .text.HAL_DMA_Abort_IT
                0x080021fe       0x26 build/stm32f4xx_hal_dma.o
                0x080021fe                HAL_DMA_Abort_IT
 .text.HAL_DMA_IRQHandler
                0x08002224      0x1dc build/stm32f4xx_hal_dma.o
                0x08002224                HAL_DMA_IRQHandler
 .text.SD_PowerON
                0x08002400       0xbc build/stm32f4xx_hal_sd.o
 .text.SD_Read_IT
                0x080024bc       0x38 build/stm32f4xx_hal_sd.o
 .text.SD_Write_IT
                0x080024f4       0x48 build/stm32f4xx_hal_sd.o
 .text.SD_SendStatus
                0x0800253c       0x2c build/stm32f4xx_hal_sd.o
 .text.HAL_SD_ReadBlocks
                0x08002568      0x268 build/stm32f4xx_hal_sd.o
                0x08002568                HAL_SD_ReadBlocks
 .text.HAL_SD_WriteBlocks
                0x080027d0      0x218 build/stm32f4xx_hal_sd.o
                0x080027d0                HAL_SD_WriteBlocks
 .text.HAL_SD_ErrorCallback
                0x080029e8        0x2 build/stm32f4xx_hal_sd.o
                0x080029e8                HAL_SD_ErrorCallback
 *fill*         0x080029ea        0x2 
 .text.HAL_SD_GetCardCSD
                0x080029ec      0x1bc build/stm32f4xx_hal_sd.o
                0x080029ec                HAL_SD_GetCardCSD
 .text.SD_InitCard
                0x08002ba8      0x100 build/stm32f4xx_hal_sd.o
 .text.HAL_SD_InitCard
                0x08002ca8       0x7c build/stm32f4xx_hal_sd.o
                0x08002ca8                HAL_SD_InitCard
 .text.HAL_SD_Init
                0x08002d24       0x3e build/stm32f4xx_hal_sd.o
                0x08002d24                HAL_SD_Init
 .text.HAL_SD_GetCardInfo
                0x08002d62       0x24 build/stm32f4xx_hal_sd.o
                0x08002d62                HAL_SD_GetCardInfo
 .text.HAL_SD_GetCardState
                0x08002d86       0x24 build/stm32f4xx_hal_sd.o
                0x08002d86                HAL_SD_GetCardState
 .text.SD_DMATxAbort
                0x08002daa       0x44 build/stm32f4xx_hal_sd.o
 .text.SD_DMARxAbort
                0x08002dee       0x44 build/stm32f4xx_hal_sd.o
 *fill*         0x08002e32        0x2 
 .text.HAL_SD_IRQHandler
                0x08002e34      0x1e0 build/stm32f4xx_hal_sd.o
                0x08002e34                HAL_SD_IRQHandler
 .text.SDMMC_GetCmdError
                0x08003014       0x38 build/stm32f4xx_ll_sdmmc.o
 .text.SDMMC_GetCmdResp2
                0x0800304c       0x60 build/stm32f4xx_ll_sdmmc.o
 .text.SDMMC_GetCmdResp3
                0x080030ac       0x54 build/stm32f4xx_ll_sdmmc.o
 .text.SDMMC_GetCmdResp7
                0x08003100       0x6c build/stm32f4xx_ll_sdmmc.o
 .text.SDIO_Init
                0x0800316c       0x38 build/stm32f4xx_ll_sdmmc.o
                0x0800316c                SDIO_Init
 .text.SDIO_ReadFIFO
                0x080031a4        0x6 build/stm32f4xx_ll_sdmmc.o
                0x080031a4                SDIO_ReadFIFO
 .text.SDIO_WriteFIFO
                0x080031aa        0xa build/stm32f4xx_ll_sdmmc.o
                0x080031aa                SDIO_WriteFIFO
 .text.SDIO_PowerState_ON
                0x080031b4       0x10 build/stm32f4xx_ll_sdmmc.o
                0x080031b4                SDIO_PowerState_ON
 .text.SDIO_GetPowerState
                0x080031c4        0x8 build/stm32f4xx_ll_sdmmc.o
                0x080031c4                SDIO_GetPowerState
 .text.SDIO_SendCommand
                0x080031cc       0x24 build/stm32f4xx_ll_sdmmc.o
                0x080031cc                SDIO_SendCommand
 .text.SDIO_GetCommandResponse
                0x080031f0        0x6 build/stm32f4xx_ll_sdmmc.o
                0x080031f0                SDIO_GetCommandResponse
 .text.SDIO_GetResponse
                0x080031f6        0x6 build/stm32f4xx_ll_sdmmc.o
                0x080031f6                SDIO_GetResponse
 .text.SDMMC_GetCmdResp1
                0x080031fc      0x154 build/stm32f4xx_ll_sdmmc.o
 .text.SDMMC_GetCmdResp6
                0x08003350       0xa0 build/stm32f4xx_ll_sdmmc.o
 .text.SDIO_ConfigData
                0x080033f0       0x24 build/stm32f4xx_ll_sdmmc.o
                0x080033f0                SDIO_ConfigData
 .text.SDMMC_CmdBlockLength
                0x08003414       0x30 build/stm32f4xx_ll_sdmmc.o
                0x08003414                SDMMC_CmdBlockLength
 .text.SDMMC_CmdReadSingleBlock
                0x08003444       0x30 build/stm32f4xx_ll_sdmmc.o
                0x08003444                SDMMC_CmdReadSingleBlock
 .text.SDMMC_CmdReadMultiBlock
                0x08003474       0x30 build/stm32f4xx_ll_sdmmc.o
                0x08003474                SDMMC_CmdReadMultiBlock
 .text.SDMMC_CmdWriteSingleBlock
                0x080034a4       0x30 build/stm32f4xx_ll_sdmmc.o
                0x080034a4                SDMMC_CmdWriteSingleBlock
 .text.SDMMC_CmdWriteMultiBlock
                0x080034d4       0x30 build/stm32f4xx_ll_sdmmc.o
                0x080034d4                SDMMC_CmdWriteMultiBlock
 .text.SDMMC_CmdStopTransfer
                0x08003504       0x34 build/stm32f4xx_ll_sdmmc.o
                0x08003504                SDMMC_CmdStopTransfer
 .text.SDMMC_CmdSelDesel
                0x08003538       0x30 build/stm32f4xx_ll_sdmmc.o
                0x08003538                SDMMC_CmdSelDesel
 .text.SDMMC_CmdGoIdleState
                0x08003568       0x26 build/stm32f4xx_ll_sdmmc.o
                0x08003568                SDMMC_CmdGoIdleState
 .text.SDMMC_CmdOperCond
                0x0800358e       0x2e build/stm32f4xx_ll_sdmmc.o
                0x0800358e                SDMMC_CmdOperCond
 .text.SDMMC_CmdAppCommand
                0x080035bc       0x30 build/stm32f4xx_ll_sdmmc.o
                0x080035bc                SDMMC_CmdAppCommand
 .text.SDMMC_CmdAppOperCommand
                0x080035ec       0x32 build/stm32f4xx_ll_sdmmc.o
                0x080035ec                SDMMC_CmdAppOperCommand
 .text.SDMMC_CmdSendCID
                0x0800361e       0x2a build/stm32f4xx_ll_sdmmc.o
                0x0800361e                SDMMC_CmdSendCID
 .text.SDMMC_CmdSendCSD
                0x08003648       0x2a build/stm32f4xx_ll_sdmmc.o
                0x08003648                SDMMC_CmdSendCSD
 .text.SDMMC_CmdSetRelAdd
                0x08003672       0x30 build/stm32f4xx_ll_sdmmc.o
                0x08003672                SDMMC_CmdSetRelAdd
 .text.SDMMC_CmdSendStatus
                0x080036a2       0x30 build/stm32f4xx_ll_sdmmc.o
                0x080036a2                SDMMC_CmdSendStatus
 *fill*         0x080036d2        0x2 
 .text.UART_SetConfig
                0x080036d4      0x1ec build/stm32f4xx_hal_uart.o
 .text.UART_WaitOnFlagUntilTimeout
                0x080038c0       0x62 build/stm32f4xx_hal_uart.o
 .text.HAL_UART_Init
                0x08003922       0x5e build/stm32f4xx_hal_uart.o
                0x08003922                HAL_UART_Init
 .text.HAL_UART_Transmit
                0x08003980       0xe2 build/stm32f4xx_hal_uart.o
                0x08003980                HAL_UART_Transmit
 *fill*         0x08003a62        0x2 
 .text.HAL_NVIC_SetPriorityGrouping
                0x08003a64       0x24 build/stm32f4xx_hal_cortex.o
                0x08003a64                HAL_NVIC_SetPriorityGrouping
 .text.HAL_NVIC_SetPriority
                0x08003a88       0x68 build/stm32f4xx_hal_cortex.o
                0x08003a88                HAL_NVIC_SetPriority
 .text.HAL_NVIC_EnableIRQ
                0x08003af0       0x18 build/stm32f4xx_hal_cortex.o
                0x08003af0                HAL_NVIC_EnableIRQ
 .text.HAL_SYSTICK_Config
                0x08003b08       0x2c build/stm32f4xx_hal_cortex.o
                0x08003b08                HAL_SYSTICK_Config
 .text.HAL_SYSTICK_CLKSourceConfig
                0x08003b34       0x20 build/stm32f4xx_hal_cortex.o
                0x08003b34                HAL_SYSTICK_CLKSourceConfig
 .text.HAL_SYSTICK_Callback
                0x08003b54        0x2 build/stm32f4xx_hal_cortex.o
                0x08003b54                HAL_SYSTICK_Callback
 .text.HAL_SYSTICK_IRQHandler
                0x08003b56        0x8 build/stm32f4xx_hal_cortex.o
                0x08003b56                HAL_SYSTICK_IRQHandler
 .text.HAL_MspDeInit
                0x08003b5e        0x2 build/stm32f4xx_hal.o
                0x08003b5e                HAL_MspDeInit
 .text.HAL_DeInit
                0x08003b60       0x2c build/stm32f4xx_hal.o
                0x08003b60                HAL_DeInit
 .text.HAL_Init
                0x08003b8c       0x34 build/stm32f4xx_hal.o
                0x08003b8c                HAL_Init
 .text.HAL_IncTick
                0x08003bc0       0x18 build/stm32f4xx_hal.o
                0x08003bc0                HAL_IncTick
 .text.HAL_GetTick
                0x08003bd8        0xc build/stm32f4xx_hal.o
                0x08003bd8                HAL_GetTick
 .text.HAL_Delay
                0x08003be4       0x28 build/stm32f4xx_hal.o
                0x08003be4                HAL_Delay
 .text.SetDisplayWindow
                0x08003c0c       0x14 build/stm32_adafruit_lcd.o
 .text.BSP_LCD_Init
                0x08003c20       0x28 build/stm32_adafruit_lcd.o
                0x08003c20                BSP_LCD_Init
 .text.BSP_LCD_GetXSize
                0x08003c48       0x10 build/stm32_adafruit_lcd.o
                0x08003c48                BSP_LCD_GetXSize
 .text.BSP_LCD_GetYSize
                0x08003c58       0x10 build/stm32_adafruit_lcd.o
                0x08003c58                BSP_LCD_GetYSize
 .text.BSP_LCD_SetTextColor
                0x08003c68        0xc build/stm32_adafruit_lcd.o
                0x08003c68                BSP_LCD_SetTextColor
 .text.BSP_LCD_Clear
                0x08003c74       0x2c build/stm32_adafruit_lcd.o
                0x08003c74                BSP_LCD_Clear
 .text.BSP_LCD_DrawBitmap
                0x08003ca0       0x4c build/stm32_adafruit_lcd.o
                0x08003ca0                BSP_LCD_DrawBitmap
 .text.DrawChar
                0x08003cec      0x114 build/stm32_adafruit_lcd.o
 .text.BSP_LCD_DisplayChar
                0x08003e00       0x28 build/stm32_adafruit_lcd.o
                0x08003e00                BSP_LCD_DisplayChar
 .text.BSP_LCD_DisplayStringAt
                0x08003e28       0xa4 build/stm32_adafruit_lcd.o
                0x08003e28                BSP_LCD_DisplayStringAt
 .text.ili9488_GetLcdPixelWidth
                0x08003ecc        0x6 build/ili9488.o
                0x08003ecc                ili9488_GetLcdPixelWidth
 .text.ili9488_GetLcdPixelHeight
                0x08003ed2        0x6 build/ili9488.o
                0x08003ed2                ili9488_GetLcdPixelHeight
 .text.ili9488_Init
                0x08003ed8      0x118 build/ili9488.o
                0x08003ed8                ili9488_Init
 .text.ili9488_SetCursor
                0x08003ff0       0x4c build/ili9488.o
                0x08003ff0                ili9488_SetCursor
 .text.ili9488_SetDisplayWindow
                0x0800403c       0x6c build/ili9488.o
                0x0800403c                ili9488_SetDisplayWindow
 .text.ili9488_DisplayOn
                0x080040a8       0x10 build/ili9488.o
                0x080040a8                ili9488_DisplayOn
 .text.ili9488_DisplayOff
                0x080040b8       0x10 build/ili9488.o
                0x080040b8                ili9488_DisplayOff
 .text.ili9488_ReadID
                0x080040c8       0x40 build/ili9488.o
                0x080040c8                ili9488_ReadID
 .text.ili9488_WritePixel
                0x08004108       0x5a build/ili9488.o
                0x08004108                ili9488_WritePixel
 .text.ili9488_ReadPixel
                0x08004162       0x62 build/ili9488.o
                0x08004162                ili9488_ReadPixel
 .text.ili9488_ReadRGBImage
                0x080041c4       0x18 build/ili9488.o
                0x080041c4                ili9488_ReadRGBImage
 .text.ili9488_DrawHLine
                0x080041dc       0x68 build/ili9488.o
                0x080041dc                ili9488_DrawHLine
 .text.ili9488_DrawVLine
                0x08004244       0x6a build/ili9488.o
                0x08004244                ili9488_DrawVLine
 .text.ili9488_FillRect
                0x080042ae       0x1a build/ili9488.o
                0x080042ae                ili9488_FillRect
 .text.ili9488_DrawBitmap
                0x080042c8       0x3c build/ili9488.o
                0x080042c8                ili9488_DrawBitmap
 .text.ili9488_DrawRGBImage
                0x08004304       0x16 build/ili9488.o
                0x08004304                ili9488_DrawRGBImage
 .text.LCD_Delay
                0x0800431a        0x8 build/lcd_io_fsmc16.o
                0x0800431a                LCD_Delay
 *fill*         0x08004322        0x2 
 .text.LCD_IO_Bl_OnOff
                0x08004324       0x18 build/lcd_io_fsmc16.o
                0x08004324                LCD_IO_Bl_OnOff
 .text.LCD_IO_Init
                0x0800433c       0x30 build/lcd_io_fsmc16.o
                0x0800433c                LCD_IO_Init
 .text.LCD_IO_WriteCmd8
                0x0800436c        0x8 build/lcd_io_fsmc16.o
                0x0800436c                LCD_IO_WriteCmd8
 .text.LCD_IO_WriteData8
                0x08004374        0xc build/lcd_io_fsmc16.o
                0x08004374                LCD_IO_WriteData8
 .text.LCD_IO_WriteData16
                0x08004380        0xc build/lcd_io_fsmc16.o
                0x08004380                LCD_IO_WriteData16
 .text.LCD_IO_WriteCmd8DataFill16
                0x0800438c       0x18 build/lcd_io_fsmc16.o
                0x0800438c                LCD_IO_WriteCmd8DataFill16
 .text.LCD_IO_WriteCmd8MultipleData8
                0x080043a4       0x1c build/lcd_io_fsmc16.o
                0x080043a4                LCD_IO_WriteCmd8MultipleData8
 .text.LCD_IO_WriteCmd8MultipleData16
                0x080043c0       0x1c build/lcd_io_fsmc16.o
                0x080043c0                LCD_IO_WriteCmd8MultipleData16
 .text.LCD_IO_ReadCmd8MultipleData8
                0x080043dc       0x30 build/lcd_io_fsmc16.o
                0x080043dc                LCD_IO_ReadCmd8MultipleData8
 .text.LCD_IO_ReadCmd8MultipleData16
                0x0800440c       0x2c build/lcd_io_fsmc16.o
                0x0800440c                LCD_IO_ReadCmd8MultipleData16
 .text._write   0x08004438       0x18 build/usart.o
                0x08004438                _write
 .text.MX_FATFS_Init
                0x08004450       0x40 build/fatfs.o
                0x08004450                MX_FATFS_Init
 .text.get_fattime
                0x08004490        0x4 build/fatfs.o
                0x08004490                get_fattime
 .text.BSP_SD_ReadBlocks
                0x08004494       0x34 build/bsp_driver_sd.o
                0x08004494                BSP_SD_ReadBlocks
 .text.BSP_SD_WriteBlocks
                0x080044c8       0x24 build/bsp_driver_sd.o
                0x080044c8                BSP_SD_WriteBlocks
 .text.BSP_SD_GetCardState
                0x080044ec       0x14 build/bsp_driver_sd.o
                0x080044ec                BSP_SD_GetCardState
 .text.BSP_SD_GetCardInfo
                0x08004500       0x10 build/bsp_driver_sd.o
                0x08004500                BSP_SD_GetCardInfo
 .text.BSP_SD_AbortCallback
                0x08004510        0x2 build/bsp_driver_sd.o
                0x08004510                BSP_SD_AbortCallback
 .text.HAL_SD_AbortCallback
                0x08004512        0x8 build/bsp_driver_sd.o
                0x08004512                HAL_SD_AbortCallback
 .text.BSP_SD_WriteCpltCallback
                0x0800451a        0x2 build/bsp_driver_sd.o
                0x0800451a                BSP_SD_WriteCpltCallback
 .text.HAL_SD_TxCpltCallback
                0x0800451c        0x8 build/bsp_driver_sd.o
                0x0800451c                HAL_SD_TxCpltCallback
 .text.BSP_SD_ReadCpltCallback
                0x08004524        0x2 build/bsp_driver_sd.o
                0x08004524                BSP_SD_ReadCpltCallback
 .text.HAL_SD_RxCpltCallback
                0x08004526        0x8 build/bsp_driver_sd.o
                0x08004526                HAL_SD_RxCpltCallback
 .text.BSP_SD_IsDetected
                0x0800452e       0x10 build/bsp_driver_sd.o
                0x0800452e                BSP_SD_IsDetected
 *fill*         0x0800453e        0x2 
 .text.BSP_SD_Init
                0x08004540       0x1c build/bsp_driver_sd.o
                0x08004540                BSP_SD_Init
 .text.SD_CheckStatus
                0x0800455c       0x24 build/sd_diskio.o
 .text.SD_initialize
                0x08004580       0x30 build/sd_diskio.o
                0x08004580                SD_initialize
 .text.SD_status
                0x080045b0        0x8 build/sd_diskio.o
                0x080045b0                SD_status
 .text.SD_read  0x080045b8       0x24 build/sd_diskio.o
                0x080045b8                SD_read
 .text.SD_write
                0x080045dc       0x24 build/sd_diskio.o
                0x080045dc                SD_write
 .text.SD_ioctl
                0x08004600       0x58 build/sd_diskio.o
                0x08004600                SD_ioctl
 .text.FATFS_LinkDriverEx
                0x08004658       0x4c build/ff_gen_drv.o
                0x08004658                FATFS_LinkDriverEx
 .text.FATFS_LinkDriver
                0x080046a4        0xa build/ff_gen_drv.o
                0x080046a4                FATFS_LinkDriver
 .text.ld_word  0x080046ae        0xa build/ff.o
 .text.ld_dword
                0x080046b8       0x16 build/ff.o
 .text.st_word  0x080046ce        0x8 build/ff.o
 .text.st_dword
                0x080046d6       0x14 build/ff.o
 .text.mem_cpy  0x080046ea       0x12 build/ff.o
 .text.mem_set  0x080046fc        0xa build/ff.o
 .text.mem_cmp  0x08004706       0x1c build/ff.o
 .text.chk_chr  0x08004722       0x10 build/ff.o
 *fill*         0x08004732        0x2 
 .text.chk_lock
                0x08004734       0x74 build/ff.o
 .text.enq_lock
                0x080047a8       0x20 build/ff.o
 .text.inc_lock
                0x080047c8       0xa4 build/ff.o
 .text.dec_lock
                0x0800486c       0x40 build/ff.o
 .text.clear_lock
                0x080048ac       0x3c build/ff.o
 .text.clust2sect
                0x080048e8       0x18 build/ff.o
 .text.clmt_clust
                0x08004900       0x2c build/ff.o
 .text.ld_clust
                0x0800492c       0x26 build/ff.o
 .text.st_clust
                0x08004952       0x26 build/ff.o
 .text.put_lfn  0x08004978       0x78 build/ff.o
 .text.gen_numname
                0x080049f0       0xa6 build/ff.o
 .text.sum_sfn  0x08004a96       0x1c build/ff.o
 .text.get_ldnumber
                0x08004ab2       0x54 build/ff.o
 .text.validate
                0x08004b06       0x46 build/ff.o
 .text.sync_window
                0x08004b4c       0x52 build/ff.o
 .text.move_window
                0x08004b9e       0x36 build/ff.o
 .text.check_fs
                0x08004bd4       0x78 build/ff.o
 .text.find_volume
                0x08004c4c      0x354 build/ff.o
 .text.put_fat  0x08004fa0      0x13e build/ff.o
 .text.get_fat  0x080050de       0xfc build/ff.o
 .text.dir_sdi  0x080051da       0xc0 build/ff.o
 .text.create_chain
                0x0800529a       0xc4 build/ff.o
 .text.remove_chain
                0x0800535e       0x88 build/ff.o
 .text.dir_next
                0x080053e6      0x118 build/ff.o
 .text.dir_alloc
                0x080054fe       0x50 build/ff.o
 *fill*         0x0800554e        0x2 
 .text.sync_fs  0x08005550       0x88 build/ff.o
 .text.create_name
                0x080055d8      0x224 build/ff.o
 .text.get_fileinfo
                0x080057fc       0xea build/ff.o
 *fill*         0x080058e6        0x2 
 .text.cmp_lfn  0x080058e8       0x9c build/ff.o
 .text.dir_find
                0x08005984       0xe6 build/ff.o
 .text.follow_path
                0x08005a6a       0x94 build/ff.o
 *fill*         0x08005afe        0x2 
 .text.dir_register
                0x08005b00      0x144 build/ff.o
 .text.f_mount  0x08005c44       0x5c build/ff.o
                0x08005c44                f_mount
 .text.f_open   0x08005ca0      0x236 build/ff.o
                0x08005ca0                f_open
 .text.f_read   0x08005ed6      0x1c4 build/ff.o
                0x08005ed6                f_read
 .text.f_sync   0x0800609a       0xa0 build/ff.o
                0x0800609a                f_sync
 .text.f_close  0x0800613a       0x34 build/ff.o
                0x0800613a                f_close
 .text.f_stat   0x0800616e       0x44 build/ff.o
                0x0800616e                f_stat
 *fill*         0x080061b2        0x2 
 .text.disk_status
                0x080061b4       0x18 build/diskio.o
                0x080061b4                disk_status
 .text.disk_initialize
                0x080061cc       0x28 build/diskio.o
                0x080061cc                disk_initialize
 .text.disk_read
                0x080061f4       0x18 build/diskio.o
                0x080061f4                disk_read
 .text.disk_write
                0x0800620c       0x18 build/diskio.o
                0x0800620c                disk_write
 .text.disk_ioctl
                0x08006224       0x18 build/diskio.o
                0x08006224                disk_ioctl
 .text.ff_convert
                0x0800623c       0x3c build/ccsbcs.o
                0x0800623c                ff_convert
 .text.ff_wtoupper
                0x08006278       0x9c build/ccsbcs.o
                0x08006278                ff_wtoupper
 .text.GetSector
                0x08006314       0xd4 build/flash_file.o
 .text.readNextPage
                0x080063e8       0x4c build/flash_file.o
                0x080063e8                readNextPage
 .text.flashWrite
                0x08006434       0x44 build/flash_file.o
                0x08006434                flashWrite
 .text.flash_erase
                0x08006478       0x64 build/flash_file.o
                0x08006478                flash_erase
 .text.flash    0x080064dc       0xe0 build/flash_file.o
                0x080064dc                flash
 .text.firmware_deinit
                0x080065bc       0x16 build/firmware.o
                0x080065bc                firmware_deinit
 *fill*         0x080065d2        0x2 
 .text.firmware_run
                0x080065d4       0x90 build/firmware.o
                0x080065d4                firmware_run
 .text.SystemInit
                0x08006664       0x4c build/system_stm32f4xx.o
                0x08006664                SystemInit
 .text.Reset_Handler
                0x080066b0       0x50 build/startup_stm32f407xx.o
                0x080066b0                Reset_Handler
 .text.Default_Handler
                0x08006700        0x2 build/startup_stm32f407xx.o
                0x08006700                RTC_Alarm_IRQHandler
                0x08006700                HASH_RNG_IRQHandler
                0x08006700                EXTI2_IRQHandler
                0x08006700                TIM8_CC_IRQHandler
                0x08006700                TIM1_CC_IRQHandler
                0x08006700                DMA2_Stream5_IRQHandler
                0x08006700                DMA1_Stream5_IRQHandler
                0x08006700                PVD_IRQHandler
                0x08006700                TAMP_STAMP_IRQHandler
                0x08006700                CAN2_RX1_IRQHandler
                0x08006700                EXTI3_IRQHandler
                0x08006700                TIM8_TRG_COM_TIM14_IRQHandler
                0x08006700                TIM1_UP_TIM10_IRQHandler
                0x08006700                TIM8_UP_TIM13_IRQHandler
                0x08006700                I2C3_ER_IRQHandler
                0x08006700                EXTI0_IRQHandler
                0x08006700                I2C2_EV_IRQHandler
                0x08006700                DMA1_Stream2_IRQHandler
                0x08006700                CAN1_RX0_IRQHandler
                0x08006700                FPU_IRQHandler
                0x08006700                OTG_HS_WKUP_IRQHandler
                0x08006700                CAN2_SCE_IRQHandler
                0x08006700                DMA2_Stream2_IRQHandler
                0x08006700                SPI1_IRQHandler
                0x08006700                TIM1_BRK_TIM9_IRQHandler
                0x08006700                DCMI_IRQHandler
                0x08006700                CAN2_RX0_IRQHandler
                0x08006700                USART6_IRQHandler
                0x08006700                USART3_IRQHandler
                0x08006700                CAN1_RX1_IRQHandler
                0x08006700                UART5_IRQHandler
                0x08006700                DMA2_Stream0_IRQHandler
                0x08006700                TIM4_IRQHandler
                0x08006700                I2C1_EV_IRQHandler
                0x08006700                DMA1_Stream6_IRQHandler
                0x08006700                DMA1_Stream1_IRQHandler
                0x08006700                UART4_IRQHandler
                0x08006700                TIM3_IRQHandler
                0x08006700                RCC_IRQHandler
                0x08006700                TIM8_BRK_TIM12_IRQHandler
                0x08006700                Default_Handler
                0x08006700                EXTI15_10_IRQHandler
                0x08006700                ADC_IRQHandler
                0x08006700                DMA1_Stream7_IRQHandler
                0x08006700                TIM7_IRQHandler
                0x08006700                CAN2_TX_IRQHandler
                0x08006700                TIM5_IRQHandler
                0x08006700                DMA2_Stream7_IRQHandler
                0x08006700                I2C3_EV_IRQHandler
                0x08006700                EXTI9_5_IRQHandler
                0x08006700                RTC_WKUP_IRQHandler
                0x08006700                ETH_WKUP_IRQHandler
                0x08006700                SPI2_IRQHandler
                0x08006700                OTG_HS_EP1_IN_IRQHandler
                0x08006700                DMA1_Stream0_IRQHandler
                0x08006700                CAN1_TX_IRQHandler
                0x08006700                EXTI4_IRQHandler
                0x08006700                FSMC_IRQHandler
                0x08006700                ETH_IRQHandler
                0x08006700                OTG_HS_EP1_OUT_IRQHandler
                0x08006700                WWDG_IRQHandler
                0x08006700                TIM2_IRQHandler
                0x08006700                OTG_FS_WKUP_IRQHandler
                0x08006700                TIM1_TRG_COM_TIM11_IRQHandler
                0x08006700                OTG_HS_IRQHandler
                0x08006700                EXTI1_IRQHandler
                0x08006700                USART2_IRQHandler
                0x08006700                I2C2_ER_IRQHandler
                0x08006700                DMA2_Stream1_IRQHandler
                0x08006700                CAN1_SCE_IRQHandler
                0x08006700                FLASH_IRQHandler
                0x08006700                DMA2_Stream4_IRQHandler
                0x08006700                USART1_IRQHandler
                0x08006700                OTG_FS_IRQHandler
                0x08006700                SPI3_IRQHandler
                0x08006700                DMA1_Stream4_IRQHandler
                0x08006700                I2C1_ER_IRQHandler
                0x08006700                DMA1_Stream3_IRQHandler
 *fill*         0x08006702        0x2 
 .text.__libc_init_array
                0x08006704       0x48 c:/program files (x86)/gnu tools arm embedded/8 2019-q3-update/bin/../lib/gcc/arm-none-eabi/8.3.1/../../../../arm-none-eabi/lib/thumb/v7e-m+fp/hard\libc_nano.a(lib_a-init.o)
                0x08006704                __libc_init_array
 .text.memset   0x0800674c       0x10 c:/program files (x86)/gnu tools arm embedded/8 2019-q3-update/bin/../lib/gcc/arm-none-eabi/8.3.1/../../../../arm-none-eabi/lib/thumb/v7e-m+fp/hard\libc_nano.a(lib_a-memset.o)
                0x0800674c                memset
 .text.printf   0x0800675c       0x30 c:/program files (x86)/gnu tools arm embedded/8 2019-q3-update/bin/../lib/gcc/arm-none-eabi/8.3.1/../../../../arm-none-eabi/lib/thumb/v7e-m+fp/hard\libc_nano.a(lib_a-printf.o)
                0x0800675c                iprintf
                0x0800675c                printf
 .text._puts_r  0x0800678c       0xdc c:/program files (x86)/gnu tools arm embedded/8 2019-q3-update/bin/../lib/gcc/arm-none-eabi/8.3.1/../../../../arm-none-eabi/lib/thumb/v7e-m+fp/hard\libc_nano.a(lib_a-puts.o)
                0x0800678c                _puts_r
 .text.puts     0x08006868       0x10 c:/program files (x86)/gnu tools arm embedded/8 2019-q3-update/bin/../lib/gcc/arm-none-eabi/8.3.1/../../../../arm-none-eabi/lib/thumb/v7e-m+fp/hard\libc_nano.a(lib_a-puts.o)
                0x08006868                puts
 .text.__swbuf_r
                0x08006878       0xa4 c:/program files (x86)/gnu tools arm embedded/8 2019-q3-update/bin/../lib/gcc/arm-none-eabi/8.3.1/../../../../arm-none-eabi/lib/thumb/v7e-m+fp/hard\libc_nano.a(lib_a-wbuf.o)
                0x08006878                __swbuf_r
 .text.__swsetup_r
                0x0800691c       0xdc c:/program files (x86)/gnu tools arm embedded/8 2019-q3-update/bin/../lib/gcc/arm-none-eabi/8.3.1/../../../../arm-none-eabi/lib/thumb/v7e-m+fp/hard\libc_nano.a(lib_a-wsetup.o)
                0x0800691c                __swsetup_r
 .text.__sflush_r
                0x080069f8      0x10c c:/program files (x86)/gnu tools arm embedded/8 2019-q3-update/bin/../lib/gcc/arm-none-eabi/8.3.1/../../../../arm-none-eabi/lib/thumb/v7e-m+fp/hard\libc_nano.a(lib_a-fflush.o)
                0x080069f8                __sflush_r
 .text._fflush_r
                0x08006b04       0x78 c:/program files (x86)/gnu tools arm embedded/8 2019-q3-update/bin/../lib/gcc/arm-none-eabi/8.3.1/../../../../arm-none-eabi/lib/thumb/v7e-m+fp/hard\libc_nano.a(lib_a-fflush.o)
                0x08006b04                _fflush_r
 .text.std      0x08006b7c       0x48 c:/program files (x86)/gnu tools arm embedded/8 2019-q3-update/bin/../lib/gcc/arm-none-eabi/8.3.1/../../../../arm-none-eabi/lib/thumb/v7e-m+fp/hard\libc_nano.a(lib_a-findfp.o)
 .text._cleanup_r
                0x08006bc4        0xc c:/program files (x86)/gnu tools arm embedded/8 2019-q3-update/bin/../lib/gcc/arm-none-eabi/8.3.1/../../../../arm-none-eabi/lib/thumb/v7e-m+fp/hard\libc_nano.a(lib_a-findfp.o)
                0x08006bc4                _cleanup_r
 .text.__sfmoreglue
                0x08006bd0       0x2c c:/program files (x86)/gnu tools arm embedded/8 2019-q3-update/bin/../lib/gcc/arm-none-eabi/8.3.1/../../../../arm-none-eabi/lib/thumb/v7e-m+fp/hard\libc_nano.a(lib_a-findfp.o)
                0x08006bd0                __sfmoreglue
 .text.__sfp_lock_acquire
                0x08006bfc        0xc c:/program files (x86)/gnu tools arm embedded/8 2019-q3-update/bin/../lib/gcc/arm-none-eabi/8.3.1/../../../../arm-none-eabi/lib/thumb/v7e-m+fp/hard\libc_nano.a(lib_a-findfp.o)
                0x08006bfc                __sfp_lock_acquire
 .text.__sfp_lock_release
                0x08006c08        0xc c:/program files (x86)/gnu tools arm embedded/8 2019-q3-update/bin/../lib/gcc/arm-none-eabi/8.3.1/../../../../arm-none-eabi/lib/thumb/v7e-m+fp/hard\libc_nano.a(lib_a-findfp.o)
                0x08006c08                __sfp_lock_release
 .text.__sinit_lock_acquire
                0x08006c14        0xc c:/program files (x86)/gnu tools arm embedded/8 2019-q3-update/bin/../lib/gcc/arm-none-eabi/8.3.1/../../../../arm-none-eabi/lib/thumb/v7e-m+fp/hard\libc_nano.a(lib_a-findfp.o)
                0x08006c14                __sinit_lock_acquire
 .text.__sinit_lock_release
                0x08006c20        0xc c:/program files (x86)/gnu tools arm embedded/8 2019-q3-update/bin/../lib/gcc/arm-none-eabi/8.3.1/../../../../arm-none-eabi/lib/thumb/v7e-m+fp/hard\libc_nano.a(lib_a-findfp.o)
                0x08006c20                __sinit_lock_release
 .text.__sinit  0x08006c2c       0x70 c:/program files (x86)/gnu tools arm embedded/8 2019-q3-update/bin/../lib/gcc/arm-none-eabi/8.3.1/../../../../arm-none-eabi/lib/thumb/v7e-m+fp/hard\libc_nano.a(lib_a-findfp.o)
                0x08006c2c                __sinit
 .text.__sfp    0x08006c9c       0x8c c:/program files (x86)/gnu tools arm embedded/8 2019-q3-update/bin/../lib/gcc/arm-none-eabi/8.3.1/../../../../arm-none-eabi/lib/thumb/v7e-m+fp/hard\libc_nano.a(lib_a-findfp.o)
                0x08006c9c                __sfp
 .text._fwalk_reent
                0x08006d28       0x3c c:/program files (x86)/gnu tools arm embedded/8 2019-q3-update/bin/../lib/gcc/arm-none-eabi/8.3.1/../../../../arm-none-eabi/lib/thumb/v7e-m+fp/hard\libc_nano.a(lib_a-fwalk.o)
                0x08006d28                _fwalk_reent
 .text.__retarget_lock_init_recursive
                0x08006d64        0x2 c:/program files (x86)/gnu tools arm embedded/8 2019-q3-update/bin/../lib/gcc/arm-none-eabi/8.3.1/../../../../arm-none-eabi/lib/thumb/v7e-m+fp/hard\libc_nano.a(lib_a-lock.o)
                0x08006d64                __retarget_lock_init_recursive
 .text.__retarget_lock_acquire_recursive
                0x08006d66        0x2 c:/program files (x86)/gnu tools arm embedded/8 2019-q3-update/bin/../lib/gcc/arm-none-eabi/8.3.1/../../../../arm-none-eabi/lib/thumb/v7e-m+fp/hard\libc_nano.a(lib_a-lock.o)
                0x08006d66                __retarget_lock_acquire_recursive
 .text.__retarget_lock_release_recursive
                0x08006d68        0x2 c:/program files (x86)/gnu tools arm embedded/8 2019-q3-update/bin/../lib/gcc/arm-none-eabi/8.3.1/../../../../arm-none-eabi/lib/thumb/v7e-m+fp/hard\libc_nano.a(lib_a-lock.o)
                0x08006d68                __retarget_lock_release_recursive
 .text.__swhatbuf_r
                0x08006d6a       0x48 c:/program files (x86)/gnu tools arm embedded/8 2019-q3-update/bin/../lib/gcc/arm-none-eabi/8.3.1/../../../../arm-none-eabi/lib/thumb/v7e-m+fp/hard\libc_nano.a(lib_a-makebuf.o)
                0x08006d6a                __swhatbuf_r
 *fill*         0x08006db2        0x2 
 .text.__smakebuf_r
                0x08006db4       0x80 c:/program files (x86)/gnu tools arm embedded/8 2019-q3-update/bin/../lib/gcc/arm-none-eabi/8.3.1/../../../../arm-none-eabi/lib/thumb/v7e-m+fp/hard\libc_nano.a(lib_a-makebuf.o)
                0x08006db4                __smakebuf_r
 .text._free_r  0x08006e34       0x9c c:/program files (x86)/gnu tools arm embedded/8 2019-q3-update/bin/../lib/gcc/arm-none-eabi/8.3.1/../../../../arm-none-eabi/lib/thumb/v7e-m+fp/hard\libc_nano.a(lib_a-nano-freer.o)
                0x08006e34                _free_r
 .text._malloc_r
                0x08006ed0       0xb4 c:/program files (x86)/gnu tools arm embedded/8 2019-q3-update/bin/../lib/gcc/arm-none-eabi/8.3.1/../../../../arm-none-eabi/lib/thumb/v7e-m+fp/hard\libc_nano.a(lib_a-nano-mallocr.o)
                0x08006ed0                _malloc_r
 .text.__sfputc_r
                0x08006f84       0x2e c:/program files (x86)/gnu tools arm embedded/8 2019-q3-update/bin/../lib/gcc/arm-none-eabi/8.3.1/../../../../arm-none-eabi/lib/thumb/v7e-m+fp/hard\libc_nano.a(lib_a-nano-vfprintf.o)
 .text.__sfputs_r
                0x08006fb2       0x24 c:/program files (x86)/gnu tools arm embedded/8 2019-q3-update/bin/../lib/gcc/arm-none-eabi/8.3.1/../../../../arm-none-eabi/lib/thumb/v7e-m+fp/hard\libc_nano.a(lib_a-nano-vfprintf.o)
                0x08006fb2                __sfputs_r
 *fill*         0x08006fd6        0x2 
 .text._vfprintf_r
                0x08006fd8      0x250 c:/program files (x86)/gnu tools arm embedded/8 2019-q3-update/bin/../lib/gcc/arm-none-eabi/8.3.1/../../../../arm-none-eabi/lib/thumb/v7e-m+fp/hard\libc_nano.a(lib_a-nano-vfprintf.o)
                0x08006fd8                _vfprintf_r
                0x08006fd8                _vfiprintf_r
 .text._printf_common
                0x08007228       0xea c:/program files (x86)/gnu tools arm embedded/8 2019-q3-update/bin/../lib/gcc/arm-none-eabi/8.3.1/../../../../arm-none-eabi/lib/thumb/v7e-m+fp/hard\libc_nano.a(lib_a-nano-vfprintf_i.o)
                0x08007228                _printf_common
 *fill*         0x08007312        0x2 
 .text._printf_i
                0x08007314      0x228 c:/program files (x86)/gnu tools arm embedded/8 2019-q3-update/bin/../lib/gcc/arm-none-eabi/8.3.1/../../../../arm-none-eabi/lib/thumb/v7e-m+fp/hard\libc_nano.a(lib_a-nano-vfprintf_i.o)
                0x08007314                _printf_i
 .text._sbrk_r  0x0800753c       0x20 c:/program files (x86)/gnu tools arm embedded/8 2019-q3-update/bin/../lib/gcc/arm-none-eabi/8.3.1/../../../../arm-none-eabi/lib/thumb/v7e-m+fp/hard\libc_nano.a(lib_a-sbrkr.o)
                0x0800753c                _sbrk_r
 .text.__sread  0x0800755c       0x22 c:/program files (x86)/gnu tools arm embedded/8 2019-q3-update/bin/../lib/gcc/arm-none-eabi/8.3.1/../../../../arm-none-eabi/lib/thumb/v7e-m+fp/hard\libc_nano.a(lib_a-stdio.o)
                0x0800755c                __sread
 .text.__swrite
                0x0800757e       0x38 c:/program files (x86)/gnu tools arm embedded/8 2019-q3-update/bin/../lib/gcc/arm-none-eabi/8.3.1/../../../../arm-none-eabi/lib/thumb/v7e-m+fp/hard\libc_nano.a(lib_a-stdio.o)
                0x0800757e                __swrite
 .text.__sseek  0x080075b6       0x24 c:/program files (x86)/gnu tools arm embedded/8 2019-q3-update/bin/../lib/gcc/arm-none-eabi/8.3.1/../../../../arm-none-eabi/lib/thumb/v7e-m+fp/hard\libc_nano.a(lib_a-stdio.o)
                0x080075b6                __sseek
 .text.__sclose
                0x080075da        0x8 c:/program files (x86)/gnu tools arm embedded/8 2019-q3-update/bin/../lib/gcc/arm-none-eabi/8.3.1/../../../../arm-none-eabi/lib/thumb/v7e-m+fp/hard\libc_nano.a(lib_a-stdio.o)
                0x080075da                __sclose
 *fill*         0x080075e2        0x2 
 .text._write_r
                0x080075e4       0x24 c:/program files (x86)/gnu tools arm embedded/8 2019-q3-update/bin/../lib/gcc/arm-none-eabi/8.3.1/../../../../arm-none-eabi/lib/thumb/v7e-m+fp/hard\libc_nano.a(lib_a-writer.o)
                0x080075e4                _write_r
 .text._close_r
                0x08007608       0x20 c:/program files (x86)/gnu tools arm embedded/8 2019-q3-update/bin/../lib/gcc/arm-none-eabi/8.3.1/../../../../arm-none-eabi/lib/thumb/v7e-m+fp/hard\libc_nano.a(lib_a-closer.o)
                0x08007608                _close_r
 .text._fstat_r
                0x08007628       0x24 c:/program files (x86)/gnu tools arm embedded/8 2019-q3-update/bin/../lib/gcc/arm-none-eabi/8.3.1/../../../../arm-none-eabi/lib/thumb/v7e-m+fp/hard\libc_nano.a(lib_a-fstatr.o)
                0x08007628                _fstat_r
 .text._isatty_r
                0x0800764c       0x20 c:/program files (x86)/gnu tools arm embedded/8 2019-q3-update/bin/../lib/gcc/arm-none-eabi/8.3.1/../../../../arm-none-eabi/lib/thumb/v7e-m+fp/hard\libc_nano.a(lib_a-isattyr.o)
                0x0800764c                _isatty_r
 .text._lseek_r
                0x0800766c       0x24 c:/program files (x86)/gnu tools arm embedded/8 2019-q3-update/bin/../lib/gcc/arm-none-eabi/8.3.1/../../../../arm-none-eabi/lib/thumb/v7e-m+fp/hard\libc_nano.a(lib_a-lseekr.o)
                0x0800766c                _lseek_r
 .text.__malloc_lock
                0x08007690        0xc c:/program files (x86)/gnu tools arm embedded/8 2019-q3-update/bin/../lib/gcc/arm-none-eabi/8.3.1/../../../../arm-none-eabi/lib/thumb/v7e-m+fp/hard\libc_nano.a(lib_a-mlock.o)
                0x08007690                __malloc_lock
 .text.__malloc_unlock
                0x0800769c        0xc c:/program files (x86)/gnu tools arm embedded/8 2019-q3-update/bin/../lib/gcc/arm-none-eabi/8.3.1/../../../../arm-none-eabi/lib/thumb/v7e-m+fp/hard\libc_nano.a(lib_a-mlock.o)
                0x0800769c                __malloc_unlock
 .text._read_r  0x080076a8       0x24 c:/program files (x86)/gnu tools arm embedded/8 2019-q3-update/bin/../lib/gcc/arm-none-eabi/8.3.1/../../../../arm-none-eabi/lib/thumb/v7e-m+fp/hard\libc_nano.a(lib_a-readr.o)
                0x080076a8                _read_r
 .text._close   0x080076cc       0x10 c:/program files (x86)/gnu tools arm embedded/8 2019-q3-update/bin/../lib/gcc/arm-none-eabi/8.3.1/../../../../arm-none-eabi/lib/thumb/v7e-m+fp/hard\libnosys.a(close.o)
                0x080076cc                _close
 .text._fstat   0x080076dc       0x10 c:/program files (x86)/gnu tools arm embedded/8 2019-q3-update/bin/../lib/gcc/arm-none-eabi/8.3.1/../../../../arm-none-eabi/lib/thumb/v7e-m+fp/hard\libnosys.a(fstat.o)
                0x080076dc                _fstat
 .text._isatty  0x080076ec       0x10 c:/program files (x86)/gnu tools arm embedded/8 2019-q3-update/bin/../lib/gcc/arm-none-eabi/8.3.1/../../../../arm-none-eabi/lib/thumb/v7e-m+fp/hard\libnosys.a(isatty.o)
                0x080076ec                _isatty
 .text._lseek   0x080076fc       0x10 c:/program files (x86)/gnu tools arm embedded/8 2019-q3-update/bin/../lib/gcc/arm-none-eabi/8.3.1/../../../../arm-none-eabi/lib/thumb/v7e-m+fp/hard\libnosys.a(lseek.o)
                0x080076fc                _lseek
 .text._read    0x0800770c       0x10 c:/program files (x86)/gnu tools arm embedded/8 2019-q3-update/bin/../lib/gcc/arm-none-eabi/8.3.1/../../../../arm-none-eabi/lib/thumb/v7e-m+fp/hard\libnosys.a(read.o)
                0x0800770c                _read
 .text._sbrk    0x0800771c       0x1c c:/program files (x86)/gnu tools arm embedded/8 2019-q3-update/bin/../lib/gcc/arm-none-eabi/8.3.1/../../../../arm-none-eabi/lib/thumb/v7e-m+fp/hard\libnosys.a(sbrk.o)
                0x0800771c                _sbrk
 *(.glue_7)
 .glue_7        0x08007738        0x0 linker stubs
 *(.glue_7t)
 .glue_7t       0x08007738        0x0 linker stubs
 *(.eh_frame)
 .eh_frame      0x08007738        0x0 c:/program files (x86)/gnu tools arm embedded/8 2019-q3-update/bin/../lib/gcc/arm-none-eabi/8.3.1/thumb/v7e-m+fp/hard/crtbegin.o
 *(.init)
 .init          0x08007738        0x4 c:/program files (x86)/gnu tools arm embedded/8 2019-q3-update/bin/../lib/gcc/arm-none-eabi/8.3.1/thumb/v7e-m+fp/hard/crti.o
                0x08007738                _init
 .init          0x0800773c        0x8 c:/program files (x86)/gnu tools arm embedded/8 2019-q3-update/bin/../lib/gcc/arm-none-eabi/8.3.1/thumb/v7e-m+fp/hard/crtn.o
 *(.fini)
 .fini          0x08007744        0x4 c:/program files (x86)/gnu tools arm embedded/8 2019-q3-update/bin/../lib/gcc/arm-none-eabi/8.3.1/thumb/v7e-m+fp/hard/crti.o
                0x08007744                _fini
 .fini          0x08007748        0x8 c:/program files (x86)/gnu tools arm embedded/8 2019-q3-update/bin/../lib/gcc/arm-none-eabi/8.3.1/thumb/v7e-m+fp/hard/crtn.o
                0x08007750                . = ALIGN (0x4)
                0x08007750                _etext = .

.vfp11_veneer   0x08007750        0x0
 .vfp11_veneer  0x08007750        0x0 linker stubs

.v4_bx          0x08007750        0x0
 .v4_bx         0x08007750        0x0 linker stubs

.iplt           0x08007750        0x0
 .iplt          0x08007750        0x0 c:/program files (x86)/gnu tools arm embedded/8 2019-q3-update/bin/../lib/gcc/arm-none-eabi/8.3.1/thumb/v7e-m+fp/hard/crtbegin.o

.rodata         0x08007750      0xc98
                0x08007750                . = ALIGN (0x4)
 *(.rodata)
 .rodata        0x08007750       0x24 build/ili9488.o
 *(.rodata*)
 .rodata.Bootloader_JumpToApplication.str1.4
                0x08007774        0xe build/main.o
 *fill*         0x08007782        0x2 
 .rodata.MX_USART1_UART_Init.str1.4
                0x08007784        0xb build/main.o
 *fill*         0x0800778f        0x1 
 .rodata.main.str1.4
                0x08007790      0x156 build/main.o
 *fill*         0x080078e6        0x2 
 .rodata.hard_fault_handler_c.str1.4
                0x080078e8      0x119 build/stm32f4xx_it.o
 *fill*         0x08007a01        0x3 
 .rodata.ili9488_Init.str1.4
                0x08007a04        0xd build/ili9488.o
 *fill*         0x08007a11        0x3 
 .rodata.Font8_Table
                0x08007a14      0x2f8 build/font8.o
                0x08007a14                Font8_Table
 .rodata.MX_FATFS_Init.str1.4
                0x08007d0c       0x43 build/fatfs.o
 *fill*         0x08007d4f        0x1 
 .rodata.BSP_SD_ReadBlocks.str1.4
                0x08007d50       0x1f build/bsp_driver_sd.o
 *fill*         0x08007d6f        0x1 
 .rodata.SD_Driver
                0x08007d70       0x14 build/sd_diskio.o
                0x08007d70                SD_Driver
 .rodata.SD_initialize.str1.4
                0x08007d84       0x10 build/sd_diskio.o
 .rodata.ExCvt  0x08007d94       0x80 build/ff.o
 .rodata.LfnOfs
                0x08007e14        0xd build/ff.o
 *fill*         0x08007e21        0x3 
 .rodata.create_name.str1.4
                0x08007e24       0x13 build/ff.o
 *fill*         0x08007e37        0x1 
 .rodata.Tbl    0x08007e38      0x100 build/ccsbcs.o
 .rodata.cvt1.10644
                0x08007f38      0x1f2 build/ccsbcs.o
 *fill*         0x0800812a        0x2 
 .rodata.cvt2.10645
                0x0800812c       0xbc build/ccsbcs.o
 .rodata.flash.str1.4
                0x080081e8       0xae build/flash_file.o
 *fill*         0x08008296        0x2 
 .rodata.flashWrite.str1.4
                0x08008298       0x2f build/flash_file.o
 *fill*         0x080082c7        0x1 
 .rodata.firmware_run.str1.4
                0x080082c8       0x70 build/firmware.o
                                 0x6f (size before relaxing)
 .rodata.AHBPrescTable
                0x08008338       0x10 build/system_stm32f4xx.o
                0x08008338                AHBPrescTable
 .rodata.APBPrescTable
                0x08008348        0x8 build/system_stm32f4xx.o
                0x08008348                APBPrescTable
 .rodata._global_impure_ptr
                0x08008350        0x4 c:/program files (x86)/gnu tools arm embedded/8 2019-q3-update/bin/../lib/gcc/arm-none-eabi/8.3.1/../../../../arm-none-eabi/lib/thumb/v7e-m+fp/hard\libc_nano.a(lib_a-impure.o)
                0x08008350                _global_impure_ptr
 .rodata.__sf_fake_stderr
                0x08008354       0x20 c:/program files (x86)/gnu tools arm embedded/8 2019-q3-update/bin/../lib/gcc/arm-none-eabi/8.3.1/../../../../arm-none-eabi/lib/thumb/v7e-m+fp/hard\libc_nano.a(lib_a-findfp.o)
                0x08008354                __sf_fake_stderr
 .rodata.__sf_fake_stdin
                0x08008374       0x20 c:/program files (x86)/gnu tools arm embedded/8 2019-q3-update/bin/../lib/gcc/arm-none-eabi/8.3.1/../../../../arm-none-eabi/lib/thumb/v7e-m+fp/hard\libc_nano.a(lib_a-findfp.o)
                0x08008374                __sf_fake_stdin
 .rodata.__sf_fake_stdout
                0x08008394       0x20 c:/program files (x86)/gnu tools arm embedded/8 2019-q3-update/bin/../lib/gcc/arm-none-eabi/8.3.1/../../../../arm-none-eabi/lib/thumb/v7e-m+fp/hard\libc_nano.a(lib_a-findfp.o)
                0x08008394                __sf_fake_stdout
 .rodata._vfprintf_r.str1.1
                0x080083b4       0x11 c:/program files (x86)/gnu tools arm embedded/8 2019-q3-update/bin/../lib/gcc/arm-none-eabi/8.3.1/../../../../arm-none-eabi/lib/thumb/v7e-m+fp/hard\libc_nano.a(lib_a-nano-vfprintf.o)
 .rodata._printf_i.str1.1
                0x080083c5       0x22 c:/program files (x86)/gnu tools arm embedded/8 2019-q3-update/bin/../lib/gcc/arm-none-eabi/8.3.1/../../../../arm-none-eabi/lib/thumb/v7e-m+fp/hard\libc_nano.a(lib_a-nano-vfprintf_i.o)
                0x080083e8                . = ALIGN (0x4)
 *fill*         0x080083e7        0x1 

.ARM.extab
 *(.ARM.extab* .gnu.linkonce.armextab.*)

.ARM            0x080083e8        0x8
                0x080083e8                __exidx_start = .
 *(.ARM.exidx*)
 .ARM.exidx     0x080083e8        0x8 c:/program files (x86)/gnu tools arm embedded/8 2019-q3-update/bin/../lib/gcc/arm-none-eabi/8.3.1/thumb/v7e-m+fp/hard\libgcc.a(_udivmoddi4.o)
                0x080083f0                __exidx_end = .

.rel.dyn        0x080083f0        0x0
 .rel.iplt      0x080083f0        0x0 c:/program files (x86)/gnu tools arm embedded/8 2019-q3-update/bin/../lib/gcc/arm-none-eabi/8.3.1/thumb/v7e-m+fp/hard/crtbegin.o

.preinit_array  0x080083f0        0x0
                0x080083f0                PROVIDE (__preinit_array_start = .)
 *(.preinit_array*)
                0x080083f0                PROVIDE (__preinit_array_end = .)

.init_array     0x080083f0        0x4
                0x080083f0                PROVIDE (__init_array_start = .)
 *(SORT_BY_NAME(.init_array.*))
 *(.init_array*)
 .init_array    0x080083f0        0x4 c:/program files (x86)/gnu tools arm embedded/8 2019-q3-update/bin/../lib/gcc/arm-none-eabi/8.3.1/thumb/v7e-m+fp/hard/crtbegin.o
                0x080083f4                PROVIDE (__init_array_end = .)

.fini_array     0x080083f4        0x4
                [!provide]                PROVIDE (__fini_array_start = .)
 *(SORT_BY_NAME(.fini_array.*))
 *(.fini_array*)
 .fini_array    0x080083f4        0x4 c:/program files (x86)/gnu tools arm embedded/8 2019-q3-update/bin/../lib/gcc/arm-none-eabi/8.3.1/thumb/v7e-m+fp/hard/crtbegin.o
                [!provide]                PROVIDE (__fini_array_end = .)
                0x080083f8                _sidata = LOADADDR (.data)

.data           0x20000000       0xc8 load address 0x080083f8
                0x20000000                . = ALIGN (0x4)
                0x20000000                _sdata = .
 *(.data)
 *(.data*)
 .data.fName    0x20000000        0xe build/main.o
                0x20000000                fName
 .data.uwTickFreq
                0x2000000e        0x1 build/stm32f4xx_hal.o
                0x2000000e                uwTickFreq
 *fill*         0x2000000f        0x1 
 .data.ili9488_drv
                0x20000010       0x40 build/ili9488.o
                0x20000010                ili9488_drv
 .data.lcd_drv  0x20000050        0x4 build/ili9488.o
                0x20000050                lcd_drv
 .data.Font8    0x20000054        0x8 build/font8.o
                0x20000054                Font8
 .data.Stat     0x2000005c        0x1 build/sd_diskio.o
 *fill*         0x2000005d        0x3 
 .data.SystemCoreClock
                0x20000060        0x4 build/system_stm32f4xx.o
                0x20000060                SystemCoreClock
 .data._impure_ptr
                0x20000064        0x4 c:/program files (x86)/gnu tools arm embedded/8 2019-q3-update/bin/../lib/gcc/arm-none-eabi/8.3.1/../../../../arm-none-eabi/lib/thumb/v7e-m+fp/hard\libc_nano.a(lib_a-impure.o)
                0x20000064                _impure_ptr
 .data.impure_data
                0x20000068       0x60 c:/program files (x86)/gnu tools arm embedded/8 2019-q3-update/bin/../lib/gcc/arm-none-eabi/8.3.1/../../../../arm-none-eabi/lib/thumb/v7e-m+fp/hard\libc_nano.a(lib_a-impure.o)
                0x200000c8                . = ALIGN (0x4)
                0x200000c8                _edata = .
                0x080084c0                _siccmram = LOADADDR (.ccmram)

.igot.plt       0x200000c8        0x0 load address 0x080084c0
 .igot.plt      0x200000c8        0x0 c:/program files (x86)/gnu tools arm embedded/8 2019-q3-update/bin/../lib/gcc/arm-none-eabi/8.3.1/thumb/v7e-m+fp/hard/crtbegin.o

.ccmram         0x10000000        0x0 load address 0x080084c0
                0x10000000                . = ALIGN (0x4)
                0x10000000                _sccmram = .
 *(.ccmram)
 *(.ccmram*)
                0x10000000                . = ALIGN (0x4)
                0x10000000                _eccmram = .
                0x10000000                . = ALIGN (0x4)

.bss            0x200000c8     0x7bb0
                0x200000c8                _sbss = .
                0x200000c8                __bss_start__ = _sbss
 *(.bss)
 .bss           0x200000c8       0x1c c:/program files (x86)/gnu tools arm embedded/8 2019-q3-update/bin/../lib/gcc/arm-none-eabi/8.3.1/thumb/v7e-m+fp/hard/crtbegin.o
 *(.bss*)
 .bss.FSMC_Initialized
                0x200000e4        0x4 build/stm32f4xx_hal_msp.o
 .bss.bitmap    0x200000e8      0x366 build/stm32_adafruit_lcd.o
 .bss.Is_ili9488_Initialized
                0x2000044e        0x1 build/ili9488.o
 *fill*         0x2000044f        0x1 
 .bss.disk      0x20000450        0xc build/ff_gen_drv.o
                0x20000450                disk
 .bss.FatFs     0x2000045c        0x4 build/ff.o
 .bss.Files     0x20000460       0x50 build/ff.o
 .bss.Fsid      0x200004b0        0x2 build/ff.o
 *fill*         0x200004b2        0x2 
 .bss.LfnBuf    0x200004b4      0x200 build/ff.o
 .bss.EraseInitStruct
                0x200006b4       0x14 build/flash_file.o
 .bss.FirstSector
                0x200006c8        0x4 build/flash_file.o
                0x200006c8                FirstSector
 .bss.NbOfSectors
                0x200006cc        0x4 build/flash_file.o
                0x200006cc                NbOfSectors
 .bss.SectorError
                0x200006d0        0x4 build/flash_file.o
                0x200006d0                SectorError
 .bss.bufferLen
                0x200006d4        0x4 build/flash_file.o
                0x200006d4                bufferLen
 .bss.info      0x200006d8      0x118 build/flash_file.o
 .bss.__malloc_free_list
                0x200007f0        0x4 c:/program files (x86)/gnu tools arm embedded/8 2019-q3-update/bin/../lib/gcc/arm-none-eabi/8.3.1/../../../../arm-none-eabi/lib/thumb/v7e-m+fp/hard\libc_nano.a(lib_a-nano-mallocr.o)
                0x200007f0                __malloc_free_list
 .bss.__malloc_sbrk_start
                0x200007f4        0x4 c:/program files (x86)/gnu tools arm embedded/8 2019-q3-update/bin/../lib/gcc/arm-none-eabi/8.3.1/../../../../arm-none-eabi/lib/thumb/v7e-m+fp/hard\libc_nano.a(lib_a-nano-mallocr.o)
                0x200007f4                __malloc_sbrk_start
 .bss.heap_end.5501
                0x200007f8        0x4 c:/program files (x86)/gnu tools arm embedded/8 2019-q3-update/bin/../lib/gcc/arm-none-eabi/8.3.1/../../../../arm-none-eabi/lib/thumb/v7e-m+fp/hard\libnosys.a(sbrk.o)
 *(COMMON)
 COMMON         0x200007fc     0x33f0 build/main.o
                0x200007fc                hdma_sdio_rx
                0x2000085c                txt
                0x2000087a                retSD
                0x2000087c                huart3
                0x200008bc                sdFileSystem
                0x200018f4                hsram1
                0x20001944                SDCardInfo
                0x20001964                huart1
                0x200019a4                SDPath
                0x200019a8                hrtc
                0x200019c8                hdma_sdio_tx
                0x20001a28                hsd
                0x20001aac                huart6
                0x20001aec                hspi1
                0x20001b44                htim2
                0x20001b80                SDFile
                0x20002bb0                res
                0x20002bb4                SDFatFS
 COMMON         0x20003bec       0x3c build/stm32f4xx_hal_timebase_TIM.o
                0x20003bec                htim6
 COMMON         0x20003c28       0x20 build/stm32f4xx_hal_flash.o
                0x20003c28                pFlash
 COMMON         0x20003c48        0x4 build/stm32f4xx_hal.o
                0x20003c48                uwTick
 COMMON         0x20003c4c        0xc build/stm32_adafruit_lcd.o
                0x20003c4c                DrawProp
 COMMON         0x20003c58     0x4013 build/flash_file.o
                0x20003c58                erase_flash
                0x20003c6c                buffer
 COMMON         0x20007c6b        0x9 c:/program files (x86)/gnu tools arm embedded/8 2019-q3-update/bin/../lib/gcc/arm-none-eabi/8.3.1/../../../../arm-none-eabi/lib/thumb/v7e-m+fp/hard\libc_nano.a(lib_a-lock.o)
                0x20007c6b                __lock___atexit_recursive_mutex
                0x20007c6c                __lock___arc4random_mutex
                0x20007c6d                __lock___env_recursive_mutex
                0x20007c6e                __lock___sinit_recursive_mutex
                0x20007c6f                __lock___malloc_recursive_mutex
                0x20007c70                __lock___at_quick_exit_mutex
                0x20007c71                __lock___dd_hash_mutex
                0x20007c72                __lock___tz_mutex
                0x20007c73                __lock___sfp_recursive_mutex
 COMMON         0x20007c74        0x4 c:/program files (x86)/gnu tools arm embedded/8 2019-q3-update/bin/../lib/gcc/arm-none-eabi/8.3.1/../../../../arm-none-eabi/lib/thumb/v7e-m+fp/hard\libc_nano.a(lib_a-reent.o)
                0x20007c74                errno
                0x20007c78                . = ALIGN (0x4)
                0x20007c78                _ebss = .
                0x20007c78                __bss_end__ = _ebss

._user_heap_stack
                0x20007c78      0xa00
                0x20007c78                . = ALIGN (0x8)
                0x20007c78                PROVIDE (end = .)
                [!provide]                PROVIDE (_end = .)
                0x20007e78                . = (. + _Min_Heap_Size)
 *fill*         0x20007c78      0x200 
                0x20008678                . = (. + _Min_Stack_Size)
 *fill*         0x20007e78      0x800 
                0x20008678                . = ALIGN (0x8)

/DISCARD/
 libc.a(*)
 libm.a(*)
 libgcc.a(*)

.ARM.attributes
                0x00000000       0x30
 *(.ARM.attributes)
 .ARM.attributes
                0x00000000       0x1e c:/program files (x86)/gnu tools arm embedded/8 2019-q3-update/bin/../lib/gcc/arm-none-eabi/8.3.1/thumb/v7e-m+fp/hard/crti.o
 .ARM.attributes
                0x0000001e       0x34 c:/program files (x86)/gnu tools arm embedded/8 2019-q3-update/bin/../lib/gcc/arm-none-eabi/8.3.1/thumb/v7e-m+fp/hard/crtbegin.o
 .ARM.attributes
                0x00000052       0x34 build/main.o
 .ARM.attributes
                0x00000086       0x34 build/stm32f4xx_it.o
 .ARM.attributes
                0x000000ba       0x34 build/stm32f4xx_hal_msp.o
 .ARM.attributes
                0x000000ee       0x34 build/stm32f4xx_hal_timebase_TIM.o
 .ARM.attributes
                0x00000122       0x34 build/stm32f4xx_ll_fsmc.o
 .ARM.attributes
                0x00000156       0x34 build/stm32f4xx_hal_sram.o
 .ARM.attributes
                0x0000018a       0x34 build/stm32f4xx_hal_tim.o
 .ARM.attributes
                0x000001be       0x34 build/stm32f4xx_hal_tim_ex.o
 .ARM.attributes
                0x000001f2       0x34 build/stm32f4xx_hal_rcc.o
 .ARM.attributes
                0x00000226       0x34 build/stm32f4xx_hal_rcc_ex.o
 .ARM.attributes
                0x0000025a       0x34 build/stm32f4xx_hal_flash.o
 .ARM.attributes
                0x0000028e       0x34 build/stm32f4xx_hal_flash_ex.o
 .ARM.attributes
                0x000002c2       0x34 build/stm32f4xx_hal_gpio.o
 .ARM.attributes
                0x000002f6       0x34 build/stm32f4xx_hal_dma.o
 .ARM.attributes
                0x0000032a       0x34 build/stm32f4xx_hal_sd.o
 .ARM.attributes
                0x0000035e       0x34 build/stm32f4xx_ll_sdmmc.o
 .ARM.attributes
                0x00000392       0x34 build/stm32f4xx_hal_uart.o
 .ARM.attributes
                0x000003c6       0x34 build/stm32f4xx_hal_cortex.o
 .ARM.attributes
                0x000003fa       0x34 build/stm32f4xx_hal.o
 .ARM.attributes
                0x0000042e       0x34 build/stm32_adafruit_lcd.o
 .ARM.attributes
                0x00000462       0x34 build/ili9488.o
 .ARM.attributes
                0x00000496       0x34 build/lcd_io_fsmc16.o
 .ARM.attributes
                0x000004ca       0x39 build/font8.o
 .ARM.attributes
                0x00000503       0x34 build/usart.o
 .ARM.attributes
                0x00000537       0x34 build/fatfs.o
 .ARM.attributes
                0x0000056b       0x34 build/bsp_driver_sd.o
 .ARM.attributes
                0x0000059f       0x34 build/sd_diskio.o
 .ARM.attributes
                0x000005d3       0x34 build/ff_gen_drv.o
 .ARM.attributes
                0x00000607       0x34 build/ff.o
 .ARM.attributes
                0x0000063b       0x34 build/diskio.o
 .ARM.attributes
                0x0000066f       0x34 build/ccsbcs.o
 .ARM.attributes
                0x000006a3       0x34 build/flash_file.o
 .ARM.attributes
                0x000006d7       0x34 build/firmware.o
 .ARM.attributes
                0x0000070b       0x34 build/system_stm32f4xx.o
 .ARM.attributes
                0x0000073f       0x21 build/startup_stm32f407xx.o
 .ARM.attributes
                0x00000760       0x32 c:/program files (x86)/gnu tools arm embedded/8 2019-q3-update/bin/../lib/gcc/arm-none-eabi/8.3.1/../../../../arm-none-eabi/lib/thumb/v7e-m+fp/hard\libc_nano.a(lib_a-impure.o)
 .ARM.attributes
                0x00000792       0x34 c:/program files (x86)/gnu tools arm embedded/8 2019-q3-update/bin/../lib/gcc/arm-none-eabi/8.3.1/../../../../arm-none-eabi/lib/thumb/v7e-m+fp/hard\libc_nano.a(lib_a-init.o)
 .ARM.attributes
                0x000007c6       0x34 c:/program files (x86)/gnu tools arm embedded/8 2019-q3-update/bin/../lib/gcc/arm-none-eabi/8.3.1/../../../../arm-none-eabi/lib/thumb/v7e-m+fp/hard\libc_nano.a(lib_a-memset.o)
 .ARM.attributes
                0x000007fa       0x34 c:/program files (x86)/gnu tools arm embedded/8 2019-q3-update/bin/../lib/gcc/arm-none-eabi/8.3.1/../../../../arm-none-eabi/lib/thumb/v7e-m+fp/hard\libc_nano.a(lib_a-printf.o)
 .ARM.attributes
                0x0000082e       0x34 c:/program files (x86)/gnu tools arm embedded/8 2019-q3-update/bin/../lib/gcc/arm-none-eabi/8.3.1/../../../../arm-none-eabi/lib/thumb/v7e-m+fp/hard\libc_nano.a(lib_a-puts.o)
 .ARM.attributes
                0x00000862       0x34 c:/program files (x86)/gnu tools arm embedded/8 2019-q3-update/bin/../lib/gcc/arm-none-eabi/8.3.1/../../../../arm-none-eabi/lib/thumb/v7e-m+fp/hard\libc_nano.a(lib_a-wbuf.o)
 .ARM.attributes
                0x00000896       0x34 c:/program files (x86)/gnu tools arm embedded/8 2019-q3-update/bin/../lib/gcc/arm-none-eabi/8.3.1/../../../../arm-none-eabi/lib/thumb/v7e-m+fp/hard\libc_nano.a(lib_a-wsetup.o)
 .ARM.attributes
                0x000008ca       0x34 c:/program files (x86)/gnu tools arm embedded/8 2019-q3-update/bin/../lib/gcc/arm-none-eabi/8.3.1/../../../../arm-none-eabi/lib/thumb/v7e-m+fp/hard\libc_nano.a(lib_a-fflush.o)
 .ARM.attributes
                0x000008fe       0x34 c:/program files (x86)/gnu tools arm embedded/8 2019-q3-update/bin/../lib/gcc/arm-none-eabi/8.3.1/../../../../arm-none-eabi/lib/thumb/v7e-m+fp/hard\libc_nano.a(lib_a-findfp.o)
 .ARM.attributes
                0x00000932       0x34 c:/program files (x86)/gnu tools arm embedded/8 2019-q3-update/bin/../lib/gcc/arm-none-eabi/8.3.1/../../../../arm-none-eabi/lib/thumb/v7e-m+fp/hard\libc_nano.a(lib_a-fwalk.o)
 .ARM.attributes
                0x00000966       0x34 c:/program files (x86)/gnu tools arm embedded/8 2019-q3-update/bin/../lib/gcc/arm-none-eabi/8.3.1/../../../../arm-none-eabi/lib/thumb/v7e-m+fp/hard\libc_nano.a(lib_a-lock.o)
 .ARM.attributes
                0x0000099a       0x34 c:/program files (x86)/gnu tools arm embedded/8 2019-q3-update/bin/../lib/gcc/arm-none-eabi/8.3.1/../../../../arm-none-eabi/lib/thumb/v7e-m+fp/hard\libc_nano.a(lib_a-makebuf.o)
 .ARM.attributes
                0x000009ce       0x34 c:/program files (x86)/gnu tools arm embedded/8 2019-q3-update/bin/../lib/gcc/arm-none-eabi/8.3.1/../../../../arm-none-eabi/lib/thumb/v7e-m+fp/hard\libc_nano.a(lib_a-nano-freer.o)
 .ARM.attributes
                0x00000a02       0x34 c:/program files (x86)/gnu tools arm embedded/8 2019-q3-update/bin/../lib/gcc/arm-none-eabi/8.3.1/../../../../arm-none-eabi/lib/thumb/v7e-m+fp/hard\libc_nano.a(lib_a-nano-mallocr.o)
 .ARM.attributes
                0x00000a36       0x34 c:/program files (x86)/gnu tools arm embedded/8 2019-q3-update/bin/../lib/gcc/arm-none-eabi/8.3.1/../../../../arm-none-eabi/lib/thumb/v7e-m+fp/hard\libc_nano.a(lib_a-nano-vfprintf.o)
 .ARM.attributes
                0x00000a6a       0x34 c:/program files (x86)/gnu tools arm embedded/8 2019-q3-update/bin/../lib/gcc/arm-none-eabi/8.3.1/../../../../arm-none-eabi/lib/thumb/v7e-m+fp/hard\libc_nano.a(lib_a-nano-vfprintf_i.o)
 .ARM.attributes
                0x00000a9e       0x34 c:/program files (x86)/gnu tools arm embedded/8 2019-q3-update/bin/../lib/gcc/arm-none-eabi/8.3.1/../../../../arm-none-eabi/lib/thumb/v7e-m+fp/hard\libc_nano.a(lib_a-sbrkr.o)
 .ARM.attributes
                0x00000ad2       0x34 c:/program files (x86)/gnu tools arm embedded/8 2019-q3-update/bin/../lib/gcc/arm-none-eabi/8.3.1/../../../../arm-none-eabi/lib/thumb/v7e-m+fp/hard\libc_nano.a(lib_a-stdio.o)
 .ARM.attributes
                0x00000b06       0x34 c:/program files (x86)/gnu tools arm embedded/8 2019-q3-update/bin/../lib/gcc/arm-none-eabi/8.3.1/../../../../arm-none-eabi/lib/thumb/v7e-m+fp/hard\libc_nano.a(lib_a-writer.o)
 .ARM.attributes
                0x00000b3a       0x34 c:/program files (x86)/gnu tools arm embedded/8 2019-q3-update/bin/../lib/gcc/arm-none-eabi/8.3.1/../../../../arm-none-eabi/lib/thumb/v7e-m+fp/hard\libc_nano.a(lib_a-closer.o)
 .ARM.attributes
                0x00000b6e       0x34 c:/program files (x86)/gnu tools arm embedded/8 2019-q3-update/bin/../lib/gcc/arm-none-eabi/8.3.1/../../../../arm-none-eabi/lib/thumb/v7e-m+fp/hard\libc_nano.a(lib_a-fstatr.o)
 .ARM.attributes
                0x00000ba2       0x34 c:/program files (x86)/gnu tools arm embedded/8 2019-q3-update/bin/../lib/gcc/arm-none-eabi/8.3.1/../../../../arm-none-eabi/lib/thumb/v7e-m+fp/hard\libc_nano.a(lib_a-isattyr.o)
 .ARM.attributes
                0x00000bd6       0x34 c:/program files (x86)/gnu tools arm embedded/8 2019-q3-update/bin/../lib/gcc/arm-none-eabi/8.3.1/../../../../arm-none-eabi/lib/thumb/v7e-m+fp/hard\libc_nano.a(lib_a-lseekr.o)
 .ARM.attributes
                0x00000c0a       0x1c c:/program files (x86)/gnu tools arm embedded/8 2019-q3-update/bin/../lib/gcc/arm-none-eabi/8.3.1/../../../../arm-none-eabi/lib/thumb/v7e-m+fp/hard\libc_nano.a(lib_a-memchr.o)
 .ARM.attributes
                0x00000c26       0x34 c:/program files (x86)/gnu tools arm embedded/8 2019-q3-update/bin/../lib/gcc/arm-none-eabi/8.3.1/../../../../arm-none-eabi/lib/thumb/v7e-m+fp/hard\libc_nano.a(lib_a-mlock.o)
 .ARM.attributes
                0x00000c5a       0x34 c:/program files (x86)/gnu tools arm embedded/8 2019-q3-update/bin/../lib/gcc/arm-none-eabi/8.3.1/../../../../arm-none-eabi/lib/thumb/v7e-m+fp/hard\libc_nano.a(lib_a-readr.o)
 .ARM.attributes
                0x00000c8e       0x34 c:/program files (x86)/gnu tools arm embedded/8 2019-q3-update/bin/../lib/gcc/arm-none-eabi/8.3.1/../../../../arm-none-eabi/lib/thumb/v7e-m+fp/hard\libc_nano.a(lib_a-reent.o)
 .ARM.attributes
                0x00000cc2       0x34 c:/program files (x86)/gnu tools arm embedded/8 2019-q3-update/bin/../lib/gcc/arm-none-eabi/8.3.1/../../../../arm-none-eabi/lib/thumb/v7e-m+fp/hard\libnosys.a(close.o)
 .ARM.attributes
                0x00000cf6       0x34 c:/program files (x86)/gnu tools arm embedded/8 2019-q3-update/bin/../lib/gcc/arm-none-eabi/8.3.1/../../../../arm-none-eabi/lib/thumb/v7e-m+fp/hard\libnosys.a(fstat.o)
 .ARM.attributes
                0x00000d2a       0x34 c:/program files (x86)/gnu tools arm embedded/8 2019-q3-update/bin/../lib/gcc/arm-none-eabi/8.3.1/../../../../arm-none-eabi/lib/thumb/v7e-m+fp/hard\libnosys.a(isatty.o)
 .ARM.attributes
                0x00000d5e       0x34 c:/program files (x86)/gnu tools arm embedded/8 2019-q3-update/bin/../lib/gcc/arm-none-eabi/8.3.1/../../../../arm-none-eabi/lib/thumb/v7e-m+fp/hard\libnosys.a(lseek.o)
 .ARM.attributes
                0x00000d92       0x34 c:/program files (x86)/gnu tools arm embedded/8 2019-q3-update/bin/../lib/gcc/arm-none-eabi/8.3.1/../../../../arm-none-eabi/lib/thumb/v7e-m+fp/hard\libnosys.a(read.o)
 .ARM.attributes
                0x00000dc6       0x34 c:/program files (x86)/gnu tools arm embedded/8 2019-q3-update/bin/../lib/gcc/arm-none-eabi/8.3.1/../../../../arm-none-eabi/lib/thumb/v7e-m+fp/hard\libnosys.a(sbrk.o)
 .ARM.attributes
                0x00000dfa       0x1e c:/program files (x86)/gnu tools arm embedded/8 2019-q3-update/bin/../lib/gcc/arm-none-eabi/8.3.1/thumb/v7e-m+fp/hard\libgcc.a(_aeabi_uldivmod.o)
 .ARM.attributes
                0x00000e18       0x34 c:/program files (x86)/gnu tools arm embedded/8 2019-q3-update/bin/../lib/gcc/arm-none-eabi/8.3.1/thumb/v7e-m+fp/hard\libgcc.a(_udivmoddi4.o)
 .ARM.attributes
                0x00000e4c       0x1e c:/program files (x86)/gnu tools arm embedded/8 2019-q3-update/bin/../lib/gcc/arm-none-eabi/8.3.1/thumb/v7e-m+fp/hard\libgcc.a(_dvmd_tls.o)
 .ARM.attributes
                0x00000e6a       0x1e c:/program files (x86)/gnu tools arm embedded/8 2019-q3-update/bin/../lib/gcc/arm-none-eabi/8.3.1/thumb/v7e-m+fp/hard/crtn.o
OUTPUT(build/f407vet_app_fsmc.elf elf32-littlearm)

.debug_info     0x00000000    0x3ac42
 .debug_info    0x00000000     0x3d45 build/main.o
 .debug_info    0x00003d45     0x1a64 build/stm32f4xx_it.o
 .debug_info    0x000057a9     0x2647 build/stm32f4xx_hal_msp.o
 .debug_info    0x00007df0     0x16c5 build/stm32f4xx_hal_timebase_TIM.o
 .debug_info    0x000094b5     0x162b build/stm32f4xx_ll_fsmc.o
 .debug_info    0x0000aae0     0x1799 build/stm32f4xx_hal_sram.o
 .debug_info    0x0000c279     0x3fdc build/stm32f4xx_hal_tim.o
 .debug_info    0x00010255     0x1fe7 build/stm32f4xx_hal_tim_ex.o
 .debug_info    0x0001223c     0x155b build/stm32f4xx_hal_rcc.o
 .debug_info    0x00013797     0x10e9 build/stm32f4xx_hal_rcc_ex.o
 .debug_info    0x00014880     0x11af build/stm32f4xx_hal_flash.o
 .debug_info    0x00015a2f     0x12cc build/stm32f4xx_hal_flash_ex.o
 .debug_info    0x00016cfb     0x123b build/stm32f4xx_hal_gpio.o
 .debug_info    0x00017f36     0x15ae build/stm32f4xx_hal_dma.o
 .debug_info    0x000194e4     0x3291 build/stm32f4xx_hal_sd.o
 .debug_info    0x0001c775     0x23d7 build/stm32f4xx_ll_sdmmc.o
 .debug_info    0x0001eb4c     0x2454 build/stm32f4xx_hal_uart.o
 .debug_info    0x00020fa0     0x1b69 build/stm32f4xx_hal_cortex.o
 .debug_info    0x00022b09     0x1492 build/stm32f4xx_hal.o
 .debug_info    0x00023f9b     0x1c35 build/stm32_adafruit_lcd.o
 .debug_info    0x00025bd0     0x1c63 build/ili9488.o
 .debug_info    0x00027833     0x1476 build/lcd_io_fsmc16.o
 .debug_info    0x00028ca9      0x164 build/font8.o
 .debug_info    0x00028e0d     0x1538 build/usart.o
 .debug_info    0x0002a345      0xfe8 build/fatfs.o
 .debug_info    0x0002b32d     0x17dc build/bsp_driver_sd.o
 .debug_info    0x0002cb09     0x11b6 build/sd_diskio.o
 .debug_info    0x0002dcbf      0xe5e build/ff_gen_drv.o
 .debug_info    0x0002eb1d     0x584e build/ff.o
 .debug_info    0x0003436b      0xf11 build/diskio.o
 .debug_info    0x0003527c      0xc2f build/ccsbcs.o
 .debug_info    0x00035eab     0x1a50 build/flash_file.o
 .debug_info    0x000378fb     0x23c4 build/firmware.o
 .debug_info    0x00039cbf      0xf61 build/system_stm32f4xx.o
 .debug_info    0x0003ac20       0x22 build/startup_stm32f407xx.o

.debug_abbrev   0x00000000     0x687a
 .debug_abbrev  0x00000000      0x464 build/main.o
 .debug_abbrev  0x00000464      0x2d2 build/stm32f4xx_it.o
 .debug_abbrev  0x00000736      0x31a build/stm32f4xx_hal_msp.o
 .debug_abbrev  0x00000a50      0x2b7 build/stm32f4xx_hal_timebase_TIM.o
 .debug_abbrev  0x00000d07      0x2bd build/stm32f4xx_ll_fsmc.o
 .debug_abbrev  0x00000fc4      0x2cf build/stm32f4xx_hal_sram.o
 .debug_abbrev  0x00001293      0x360 build/stm32f4xx_hal_tim.o
 .debug_abbrev  0x000015f3      0x346 build/stm32f4xx_hal_tim_ex.o
 .debug_abbrev  0x00001939      0x37f build/stm32f4xx_hal_rcc.o
 .debug_abbrev  0x00001cb8      0x2b5 build/stm32f4xx_hal_rcc_ex.o
 .debug_abbrev  0x00001f6d      0x3a8 build/stm32f4xx_hal_flash.o
 .debug_abbrev  0x00002315      0x365 build/stm32f4xx_hal_flash_ex.o
 .debug_abbrev  0x0000267a      0x30a build/stm32f4xx_hal_gpio.o
 .debug_abbrev  0x00002984      0x39c build/stm32f4xx_hal_dma.o
 .debug_abbrev  0x00002d20      0x381 build/stm32f4xx_hal_sd.o
 .debug_abbrev  0x000030a1      0x32a build/stm32f4xx_ll_sdmmc.o
 .debug_abbrev  0x000033cb      0x3b3 build/stm32f4xx_hal_uart.o
 .debug_abbrev  0x0000377e      0x462 build/stm32f4xx_hal_cortex.o
 .debug_abbrev  0x00003be0      0x325 build/stm32f4xx_hal.o
 .debug_abbrev  0x00003f05      0x34e build/stm32_adafruit_lcd.o
 .debug_abbrev  0x00004253      0x2c8 build/ili9488.o
 .debug_abbrev  0x0000451b      0x289 build/lcd_io_fsmc16.o
 .debug_abbrev  0x000047a4       0xae build/font8.o
 .debug_abbrev  0x00004852      0x2a2 build/usart.o
 .debug_abbrev  0x00004af4      0x25a build/fatfs.o
 .debug_abbrev  0x00004d4e      0x344 build/bsp_driver_sd.o
 .debug_abbrev  0x00005092      0x2be build/sd_diskio.o
 .debug_abbrev  0x00005350      0x2b7 build/ff_gen_drv.o
 .debug_abbrev  0x00005607      0x39c build/ff.o
 .debug_abbrev  0x000059a3      0x294 build/diskio.o
 .debug_abbrev  0x00005c37      0x231 build/ccsbcs.o
 .debug_abbrev  0x00005e68      0x401 build/flash_file.o
 .debug_abbrev  0x00006269      0x3e5 build/firmware.o
 .debug_abbrev  0x0000664e      0x21a build/system_stm32f4xx.o
 .debug_abbrev  0x00006868       0x12 build/startup_stm32f407xx.o

.debug_loc      0x00000000    0x1d3a7
 .debug_loc     0x00000000      0x403 build/main.o
 .debug_loc     0x00000403      0x18d build/stm32f4xx_it.o
 .debug_loc     0x00000590      0x3db build/stm32f4xx_hal_msp.o
 .debug_loc     0x0000096b       0xbc build/stm32f4xx_hal_timebase_TIM.o
 .debug_loc     0x00000a27      0x970 build/stm32f4xx_ll_fsmc.o
 .debug_loc     0x00001397      0xbfa build/stm32f4xx_hal_sram.o
 .debug_loc     0x00001f91     0x480b build/stm32f4xx_hal_tim.o
 .debug_loc     0x0000679c     0x13fb build/stm32f4xx_hal_tim_ex.o
 .debug_loc     0x00007b97      0x68d build/stm32f4xx_hal_rcc.o
 .debug_loc     0x00008224      0x485 build/stm32f4xx_hal_rcc_ex.o
 .debug_loc     0x000086a9      0x4aa build/stm32f4xx_hal_flash.o
 .debug_loc     0x00008b53      0x6c5 build/stm32f4xx_hal_flash_ex.o
 .debug_loc     0x00009218      0x5ca build/stm32f4xx_hal_gpio.o
 .debug_loc     0x000097e2      0xdd7 build/stm32f4xx_hal_dma.o
 .debug_loc     0x0000a5b9     0x289d build/stm32f4xx_hal_sd.o
 .debug_loc     0x0000ce56     0x1781 build/stm32f4xx_ll_sdmmc.o
 .debug_loc     0x0000e5d7     0x1dbe build/stm32f4xx_hal_uart.o
 .debug_loc     0x00010395      0x790 build/stm32f4xx_hal_cortex.o
 .debug_loc     0x00010b25      0x1cc build/stm32f4xx_hal.o
 .debug_loc     0x00010cf1     0x24d3 build/stm32_adafruit_lcd.o
 .debug_loc     0x000131c4      0x7a8 build/ili9488.o
 .debug_loc     0x0001396c      0x827 build/lcd_io_fsmc16.o
 .debug_loc     0x00014193      0x171 build/usart.o
 .debug_loc     0x00014304       0x20 build/fatfs.o
 .debug_loc     0x00014324      0x6e7 build/bsp_driver_sd.o
 .debug_loc     0x00014a0b      0x4e9 build/sd_diskio.o
 .debug_loc     0x00014ef4      0x2f7 build/ff_gen_drv.o
 .debug_loc     0x000151eb     0x6acb build/ff.o
 .debug_loc     0x0001bcb6      0x330 build/diskio.o
 .debug_loc     0x0001bfe6      0x36e build/ccsbcs.o
 .debug_loc     0x0001c354      0xae1 build/flash_file.o
 .debug_loc     0x0001ce35      0x406 build/firmware.o
 .debug_loc     0x0001d23b      0x16c build/system_stm32f4xx.o

.debug_aranges  0x00000000     0x1900
 .debug_aranges
                0x00000000       0x88 build/main.o
 .debug_aranges
                0x00000088       0x88 build/stm32f4xx_it.o
 .debug_aranges
                0x00000110       0x78 build/stm32f4xx_hal_msp.o
 .debug_aranges
                0x00000188       0x30 build/stm32f4xx_hal_timebase_TIM.o
 .debug_aranges
                0x000001b8       0xa8 build/stm32f4xx_ll_fsmc.o
 .debug_aranges
                0x00000260       0xa0 build/stm32f4xx_hal_sram.o
 .debug_aranges
                0x00000300      0x368 build/stm32f4xx_hal_tim.o
 .debug_aranges
                0x00000668      0x140 build/stm32f4xx_hal_tim_ex.o
 .debug_aranges
                0x000007a8       0x88 build/stm32f4xx_hal_rcc.o
 .debug_aranges
                0x00000830       0x48 build/stm32f4xx_hal_rcc_ex.o
 .debug_aranges
                0x00000878       0xa0 build/stm32f4xx_hal_flash.o
 .debug_aranges
                0x00000918       0x98 build/stm32f4xx_hal_flash_ex.o
 .debug_aranges
                0x000009b0       0x58 build/stm32f4xx_hal_gpio.o
 .debug_aranges
                0x00000a08       0x90 build/stm32f4xx_hal_dma.o
 .debug_aranges
                0x00000a98      0x168 build/stm32f4xx_hal_sd.o
 .debug_aranges
                0x00000c00      0x178 build/stm32f4xx_ll_sdmmc.o
 .debug_aranges
                0x00000d78      0x1d0 build/stm32f4xx_hal_uart.o
 .debug_aranges
                0x00000f48       0xa8 build/stm32f4xx_hal_cortex.o
 .debug_aranges
                0x00000ff0       0xe0 build/stm32f4xx_hal.o
 .debug_aranges
                0x000010d0      0x138 build/stm32_adafruit_lcd.o
 .debug_aranges
                0x00001208       0x98 build/ili9488.o
 .debug_aranges
                0x000012a0       0xb0 build/lcd_io_fsmc16.o
 .debug_aranges
                0x00001350       0x18 build/font8.o
 .debug_aranges
                0x00001368       0x38 build/usart.o
 .debug_aranges
                0x000013a0       0x28 build/fatfs.o
 .debug_aranges
                0x000013c8       0xc0 build/bsp_driver_sd.o
 .debug_aranges
                0x00001488       0x58 build/sd_diskio.o
 .debug_aranges
                0x000014e0       0x40 build/ff_gen_drv.o
 .debug_aranges
                0x00001520      0x230 build/ff.o
 .debug_aranges
                0x00001750       0x48 build/diskio.o
 .debug_aranges
                0x00001798       0x28 build/ccsbcs.o
 .debug_aranges
                0x000017c0       0x78 build/flash_file.o
 .debug_aranges
                0x00001838       0x78 build/firmware.o
 .debug_aranges
                0x000018b0       0x28 build/system_stm32f4xx.o
 .debug_aranges
                0x000018d8       0x28 build/startup_stm32f407xx.o

.debug_ranges   0x00000000     0x1778
 .debug_ranges  0x00000000       0x90 build/main.o
 .debug_ranges  0x00000090       0x78 build/stm32f4xx_it.o
 .debug_ranges  0x00000108       0x68 build/stm32f4xx_hal_msp.o
 .debug_ranges  0x00000170       0x20 build/stm32f4xx_hal_timebase_TIM.o
 .debug_ranges  0x00000190       0x98 build/stm32f4xx_ll_fsmc.o
 .debug_ranges  0x00000228       0x90 build/stm32f4xx_hal_sram.o
 .debug_ranges  0x000002b8      0x358 build/stm32f4xx_hal_tim.o
 .debug_ranges  0x00000610      0x130 build/stm32f4xx_hal_tim_ex.o
 .debug_ranges  0x00000740       0x90 build/stm32f4xx_hal_rcc.o
 .debug_ranges  0x000007d0       0x38 build/stm32f4xx_hal_rcc_ex.o
 .debug_ranges  0x00000808       0x90 build/stm32f4xx_hal_flash.o
 .debug_ranges  0x00000898       0x88 build/stm32f4xx_hal_flash_ex.o
 .debug_ranges  0x00000920       0x48 build/stm32f4xx_hal_gpio.o
 .debug_ranges  0x00000968       0x80 build/stm32f4xx_hal_dma.o
 .debug_ranges  0x000009e8      0x158 build/stm32f4xx_hal_sd.o
 .debug_ranges  0x00000b40      0x168 build/stm32f4xx_ll_sdmmc.o